Component: ARM Compiler 5.06 update 7 (build 960) Tool: armlink [4d3601]

==============================================================================

Section Cross References

    startup_stm32f407xx.o(STACK) refers (Special) to heapauxi.o(.text) for __use_two_region_memory
    startup_stm32f407xx.o(HEAP) refers (Special) to heapauxi.o(.text) for __use_two_region_memory
    startup_stm32f407xx.o(RESET) refers (Special) to heapauxi.o(.text) for __use_two_region_memory
    startup_stm32f407xx.o(RESET) refers to startup_stm32f407xx.o(STACK) for __initial_sp
    startup_stm32f407xx.o(RESET) refers to startup_stm32f407xx.o(.text) for Reset_Handler
    startup_stm32f407xx.o(RESET) refers to stm32f4xx_it.o(i.NMI_Handler) for NMI_Handler
    startup_stm32f407xx.o(RESET) refers to stm32f4xx_it.o(i.HardFault_Handler) for HardFault_Handler
    startup_stm32f407xx.o(RESET) refers to stm32f4xx_it.o(i.MemManage_Handler) for MemManage_Handler
    startup_stm32f407xx.o(RESET) refers to stm32f4xx_it.o(i.BusFault_Handler) for BusFault_Handler
    startup_stm32f407xx.o(RESET) refers to stm32f4xx_it.o(i.UsageFault_Handler) for UsageFault_Handler
    startup_stm32f407xx.o(RESET) refers to port.o(.emb_text) for SVC_Handler
    startup_stm32f407xx.o(RESET) refers to stm32f4xx_it.o(i.DebugMon_Handler) for DebugMon_Handler
    startup_stm32f407xx.o(RESET) refers to stm32f4xx_it.o(i.SysTick_Handler) for SysTick_Handler
    startup_stm32f407xx.o(RESET) refers to imu.o(i.EXTI4_IRQHandler) for EXTI4_IRQHandler
    startup_stm32f407xx.o(RESET) refers to dr16.o(i.DMA1_Stream1_IRQHandler) for DMA1_Stream1_IRQHandler
    startup_stm32f407xx.o(RESET) refers to can.o(i.CAN1_TX_IRQHandler) for CAN1_TX_IRQHandler
    startup_stm32f407xx.o(RESET) refers to can.o(i.CAN1_RX0_IRQHandler) for CAN1_RX0_IRQHandler
    startup_stm32f407xx.o(RESET) refers to tim9.o(i.TIM1_BRK_TIM9_IRQHandler) for TIM1_BRK_TIM9_IRQHandler
    startup_stm32f407xx.o(RESET) refers to usart.o(i.USART1_IRQHandler) for USART1_IRQHandler
    startup_stm32f407xx.o(RESET) refers to can.o(i.CAN2_TX_IRQHandler) for CAN2_TX_IRQHandler
    startup_stm32f407xx.o(RESET) refers to can.o(i.CAN2_RX0_IRQHandler) for CAN2_RX0_IRQHandler
    startup_stm32f407xx.o(RESET) refers to usart.o(i.DMA2_Stream6_IRQHandler) for DMA2_Stream6_IRQHandler
    startup_stm32f407xx.o(RESET) refers to usart.o(i.DMA2_Stream7_IRQHandler) for DMA2_Stream7_IRQHandler
    startup_stm32f407xx.o(RESET) refers to usart.o(i.USART6_IRQHandler) for USART6_IRQHandler
    startup_stm32f407xx.o(.text) refers (Special) to heapauxi.o(.text) for __use_two_region_memory
    startup_stm32f407xx.o(.text) refers to system_stm32f4xx.o(i.SystemInit) for SystemInit
    startup_stm32f407xx.o(.text) refers to __main.o(!!!main) for __main
    startup_stm32f407xx.o(.text) refers to startup_stm32f407xx.o(HEAP) for Heap_Mem
    startup_stm32f407xx.o(.text) refers to startup_stm32f407xx.o(STACK) for Stack_Mem
    stm32f4xx_adc.o(i.ADC_DeInit) refers to stm32f4xx_rcc.o(i.RCC_APB2PeriphResetCmd) for RCC_APB2PeriphResetCmd
    stm32f4xx_can.o(i.CAN_DeInit) refers to stm32f4xx_rcc.o(i.RCC_APB1PeriphResetCmd) for RCC_APB1PeriphResetCmd
    stm32f4xx_can.o(i.CAN_GetITStatus) refers to stm32f4xx_can.o(i.CheckITStatus) for CheckITStatus
    stm32f4xx_cryp.o(i.CRYP_DeInit) refers to stm32f4xx_rcc.o(i.RCC_AHB2PeriphResetCmd) for RCC_AHB2PeriphResetCmd
    stm32f4xx_cryp_aes.o(i.CRYP_AES_CBC) refers to stm32f4xx_cryp.o(i.CRYP_KeyStructInit) for CRYP_KeyStructInit
    stm32f4xx_cryp_aes.o(i.CRYP_AES_CBC) refers to stm32f4xx_cryp.o(i.CRYP_FIFOFlush) for CRYP_FIFOFlush
    stm32f4xx_cryp_aes.o(i.CRYP_AES_CBC) refers to stm32f4xx_cryp.o(i.CRYP_Init) for CRYP_Init
    stm32f4xx_cryp_aes.o(i.CRYP_AES_CBC) refers to stm32f4xx_cryp.o(i.CRYP_KeyInit) for CRYP_KeyInit
    stm32f4xx_cryp_aes.o(i.CRYP_AES_CBC) refers to stm32f4xx_cryp.o(i.CRYP_Cmd) for CRYP_Cmd
    stm32f4xx_cryp_aes.o(i.CRYP_AES_CBC) refers to stm32f4xx_cryp.o(i.CRYP_GetFlagStatus) for CRYP_GetFlagStatus
    stm32f4xx_cryp_aes.o(i.CRYP_AES_CBC) refers to stm32f4xx_cryp.o(i.CRYP_IVInit) for CRYP_IVInit
    stm32f4xx_cryp_aes.o(i.CRYP_AES_CBC) refers to stm32f4xx_cryp.o(i.CRYP_GetCmdStatus) for CRYP_GetCmdStatus
    stm32f4xx_cryp_aes.o(i.CRYP_AES_CBC) refers to stm32f4xx_cryp.o(i.CRYP_DataIn) for CRYP_DataIn
    stm32f4xx_cryp_aes.o(i.CRYP_AES_CBC) refers to stm32f4xx_cryp.o(i.CRYP_DataOut) for CRYP_DataOut
    stm32f4xx_cryp_aes.o(i.CRYP_AES_CCM) refers to stm32f4xx_cryp.o(i.CRYP_KeyStructInit) for CRYP_KeyStructInit
    stm32f4xx_cryp_aes.o(i.CRYP_AES_CCM) refers to stm32f4xx_cryp.o(i.CRYP_FIFOFlush) for CRYP_FIFOFlush
    stm32f4xx_cryp_aes.o(i.CRYP_AES_CCM) refers to stm32f4xx_cryp.o(i.CRYP_KeyInit) for CRYP_KeyInit
    stm32f4xx_cryp_aes.o(i.CRYP_AES_CCM) refers to stm32f4xx_cryp.o(i.CRYP_IVInit) for CRYP_IVInit
    stm32f4xx_cryp_aes.o(i.CRYP_AES_CCM) refers to stm32f4xx_cryp.o(i.CRYP_Init) for CRYP_Init
[...]
    __rt_lib_init_alloca_1                   0x0800025b   Thumb Code     0  libinit2.o(.ARM.Collect$$libinit$$0000002E)
    __rt_lib_init_argv_1                     0x0800025b   Thumb Code     0  libinit2.o(.ARM.Collect$$libinit$$0000002C)
    __rt_lib_init_atexit_1                   0x0800025b   Thumb Code     0  libinit2.o(.ARM.Collect$$libinit$$0000001B)
    __rt_lib_init_clock_1                    0x0800025b   Thumb Code     0  libinit2.o(.ARM.Collect$$libinit$$00000021)
    __rt_lib_init_cpp_1                      0x0800025b   Thumb Code     0  libinit2.o(.ARM.Collect$$libinit$$00000032)
    __rt_lib_init_exceptions_1               0x0800025b   Thumb Code     0  libinit2.o(.ARM.Collect$$libinit$$00000030)
    __rt_lib_init_fp_trap_1                  0x0800025b   Thumb Code     0  libinit2.o(.ARM.Collect$$libinit$$0000001F)
    __rt_lib_init_getenv_1                   0x0800025b   Thumb Code     0  libinit2.o(.ARM.Collect$$libinit$$00000023)
    __rt_lib_init_heap_1                     0x0800025b   Thumb Code     0  libinit2.o(.ARM.Collect$$libinit$$0000000A)
    __rt_lib_init_lc_collate_1               0x0800025b   Thumb Code     0  libinit2.o(.ARM.Collect$$libinit$$00000011)
    __rt_lib_init_lc_ctype_1                 0x0800025b   Thumb Code     0  libinit2.o(.ARM.Collect$$libinit$$00000013)
    __rt_lib_init_lc_monetary_1              0x0800025b   Thumb Code     0  libinit2.o(.ARM.Collect$$libinit$$00000015)
    __rt_lib_init_lc_numeric_1               0x0800025b   Thumb Code     0  libinit2.o(.ARM.Collect$$libinit$$00000017)
    __rt_lib_init_lc_time_1                  0x0800025b   Thumb Code     0  libinit2.o(.ARM.Collect$$libinit$$00000019)
    __rt_lib_init_preinit_1                  0x0800025b   Thumb Code     0  libinit2.o(.ARM.Collect$$libinit$$00000004)
    __rt_lib_init_rand_1                     0x0800025b   Thumb Code     0  libinit2.o(.ARM.Collect$$libinit$$0000000E)
    __rt_lib_init_return                     0x0800025b   Thumb Code     0  libinit2.o(.ARM.Collect$$libinit$$00000033)
    __rt_lib_init_signal_1                   0x0800025b   Thumb Code     0  libinit2.o(.ARM.Collect$$libinit$$0000001D)
    __rt_lib_init_stdio_1                    0x0800025b   Thumb Code     0  libinit2.o(.ARM.Collect$$libinit$$00000025)
    __rt_lib_init_user_alloc_1               0x0800025b   Thumb Code     0  libinit2.o(.ARM.Collect$$libinit$$0000000C)
    __rt_lib_shutdown                        0x0800025d   Thumb Code     0  libshutdown.o(.ARM.Collect$$libshutdown$$00000000)
    __rt_lib_shutdown_cpp_1                  0x0800025f   Thumb Code     0  libshutdown2.o(.ARM.Collect$$libshutdown$$00000004)
    __rt_lib_shutdown_fini_1                 0x0800025f   Thumb Code     0  libshutdown2.o(.ARM.Collect$$libshutdown$$00000002)
    __rt_lib_shutdown_fp_trap_1              0x0800025f   Thumb Code     0  libshutdown2.o(.ARM.Collect$$libshutdown$$00000009)
    __rt_lib_shutdown_heap_1                 0x0800025f   Thumb Code     0  libshutdown2.o(.ARM.Collect$$libshutdown$$00000011)
    __rt_lib_shutdown_return                 0x0800025f   Thumb Code     0  libshutdown2.o(.ARM.Collect$$libshutdown$$00000012)
    __rt_lib_shutdown_signal_1               0x0800025f   Thumb Code     0  libshutdown2.o(.ARM.Collect$$libshutdown$$0000000C)
    __rt_lib_shutdown_stdio_1                0x0800025f   Thumb Code     0  libshutdown2.o(.ARM.Collect$$libshutdown$$00000006)
    __rt_lib_shutdown_user_alloc_1           0x0800025f   Thumb Code     0  libshutdown2.o(.ARM.Collect$$libshutdown$$0000000E)
    __rt_entry                               0x08000261   Thumb Code     0  __rtentry.o(.ARM.Collect$$rtentry$$00000000)
    __rt_entry_presh_1                       0x08000261   Thumb Code     0  __rtentry2.o(.ARM.Collect$$rtentry$$00000002)
    __rt_entry_sh                            0x08000261   Thumb Code     0  __rtentry4.o(.ARM.Collect$$rtentry$$00000004)
    __rt_entry_li                            0x08000267   Thumb Code     0  __rtentry2.o(.ARM.Collect$$rtentry$$0000000A)
    __rt_entry_postsh_1                      0x08000267   Thumb Code     0  __rtentry2.o(.ARM.Collect$$rtentry$$00000009)
    __rt_entry_main                          0x0800026b   Thumb Code     0  __rtentry2.o(.ARM.Collect$$rtentry$$0000000D)
    __rt_entry_postli_1                      0x0800026b   Thumb Code     0  __rtentry2.o(.ARM.Collect$$rtentry$$0000000C)
    __rt_exit                                0x08000273   Thumb Code     0  rtexit.o(.ARM.Collect$$rtexit$$00000000)
    __rt_exit_ls                             0x08000275   Thumb Code     0  rtexit2.o(.ARM.Collect$$rtexit$$00000003)
    __rt_exit_prels_1                        0x08000275   Thumb Code     0  rtexit2.o(.ARM.Collect$$rtexit$$00000002)
    __rt_exit_exit                           0x08000279   Thumb Code     0  rtexit2.o(.ARM.Collect$$rtexit$$00000004)
    SVC_Handler                              0x08000281   Thumb Code    28  port.o(.emb_text)
    __asm___6_port_c_39a90d8d__prvStartFirstTask 0x080002a1   Thumb Code    28  port.o(.emb_text)
    __asm___6_port_c_39a90d8d__prvEnableVFP  0x080002c1   Thumb Code    16  port.o(.emb_text)
    PendSV_Handler                           0x080002d5   Thumb Code    88  port.o(.emb_text)
    vPortGetIPSR                             0x08000331   Thumb Code     6  port.o(.emb_text)
    Reset_Handler                            0x08000339   Thumb Code     8  startup_stm32f407xx.o(.text)
    ADC_IRQHandler                           0x08000353   Thumb Code     0  startup_stm32f407xx.o(.text)
    CAN1_RX1_IRQHandler                      0x08000353   Thumb Code     0  startup_stm32f407xx.o(.text)
    CAN1_SCE_IRQHandler                      0x08000353   Thumb Code     0  startup_stm32f407xx.o(.text)
    CAN2_RX1_IRQHandler                      0x08000353   Thumb Code     0  startup_stm32f407xx.o(.text)
    CAN2_SCE_IRQHandler                      0x08000353   Thumb Code     0  startup_stm32f407xx.o(.text)
    DCMI_IRQHandler                          0x08000353   Thumb Code     0  startup_stm32f407xx.o(.text)
    DMA1_Stream0_IRQHandler                  0x08000353   Thumb Code     0  startup_stm32f407xx.o(.text)
    DMA1_Stream2_IRQHandler                  0x08000353   Thumb Code     0  startup_stm32f407xx.o(.text)
    DMA1_Stream3_IRQHandler                  0x08000353   Thumb Code     0  startup_stm32f407xx.o(.text)
    DMA1_Stream4_IRQHandler                  0x08000353   Thumb Code     0  startup_stm32f407xx.o(.text)
    DMA1_Stream5_IRQHandler                  0x08000353   Thumb Code     0  startup_stm32f407xx.o(.text)
    DMA1_Stream6_IRQHandler                  0x08000353   Thumb Code     0  startup_stm32f407xx.o(.text)
    DMA1_Stream7_IRQHandler                  0x08000353   Thumb Code     0  startup_stm32f407xx.o(.text)
    DMA2_Stream0_IRQHandler                  0x08000353   Thumb Code     0  startup_stm32f407xx.o(.text)
    DMA2_Stream1_IRQHandler                  0x08000353   Thumb Code     0  startup_stm32f407xx.o(.text)
    DMA2_Stream2_IRQHandler                  0x08000353   Thumb Code     0  startup_stm32f407xx.o(.text)
    DMA2_Stream3_IRQHandler                  0x08000353   Thumb Code     0  startup_stm32f407xx.o(.text)
    DMA2_Stream4_IRQHandler                  0x08000353   Thumb Code     0  startup_stm32f407xx.o(.text)
    DMA2_Stream5_IRQHandler                  0x08000353   Thumb Code     0  startup_stm32f407xx.o(.text)
    ETH_IRQHandler                           0x08000353   Thumb Code     0  startup_stm32f407xx.o(.text)
    ETH_WKUP_IRQHandler                      0x08000353   Thumb Code     0  startup_stm32f407xx.o(.text)
    EXTI0_IRQHandler                         0x08000353   Thumb Code     0  startup_stm32f407xx.o(.text)
    EXTI15_10_IRQHandler                     0x08000353   Thumb Code     0  startup_stm32f407xx.o(.text)
    EXTI1_IRQHandler                         0x08000353   Thumb Code     0  startup_stm32f407xx.o(.text)
    EXTI2_IRQHandler                         0x08000353   Thumb Code     0  startup_stm32f407xx.o(.text)
    EXTI3_IRQHandler                         0x08000353   Thumb Code     0  startup_stm32f407xx.o(.text)
    EXTI9_5_IRQHandler                       0x08000353   Thumb Code     0  startup_stm32f407xx.o(.text)
    FLASH_IRQHandler                         0x08000353   Thumb Code     0  startup_stm32f407xx.o(.text)
    FMC_IRQHandler                           0x08000353   Thumb Code     0  startup_stm32f407xx.o(.text)
    FPU_IRQHandler                           0x08000353   Thumb Code     0  startup_stm32f407xx.o(.text)
    HASH_RNG_IRQHandler                      0x08000353   Thumb Code     0  startup_stm32f407xx.o(.text)
    I2C1_ER_IRQHandler                       0x08000353   Thumb Code     0  startup_stm32f407xx.o(.text)
    I2C1_EV_IRQHandler                       0x08000353   Thumb Code     0  startup_stm32f407xx.o(.text)
    I2C2_ER_IRQHandler                       0x08000353   Thumb Code     0  startup_stm32f407xx.o(.text)
    I2C2_EV_IRQHandler                       0x08000353   Thumb Code     0  startup_stm32f407xx.o(.text)
    I2C3_ER_IRQHandler                       0x08000353   Thumb Code     0  startup_stm32f407xx.o(.text)
    I2C3_EV_IRQHandler                       0x08000353   Thumb Code     0  startup_stm32f407xx.o(.text)
    OTG_FS_IRQHandler                        0x08000353   Thumb Code     0  startup_stm32f407xx.o(.text)
    OTG_FS_WKUP_IRQHandler                   0x08000353   Thumb Code     0  startup_stm32f407xx.o(.text)
    OTG_HS_EP1_IN_IRQHandler                 0x08000353   Thumb Code     0  startup_stm32f407xx.o(.text)
    OTG_HS_EP1_OUT_IRQHandler                0x08000353   Thumb Code     0  startup_stm32f407xx.o(.text)
    OTG_HS_IRQHandler                        0x08000353   Thumb Code     0  startup_stm32f407xx.o(.text)
    OTG_HS_WKUP_IRQHandler                   0x08000353   Thumb Code     0  startup_stm32f407xx.o(.text)
    PVD_IRQHandler                           0x08000353   Thumb Code     0  startup_stm32f407xx.o(.text)
    RCC_IRQHandler                           0x08000353   Thumb Code     0  startup_stm32f407xx.o(.text)
    RTC_Alarm_IRQHandler                     0x08000353   Thumb Code     0  startup_stm32f407xx.o(.text)
    RTC_WKUP_IRQHandler                      0x08000353   Thumb Code     0  startup_stm32f407xx.o(.text)
    SDIO_IRQHandler                          0x08000353   Thumb Code     0  startup_stm32f407xx.o(.text)
    SPI1_IRQHandler                          0x08000353   Thumb Code     0  startup_stm32f407xx.o(.text)
    SPI2_IRQHandler                          0x08000353   Thumb Code     0  startup_stm32f407xx.o(.text)
    SPI3_IRQHandler                          0x08000353   Thumb Code     0  startup_stm32f407xx.o(.text)
    TAMP_STAMP_IRQHandler                    0x08000353   Thumb Code     0  startup_stm32f407xx.o(.text)
    TIM1_CC_IRQHandler                       0x08000353   Thumb Code     0  startup_stm32f407xx.o(.text)
    TIM1_TRG_COM_TIM11_IRQHandler            0x08000353   Thumb Code     0  startup_stm32f407xx.o(.text)
    TIM1_UP_TIM10_IRQHandler                 0x08000353   Thumb Code     0  startup_stm32f407xx.o(.text)
    TIM2_IRQHandler                          0x08000353   Thumb Code     0  startup_stm32f407xx.o(.text)
    TIM3_IRQHandler                          0x08000353   Thumb Code     0  startup_stm32f407xx.o(.text)
    TIM4_IRQHandler                          0x08000353   Thumb Code     0  startup_stm32f407xx.o(.text)
    TIM5_IRQHandler                          0x08000353   Thumb Code     0  startup_stm32f407xx.o(.text)
    TIM6_DAC_IRQHandler                      0x08000353   Thumb Code     0  startup_stm32f407xx.o(.text)
    TIM7_IRQHandler                          0x08000353   Thumb Code     0  startup_stm32f407xx.o(.text)
    TIM8_BRK_TIM12_IRQHandler                0x08000353   Thumb Code     0  startup_stm32f407xx.o(.text)
    TIM8_CC_IRQHandler                       0x08000353   Thumb Code     0  startup_stm32f407xx.o(.text)
    TIM8_TRG_COM_TIM14_IRQHandler            0x08000353   Thumb Code     0  startup_stm32f407xx.o(.text)
    TIM8_UP_TIM13_IRQHandler                 0x08000353   Thumb Code     0  startup_stm32f407xx.o(.text)
    UART4_IRQHandler                         0x08000353   Thumb Code     0  startup_stm32f407xx.o(.text)
    UART5_IRQHandler                         0x08000353   Thumb Code     0  startup_stm32f407xx.o(.text)
    USART2_IRQHandler                        0x08000353   Thumb Code     0  startup_stm32f407xx.o(.text)
    USART3_IRQHandler                        0x08000353   Thumb Code     0  startup_stm32f407xx.o(.text)
    WWDG_IRQHandler                          0x08000353   Thumb Code     0  startup_stm32f407xx.o(.text)
    __user_initial_stackheap                 0x08000355   Thumb Code     0  startup_stm32f407xx.o(.text)
    __use_no_semihosting                     0x08000379   Thumb Code     2  use_no_semi_2.o(.text)
    __2printf                                0x0800037d   Thumb Code    20  noretval__2printf.o(.text)
    __printf                                 0x08000395   Thumb Code   104  __printf.o(.text)
    _printf_str                              0x080003fd   Thumb Code    82  _printf_str.o(.text)
    _printf_int_dec                          0x08000451   Thumb Code   104  _printf_dec.o(.text)
    __use_two_region_memory                  0x080004c9   Thumb Code     2  heapauxi.o(.text)
    __rt_heap_escrow$2region                 0x080004cb   Thumb Code     2  heapauxi.o(.text)
    __rt_heap_expand$2region                 0x080004cd   Thumb Code     2  heapauxi.o(.text)
    __I$use$semihosting                      0x080004cf   Thumb Code     0  use_no_semi.o(.text)
    __use_no_semihosting_swi                 0x080004cf   Thumb Code     2  use_no_semi.o(.text)
    __read_errno                             0x080004d1   Thumb Code    10  _rserrno.o(.text)
    __set_errno                              0x080004db   Thumb Code    12  _rserrno.o(.text)
    _printf_int_common                       0x080004e7   Thumb Code   178  _printf_intcommon.o(.text)
    _printf_cs_common                        0x08000599   Thumb Code    20  _printf_char.o(.text)
    _printf_char                             0x080005ad   Thumb Code    16  _printf_char.o(.text)
    _printf_string                           0x080005bd   Thumb Code     8  _printf_char.o(.text)
    _printf_char_file                        0x080005c5   Thumb Code    32  _printf_char_file.o(.text)
    __aeabi_errno_addr                       0x080005e9   Thumb Code     8  rt_errno_addr_intlibspace.o(.text)
    __errno$intlibspace                      0x080005e9   Thumb Code     0  rt_errno_addr_intlibspace.o(.text)
    __rt_errno_addr$intlibspace              0x080005e9   Thumb Code     0  rt_errno_addr_intlibspace.o(.text)
    _printf_char_common                      0x080005fb   Thumb Code    32  _printf_char_common.o(.text)
    ferror                                   0x08000621   Thumb Code     8  ferror.o(.text)
    __user_libspace                          0x08000629   Thumb Code     8  libspace.o(.text)
    __user_perproc_libspace                  0x08000629   Thumb Code     0  libspace.o(.text)
    __user_perthread_libspace                0x08000629   Thumb Code     0  libspace.o(.text)
    __user_setup_stackheap                   0x08000631   Thumb Code    74  sys_stackheap_outer.o(.text)
    exit                                     0x0800067b   Thumb Code    18  exit.o(.text)
    BMI088_ACCEL_NS_H                        0x0800068d   Thumb Code    12  bmi088.o(i.BMI088_ACCEL_NS_H)
    BMI088_ACCEL_NS_L                        0x0800069d   Thumb Code    12  bmi088.o(i.BMI088_ACCEL_NS_L)
    BMI088_GYRO_NS_H                         0x080006ad   Thumb Code    12  bmi088.o(i.BMI088_GYRO_NS_H)
    BMI088_GYRO_NS_L                         0x080006bd   Thumb Code    12  bmi088.o(i.BMI088_GYRO_NS_L)
    BMI088_Interrupt_InitConfig              0x080006cd   Thumb Code   124  bmi088.o(i.BMI088_Interrupt_InitConfig)
    BMI088_delay_ms                          0x0800074d   Thumb Code    26  bmi088.o(i.BMI088_delay_ms)
    BMI088_delay_us                          0x08000767   Thumb Code    74  bmi088.o(i.BMI088_delay_us)
    BMI088_init                              0x080007b1   Thumb Code    42  bmi088.o(i.BMI088_init)
    BMI088_read                              0x080007dd   Thumb Code   396  bmi088.o(i.BMI088_read)
    BMI088_read_write_byte                   0x080009b5   Thumb Code    50  spi.o(i.BMI088_read_write_byte)
    BaseHardwork_Init                        0x08000a01   Thumb Code    50  main.o(i.BaseHardwork_Init)
    Beep_Change_Music                        0x08000a35   Thumb Code   154  beep.o(i.Beep_Change_Music)
    Beep_Init                                0x08000ad9   Thumb Code   156  beep.o(i.Beep_Init)
    Beep_OFF                                 0x08000b7d   Thumb Code    12  beep.o(i.Beep_OFF)
    Beep_ON                                  0x08000b8d   Thumb Code    12  beep.o(i.Beep_ON)
    BusFault_Handler                         0x08000b9d   Thumb Code     4  stm32f4xx_it.o(i.BusFault_Handler)
    CAN1_Init                                0x08000ba1   Thumb Code   284  can.o(i.CAN1_Init)
    CAN1_RX0_IRQHandler                      0x08000cc5   Thumb Code   316  can.o(i.CAN1_RX0_IRQHandler)
    CAN1_TX_IRQHandler                       0x08000e35   Thumb Code    28  can.o(i.CAN1_TX_IRQHandler)
    CAN2_Init                                0x08000e59   Thumb Code   294  can.o(i.CAN2_Init)
    CAN2_RX0_IRQHandler                      0x08000f89   Thumb Code   166  can.o(i.CAN2_RX0_IRQHandler)
    CAN2_TX                                  0x08001045   Thumb Code   352  can.o(i.CAN2_TX)
    CAN2_TX_IRQHandler                       0x080011cd   Thumb Code    28  can.o(i.CAN2_TX_IRQHandler)
    CAN_ClearITPendingBit                    0x080011f1   Thumb Code   162  stm32f4xx_can.o(i.CAN_ClearITPendingBit)
    CAN_DeInit                               0x08001299   Thumb Code    50  stm32f4xx_can.o(i.CAN_DeInit)
    CAN_FilterInit                           0x080012d1   Thumb Code   258  stm32f4xx_can.o(i.CAN_FilterInit)
    CAN_GetITStatus                          0x080013d9   Thumb Code   284  stm32f4xx_can.o(i.CAN_GetITStatus)
    CAN_ITConfig                             0x080014f9   Thumb Code    18  stm32f4xx_can.o(i.CAN_ITConfig)
    CAN_Init                                 0x0800150b   Thumb Code   276  stm32f4xx_can.o(i.CAN_Init)
    CAN_Receive                              0x0800161f   Thumb Code   240  stm32f4xx_can.o(i.CAN_Receive)
    CAN_StructInit                           0x0800170f   Thumb Code    32  stm32f4xx_can.o(i.CAN_StructInit)
    CAN_Transmit                             0x0800172f   Thumb Code   294  stm32f4xx_can.o(i.CAN_Transmit)
    Contron_TX_Jiont                         0x08001869   Thumb Code   486  usart.o(i.Contron_TX_Jiont)
    Coordinate_Inverse                       0x08001a79   Thumb Code   766  gait.o(i.Coordinate_Inverse)
    DBUS_Receive_Data_Task                   0x08001dc1   Thumb Code   256  dr16.o(i.DBUS_Receive_Data_Task)
    DMA1_Stream1_IRQHandler                  0x08001ec9   Thumb Code    60  dr16.o(i.DMA1_Stream1_IRQHandler)
    DMA2_Stream6_IRQHandler                  0x08001f15   Thumb Code    40  usart.o(i.DMA2_Stream6_IRQHandler)
    DMA2_Stream7_IRQHandler                  0x08001f45   Thumb Code    40  usart.o(i.DMA2_Stream7_IRQHandler)
    DMA_ClearFlag                            0x08001f75   Thumb Code    38  stm32f4xx_dma.o(i.DMA_ClearFlag)
    DMA_ClearITPendingBit                    0x08001fa9   Thumb Code    38  stm32f4xx_dma.o(i.DMA_ClearITPendingBit)
    DMA_Cmd                                  0x08001fdd   Thumb Code    22  stm32f4xx_dma.o(i.DMA_Cmd)
    DMA_DeInit                               0x08001ff5   Thumb Code   324  stm32f4xx_dma.o(i.DMA_DeInit)
    DMA_GetITStatus                          0x0800214d   Thumb Code    82  stm32f4xx_dma.o(i.DMA_GetITStatus)
    DMA_ITConfig                             0x080021b1   Thumb Code    58  stm32f4xx_dma.o(i.DMA_ITConfig)
    DMA_Init                                 0x080021ed   Thumb Code    82  stm32f4xx_dma.o(i.DMA_Init)
    DMA_SetCurrDataCounter                   0x08002245   Thumb Code     4  stm32f4xx_dma.o(i.DMA_SetCurrDataCounter)
    DR16_InitConfig                          0x08002249   Thumb Code   276  dr16.o(i.DR16_InitConfig)
    DebugMon_Handler                         0x08002379   Thumb Code     2  stm32f4xx_it.o(i.DebugMon_Handler)
    EXTI4_IRQHandler                         0x0800237d   Thumb Code    50  imu.o(i.EXTI4_IRQHandler)
    EXTI_ClearITPendingBit                   0x080023b9   Thumb Code     6  stm32f4xx_exti.o(i.EXTI_ClearITPendingBit)
    EXTI_GetITStatus                         0x080023c5   Thumb Code    20  stm32f4xx_exti.o(i.EXTI_GetITStatus)
    EXTI_Init                                0x080023dd   Thumb Code   142  stm32f4xx_exti.o(i.EXTI_Init)
    Foot_Direction_Init                      0x08002471   Thumb Code   116  move_control.o(i.Foot_Direction_Init)
    Foot_Dynamic_Control                     0x08002515   Thumb Code  1656  gait.o(i.Foot_Dynamic_Control)
    GPIO_Init                                0x08002b95   Thumb Code   144  stm32f4xx_gpio.o(i.GPIO_Init)
    GPIO_PinAFConfig                         0x08002c25   Thumb Code    70  stm32f4xx_gpio.o(i.GPIO_PinAFConfig)
    GPIO_ResetBits                           0x08002c6b   Thumb Code     4  stm32f4xx_gpio.o(i.GPIO_ResetBits)
    GPIO_SetBits                             0x08002c6f   Thumb Code     4  stm32f4xx_gpio.o(i.GPIO_SetBits)
    GPIO_ToggleBits                          0x08002c73   Thumb Code     8  stm32f4xx_gpio.o(i.GPIO_ToggleBits)
    HardFault_Handler                        0x08002c7b   Thumb Code     4  stm32f4xx_it.o(i.HardFault_Handler)
    Heart_Task                               0x08002c81   Thumb Code   246  led.o(i.Heart_Task)
    Heat_Init                                0x08002d99   Thumb Code   152  bmi088.o(i.Heat_Init)
    IMU_Get_Data                             0x08002e39   Thumb Code   584  imu.o(i.IMU_Get_Data)
    IMU_Get_Data_Task                        0x080030a9   Thumb Code   296  imu.o(i.IMU_Get_Data_Task)
    Jiont_Motor_FOC_Init                     0x080031ed   Thumb Code   322  foc.o(i.Jiont_Motor_FOC_Init)
    Jiont_Motor_PID_Init                     0x08003359   Thumb Code  1672  foc.o(i.Jiont_Motor_PID_Init)
    KalmanFilter                             0x08003a21   Thumb Code   134  kalman.o(i.KalmanFilter)
    LED_Init                                 0x08003aa9   Thumb Code    94  led.o(i.LED_Init)
    Laser_InitConfig                         0x08003b0d   Thumb Code    60  laser.o(i.Laser_InitConfig)
    Leg_Deinit                               0x08003b4d   Thumb Code   152  gait.o(i.Leg_Deinit)
    MPU6500_Gyro_Cali                        0x08003bed   Thumb Code   320  imu.o(i.MPU6500_Gyro_Cali)
    MahonyAHRSupdateIMU                      0x08003d41   Thumb Code   976  imu.o(i.MahonyAHRSupdateIMU)
    MemManage_Handler                        0x08004139   Thumb Code     4  stm32f4xx_it.o(i.MemManage_Handler)
    Move_Control_Task                        0x0800413d   Thumb Code   138  move_control.o(i.Move_Control_Task)
    NMI_Handler                              0x080041ed   Thumb Code     2  stm32f4xx_it.o(i.NMI_Handler)
    NVIC_Init                                0x080041f1   Thumb Code   106  misc.o(i.NVIC_Init)
    NVIC_PriorityGroupConfig                 0x08004269   Thumb Code    10  misc.o(i.NVIC_PriorityGroupConfig)
    Pid_Calc                                 0x0800427d   Thumb Code   742  foc.o(i.Pid_Calc)
    RCC_AHB1PeriphClockCmd                   0x0800457d   Thumb Code    26  stm32f4xx_rcc.o(i.RCC_AHB1PeriphClockCmd)
    RCC_APB1PeriphClockCmd                   0x0800459d   Thumb Code    26  stm32f4xx_rcc.o(i.RCC_APB1PeriphClockCmd)
    RCC_APB1PeriphResetCmd                   0x080045bd   Thumb Code    26  stm32f4xx_rcc.o(i.RCC_APB1PeriphResetCmd)
    RCC_APB2PeriphClockCmd                   0x080045dd   Thumb Code    26  stm32f4xx_rcc.o(i.RCC_APB2PeriphClockCmd)
    RCC_APB2PeriphResetCmd                   0x080045fd   Thumb Code    26  stm32f4xx_rcc.o(i.RCC_APB2PeriphResetCmd)
    RCC_GetClocksFreq                        0x0800461d   Thumb Code   214  stm32f4xx_rcc.o(i.RCC_GetClocksFreq)
    SPI_Cmd                                  0x08004705   Thumb Code    24  stm32f4xx_spi.o(i.SPI_Cmd)
    SPI_GPIO_InitConfig                      0x0800471d   Thumb Code   268  spi.o(i.SPI_GPIO_InitConfig)
    SPI_I2S_GetFlagStatus                    0x08004835   Thumb Code    18  stm32f4xx_spi.o(i.SPI_I2S_GetFlagStatus)
    SPI_I2S_ReceiveData                      0x08004847   Thumb Code     6  stm32f4xx_spi.o(i.SPI_I2S_ReceiveData)
    SPI_I2S_SendData                         0x0800484d   Thumb Code     4  stm32f4xx_spi.o(i.SPI_I2S_SendData)
    SPI_Init                                 0x08004851   Thumb Code    60  stm32f4xx_spi.o(i.SPI_Init)
    SYSCFG_EXTILineConfig                    0x0800488d   Thumb Code    60  stm32f4xx_syscfg.o(i.SYSCFG_EXTILineConfig)
    Shrink                                   0x080049b9   Thumb Code    40  gait.o(i.Shrink)
    Slide                                    0x080049f9   Thumb Code   170  gait.o(i.Slide)
    SysTick_CLKSourceConfig                  0x08004ab9   Thumb Code    40  misc.o(i.SysTick_CLKSourceConfig)
    SysTick_Handler                          0x08004ae1   Thumb Code    16  stm32f4xx_it.o(i.SysTick_Handler)
    SystemInit                               0x08004af1   Thumb Code    88  system_stm32f4xx.o(i.SystemInit)
    TIM1_BRK_TIM9_IRQHandler                 0x08004b59   Thumb Code    32  tim9.o(i.TIM1_BRK_TIM9_IRQHandler)
    TIM9_Init                                0x08004b81   Thumb Code    96  tim9.o(i.TIM9_Init)
    TIM_ARRPreloadConfig                     0x08004be5   Thumb Code    24  stm32f4xx_tim.o(i.TIM_ARRPreloadConfig)
    TIM_ClearFlag                            0x08004bfd   Thumb Code     6  stm32f4xx_tim.o(i.TIM_ClearFlag)
    TIM_ClearITPendingBit                    0x08004c03   Thumb Code     6  stm32f4xx_tim.o(i.TIM_ClearITPendingBit)
    TIM_Cmd                                  0x08004c09   Thumb Code    24  stm32f4xx_tim.o(i.TIM_Cmd)
    TIM_GetITStatus                          0x08004c21   Thumb Code    34  stm32f4xx_tim.o(i.TIM_GetITStatus)
    TIM_ITConfig                             0x08004c43   Thumb Code    18  stm32f4xx_tim.o(i.TIM_ITConfig)
    TIM_OC1Init                              0x08004c55   Thumb Code   114  stm32f4xx_tim.o(i.TIM_OC1Init)
    TIM_OC1PreloadConfig                     0x08004cd1   Thumb Code    18  stm32f4xx_tim.o(i.TIM_OC1PreloadConfig)
    TIM_OC3Init                              0x08004ce5   Thumb Code   150  stm32f4xx_tim.o(i.TIM_OC3Init)
    TIM_OC3PreloadConfig                     0x08004d85   Thumb Code    18  stm32f4xx_tim.o(i.TIM_OC3PreloadConfig)
    TIM_SetCompare3                          0x08004d97   Thumb Code     4  stm32f4xx_tim.o(i.TIM_SetCompare3)
    TIM_TimeBaseInit                         0x08004d9d   Thumb Code   104  stm32f4xx_tim.o(i.TIM_TimeBaseInit)
    TX2_Decode_Task                          0x08004e21   Thumb Code   120  usart.o(i.TX2_Decode_Task)
    TX2_Init                                 0x08004ea1   Thumb Code   430  usart.o(i.TX2_Init)
    USART1_IRQHandler                        0x08005065   Thumb Code   336  usart.o(i.USART1_IRQHandler)
    USART1_Init                              0x080051e1   Thumb Code   470  usart.o(i.USART1_Init)
    USART3_Send_TX2                          0x080053d5   Thumb Code   174  usart.o(i.USART3_Send_TX2)
    USART6_IRQHandler                        0x08005495   Thumb Code    92  usart.o(i.USART6_IRQHandler)
    USART_Cmd                                0x08005501   Thumb Code    24  stm32f4xx_usart.o(i.USART_Cmd)
    USART_DMACmd                             0x08005519   Thumb Code    18  stm32f4xx_usart.o(i.USART_DMACmd)
    USART_DeInit                             0x0800552d   Thumb Code   206  stm32f4xx_usart.o(i.USART_DeInit)
    USART_GetFlagStatus                      0x0800561d   Thumb Code    26  stm32f4xx_usart.o(i.USART_GetFlagStatus)
    USART_GetITStatus                        0x08005637   Thumb Code    84  stm32f4xx_usart.o(i.USART_GetITStatus)
    USART_ITConfig                           0x0800568b   Thumb Code    74  stm32f4xx_usart.o(i.USART_ITConfig)
    USART_Init                               0x080056d5   Thumb Code   204  stm32f4xx_usart.o(i.USART_Init)
    USART_SendData                           0x080057a9   Thumb Code     8  stm32f4xx_usart.o(i.USART_SendData)
    UsageFault_Handler                       0x080057b1   Thumb Code     4  stm32f4xx_it.o(i.UsageFault_Handler)
    Wheel_Motor_PID_Init                     0x080057b5   Thumb Code   786  foc.o(i.Wheel_Motor_PID_Init)
    __ARM_fpclassify                         0x08005ae9   Thumb Code    48  fpclassify.o(i.__ARM_fpclassify)
    __ARM_fpclassifyf                        0x08005b19   Thumb Code    38  fpclassifyf.o(i.__ARM_fpclassifyf)
    __hardfp_asin                            0x08005b41   Thumb Code   770  asin.o(i.__hardfp_asin)
    __hardfp_asinf                           0x08005ea1   Thumb Code   258  asinf.o(i.__hardfp_asinf)
    __hardfp_atan                            0x08005fd1   Thumb Code   622  atan.o(i.__hardfp_atan)
    __hardfp_atan2f                          0x080062a9   Thumb Code   594  atan2f.o(i.__hardfp_atan2f)
    __hardfp_cos                             0x08006559   Thumb Code   180  cos.o(i.__hardfp_cos)
    __hardfp_fabs                            0x08006621   Thumb Code    20  fabs.o(i.__hardfp_fabs)
    __hardfp_sin                             0x08006639   Thumb Code   180  sin.o(i.__hardfp_sin)
    __hardfp_sqrt                            0x08006701   Thumb Code   122  sqrt.o(i.__hardfp_sqrt)
    __ieee754_rem_pio2                       0x08006781   Thumb Code   938  rred.o(i.__ieee754_rem_pio2)
    __kernel_cos                             0x08006bb9   Thumb Code   322  cos_i.o(i.__kernel_cos)
    __kernel_poly                            0x08006d29   Thumb Code   248  poly.o(i.__kernel_poly)
    __kernel_sin                             0x08006e21   Thumb Code   280  sin_i.o(i.__kernel_sin)
    __mathlib_dbl_infnan                     0x08006f51   Thumb Code    20  dunder.o(i.__mathlib_dbl_infnan)
    __mathlib_dbl_invalid                    0x08006f69   Thumb Code    24  dunder.o(i.__mathlib_dbl_invalid)
    __mathlib_dbl_underflow                  0x08006f89   Thumb Code    24  dunder.o(i.__mathlib_dbl_underflow)
    __mathlib_flt_infnan                     0x08006fa9   Thumb Code     6  funder.o(i.__mathlib_flt_infnan)
    __mathlib_flt_infnan2                    0x08006faf   Thumb Code     6  funder.o(i.__mathlib_flt_infnan2)
    __mathlib_flt_invalid                    0x08006fb5   Thumb Code    10  funder.o(i.__mathlib_flt_invalid)
    __mathlib_flt_underflow                  0x08006fc5   Thumb Code    10  funder.o(i.__mathlib_flt_underflow)
    _sys_exit                                0x08006fd5   Thumb Code     4  usart.o(i._sys_exit)
    bmi088_accel_init                        0x08006fd9   Thumb Code   290  bmi088.o(i.bmi088_accel_init)
    bmi088_gyro_init                         0x08007101   Thumb Code   238  bmi088.o(i.bmi088_gyro_init)
    delay_init                               0x080071f5   Thumb Code    58  delay.o(i.delay_init)
    delay_ms                                 0x08007239   Thumb Code    60  delay.o(i.delay_ms)
    delay_us                                 0x08007279   Thumb Code    68  delay.o(i.delay_us)
    fabs                                     0x080072c1   Thumb Code    24  fabs.o(i.fabs)
    float_to_uint                            0x080072d9   Thumb Code    50  can.o(i.float_to_uint)
    fputc                                    0x0800730d   Thumb Code    32  usart.o(i.fputc)
    invSqrt                                  0x08007331   Thumb Code    56  imu.o(i.invSqrt)
    kalmanCreate                             0x0800736d   Thumb Code    50  kalman.o(i.kalmanCreate)
    main                                     0x080073a5   Thumb Code    28  main.o(i.main)
    pvPortMalloc                             0x0800785d   Thumb Code   262  heap_4.o(i.pvPortMalloc)
    pxPortInitialiseStack                    0x080079ad   Thumb Code    38  port.o(i.pxPortInitialiseStack)
    shortTou8                                0x080079d9   Thumb Code    12  usart.o(i.shortTou8)
    sqrt                                     0x080079e5   Thumb Code   110  sqrt.o(i.sqrt)
    sqrtf                                    0x08007a53   Thumb Code    62  sqrtf.o(i.sqrtf)
    startTask                                0x08007a91   Thumb Code    24  app_task.o(i.startTask)
    start_task                               0x08007abd   Thumb Code   126  app_task.o(i.start_task)
    uint_to_float                            0x08007bc5   Thumb Code    52  can.o(i.uint_to_float)
    ulTaskNotifyTake                         0x08007bf9   Thumb Code   108  tasks.o(i.ulTaskNotifyTake)
    uxListRemove                             0x08007c6d   Thumb Code    40  list.o(i.uxListRemove)
    vListInitialise                          0x08007c95   Thumb Code    26  list.o(i.vListInitialise)
    vListInitialiseItem                      0x08007caf   Thumb Code     6  list.o(i.vListInitialiseItem)
    vListInsert                              0x08007cb5   Thumb Code    52  list.o(i.vListInsert)
    vListInsertEnd                           0x08007ce9   Thumb Code    24  list.o(i.vListInsertEnd)
    vPortEnterCritical                       0x08007d01   Thumb Code    68  port.o(i.vPortEnterCritical)
    vPortExitCritical                        0x08007d85   Thumb Code    48  port.o(i.vPortExitCritical)
    vPortFree                                0x08007df1   Thumb Code   120  heap_4.o(i.vPortFree)
    vPortSetupTimerInterrupt                 0x08007ea5   Thumb Code    26  port.o(i.vPortSetupTimerInterrupt)
    vPortValidateInterruptPriority           0x08007ec5   Thumb Code    86  port.o(i.vPortValidateInterruptPriority)
    vTaskDelay                               0x08007f61   Thumb Code    72  tasks.o(i.vTaskDelay)
    vTaskDelete                              0x08007fd9   Thumb Code   192  tasks.o(i.vTaskDelete)
    vTaskNotifyGiveFromISR                   0x080080e9   Thumb Code   194  tasks.o(i.vTaskNotifyGiveFromISR)
    vTaskStartScheduler                      0x080081ed   Thumb Code   102  tasks.o(i.vTaskStartScheduler)
    vTaskSuspendAll                          0x0800829d   Thumb Code    12  tasks.o(i.vTaskSuspendAll)
    vTaskSwitchContext                       0x080082ad   Thumb Code   110  tasks.o(i.vTaskSwitchContext)
    xPortStartScheduler                      0x08008359   Thumb Code   258  port.o(i.xPortStartScheduler)
    xPortSysTickHandler                      0x080084b1   Thumb Code    46  port.o(i.xPortSysTickHandler)
    xTaskCreate                              0x080084e5   Thumb Code    96  tasks.o(i.xTaskCreate)
    xTaskGetSchedulerState                   0x08008545   Thumb Code    24  tasks.o(i.xTaskGetSchedulerState)
    xTaskIncrementTick                       0x08008565   Thumb Code   272  tasks.o(i.xTaskIncrementTick)
    xTaskResumeAll                           0x080086c9   Thumb Code   214  tasks.o(i.xTaskResumeAll)
    __aeabi_dneg                             0x080087ed   Thumb Code     0  basic.o(x$fpl$basic)
    _dneg                                    0x080087ed   Thumb Code     6  basic.o(x$fpl$basic)
    __aeabi_fneg                             0x080087f3   Thumb Code     0  basic.o(x$fpl$basic)
    _fneg                                    0x080087f3   Thumb Code     6  basic.o(x$fpl$basic)
    _dabs                                    0x080087f9   Thumb Code     6  basic.o(x$fpl$basic)
    _fabs                                    0x080087ff   Thumb Code     6  basic.o(x$fpl$basic)
    __aeabi_d2f                              0x08008805   Thumb Code     0  d2f.o(x$fpl$d2f)
    _d2f                                     0x08008805   Thumb Code    98  d2f.o(x$fpl$d2f)
    __aeabi_dadd                             0x08008869   Thumb Code     0  daddsub_clz.o(x$fpl$dadd)
    _dadd                                    0x08008869   Thumb Code   332  daddsub_clz.o(x$fpl$dadd)
    __fpl_dcmp_Inf                           0x080089b9   Thumb Code    24  dcmpi.o(x$fpl$dcmpinf)
    __aeabi_ddiv                             0x080089d1   Thumb Code     0  ddiv.o(x$fpl$ddiv)
    _ddiv                                    0x080089d1   Thumb Code   552  ddiv.o(x$fpl$ddiv)
    __aeabi_cdcmpeq                          0x08008c81   Thumb Code     0  deqf.o(x$fpl$deqf)
    _dcmpeq                                  0x08008c81   Thumb Code   120  deqf.o(x$fpl$deqf)
    __aeabi_d2iz                             0x08008cf9   Thumb Code     0  dfix.o(x$fpl$dfix)
    _dfix                                    0x08008cf9   Thumb Code    94  dfix.o(x$fpl$dfix)
    __aeabi_i2d                              0x08008d57   Thumb Code     0  dflt_clz.o(x$fpl$dflt)
    _dflt                                    0x08008d57   Thumb Code    46  dflt_clz.o(x$fpl$dflt)
    __aeabi_ui2d                             0x08008d85   Thumb Code     0  dflt_clz.o(x$fpl$dfltu)
    _dfltu                                   0x08008d85   Thumb Code    38  dflt_clz.o(x$fpl$dfltu)
    __aeabi_cdcmple                          0x08008dad   Thumb Code     0  dleqf.o(x$fpl$dleqf)
    _dcmple                                  0x08008dad   Thumb Code   120  dleqf.o(x$fpl$dleqf)
    __fpl_dcmple_InfNaN                      0x08008e0f   Thumb Code     0  dleqf.o(x$fpl$dleqf)
    __aeabi_dmul                             0x08008e25   Thumb Code     0  dmul.o(x$fpl$dmul)
    _dmul                                    0x08008e25   Thumb Code   332  dmul.o(x$fpl$dmul)
    __fpl_dnaninf                            0x08008f79   Thumb Code   156  dnaninf.o(x$fpl$dnaninf)
    __fpl_dretinf                            0x08009015   Thumb Code    12  dretinf.o(x$fpl$dretinf)
    __aeabi_cdrcmple                         0x08009021   Thumb Code     0  drleqf.o(x$fpl$drleqf)
    _drcmple                                 0x08009021   Thumb Code   108  drleqf.o(x$fpl$drleqf)
    __aeabi_drsub                            0x0800908d   Thumb Code     0  daddsub_clz.o(x$fpl$drsb)
    _drsb                                    0x0800908d   Thumb Code    22  daddsub_clz.o(x$fpl$drsb)
    _dsqrt                                   0x080090a5   Thumb Code   404  dsqrt_umaal.o(x$fpl$dsqrt)
    __aeabi_dsub                             0x0800923d   Thumb Code     0  daddsub_clz.o(x$fpl$dsub)
    _dsub                                    0x0800923d   Thumb Code   464  daddsub_clz.o(x$fpl$dsub)
    __aeabi_f2d                              0x08009411   Thumb Code     0  f2d.o(x$fpl$f2d)
    _f2d                                     0x08009411   Thumb Code    86  f2d.o(x$fpl$f2d)
    __fpl_fnaninf                            0x08009467   Thumb Code   140  fnaninf.o(x$fpl$fnaninf)
    _fp_init                                 0x080094f3   Thumb Code    10  fpinit.o(x$fpl$fpinit)
    __fplib_config_fpu_vfp                   0x080094fb   Thumb Code     0  fpinit.o(x$fpl$fpinit)
    __fplib_config_pureend_doubles           0x080094fb   Thumb Code     0  fpinit.o(x$fpl$fpinit)
    __fpl_fretinf                            0x080094fd   Thumb Code    10  fretinf.o(x$fpl$fretinf)
    __I$use$fp                               0x08009506   Number         0  usenofp.o(x$fpl$usenofp)
    Region$$Table$$Base                      0x08009710   Number         0  anon$$obj.o(Region$$Table)
    Region$$Table$$Limit                     0x08009730   Number         0  anon$$obj.o(Region$$Table)
    pxCurrentTCB                             0x20000034   Data           4  tasks.o(.data)
    SystemCoreClock                          0x20000074   Data           4  system_stm32f4xx.o(.data)
    AHBPrescTable                            0x20000078   Data          16  system_stm32f4xx.o(.data)
    tune1                                    0x20000088   Data         168  beep.o(.data)
    delay1                                   0x20000130   Data         168  beep.o(.data)
    Music_length1                            0x200001d8   Data           4  beep.o(.data)
    tune2                                    0x200001dc   Data         260  beep.o(.data)
    delay2                                   0x200002e0   Data         260  beep.o(.data)
    Music_length2                            0x200003e4   Data           4  beep.o(.data)
    GetTick                                  0x200003e8   Data           4  tim9.o(.data)
    CPU_RunTime                              0x200003ec   Data           4  tim9.o(.data)
    TX2_Decode_Task_Handler                  0x200003f4   Data           4  app_task.o(.data)
    DBUS_Receive_Data_Task_Handler           0x200003f8   Data           4  app_task.o(.data)
    IMU_Get_Data_Task_Handler                0x200003fc   Data           4  app_task.o(.data)
    Move_Control_Task_Handler                0x20000400   Data           4  app_task.o(.data)
    Heart_Task_Handler                       0x20000404   Data           4  app_task.o(.data)
    __stdout                                 0x20000408   Data           4  usart.o(.data)
    CAN_DATA_CMD_ON                          0x20000414   Data           8  can.o(.data)
    CAN_DATA_CMD_OFF                         0x2000041c   Data           8  can.o(.data)
    CAN_DATA_CMD_SET_0                       0x20000424   Data           8  can.o(.data)
    CAN_DATA_CMD_Change_ID                   0x2000042c   Data           8  can.o(.data)
    BMI088_ACCEL_SEN                         0x20000434   Data           4  bmi088.o(.data)
    BMI088_GYRO_SEN                          0x20000438   Data           4  bmi088.o(.data)
    MPU_id                                   0x20000460   Data           1  imu.o(.data)
    last_update                              0x20000464   Data           4  imu.o(.data)
    now_update                               0x20000468   Data           4  imu.o(.data)
    IMU_OFFset_Flag                          0x2000046c   Data           1  imu.o(.data)
    quat                                     0x20000470   Data          16  imu.o(.data)
    KI                                       0x20000480   Data           4  imu.o(.data)
    twoKp                                    0x20000484   Data           4  imu.o(.data)
    twoKi                                    0x20000488   Data           4  imu.o(.data)
    integralFBx                              0x2000048c   Data           4  imu.o(.data)
    integralFBy                              0x20000490   Data           4  imu.o(.data)
    integralFBz                              0x20000494   Data           4  imu.o(.data)
    step_back_flag                           0x20000498   Data           1  gait.o(.data)
    gait_mode_turn                           0x20000499   Data           1  gait.o(.data)
    fornt_back_flag                          0x2000049a   Data           1  gait.o(.data)
    TIM_t                                    0x2000049c   Data           4  gait.o(.data)
    leg_turn_mix_flag                        0x200004a0   Data           1  gait.o(.data)
    DBUS_buffer                              0x20009790   Data          18  dr16.o(.bss)
    DBUS                                     0x200097a2   Data          22  dr16.o(.bss)
    Send_TX2_Data_TypeStruct                 0x200097b8   Data          10  usart.o(.bss)
    Receive_TX2_Data_TypeStruct              0x200097c2   Data           9  usart.o(.bss)
    Usart6Rx_Info                            0x200097cb   Data          10  usart.o(.bss)
    Send_TX2                                 0x200097d5   Data          10  usart.o(.bss)
    C_To_F407_Tx                             0x200097df   Data          18  usart.o(.bss)
    F407_To_C_Rx                             0x200097f1   Data          18  usart.o(.bss)
    Wheel_Motor_PID_201                      0x20009804   Data         104  foc.o(.bss)
    Wheel_Motor_PID_202                      0x2000986c   Data         104  foc.o(.bss)
    Wheel_Motor_PID_203                      0x200098d4   Data         104  foc.o(.bss)
    Wheel_Motor_PID_204                      0x2000993c   Data         104  foc.o(.bss)
    Jiont_Motor_PID_LF_U                     0x200099a4   Data         104  foc.o(.bss)
    Jiont_Motor_PID_LF_D                     0x20009a0c   Data         104  foc.o(.bss)
    Jiont_Motor_PID_LB_U                     0x20009a74   Data         104  foc.o(.bss)
    Jiont_Motor_PID_LB_D                     0x20009adc   Data         104  foc.o(.bss)
    Jiont_Motor_PID_RB_U                     0x20009b44   Data         104  foc.o(.bss)
    Jiont_Motor_PID_RB_D                     0x20009bac   Data         104  foc.o(.bss)
    Jiont_Motor_PID_RF_U                     0x20009c14   Data         104  foc.o(.bss)
    Jiont_Motor_PID_RF_D                     0x20009c7c   Data         104  foc.o(.bss)
    Joint_LF_U                               0x20009ce4   Data          40  can.o(.bss)
    Joint_LF_D                               0x20009d0c   Data          40  can.o(.bss)
    Joint_LB_U                               0x20009d34   Data          40  can.o(.bss)
    Joint_LB_D                               0x20009d5c   Data          40  can.o(.bss)
    Joint_RB_U                               0x20009d84   Data          40  can.o(.bss)
    Joint_RB_D                               0x20009dac   Data          40  can.o(.bss)
    Joint_RF_U                               0x20009dd4   Data          40  can.o(.bss)
    Joint_RF_D                               0x20009dfc   Data          40  can.o(.bss)
    Wheel_LF                                 0x20009e24   Data          10  can.o(.bss)
    Wheel_LB                                 0x20009e2e   Data          10  can.o(.bss)
    Wheel_RB                                 0x20009e38   Data          10  can.o(.bss)
    Wheel_RF                                 0x20009e42   Data          10  can.o(.bss)
    Jiont_Motor_Unpack_CAN1                  0x20009e4c   Data          40  can.o(.bss)
    CAN1_Rx_Message                          0x20009e74   Data          20  can.o(.bss)
    IMU_Raw_Data                             0x20009e88   Data          40  imu.o(.bss)
    IMU_Real_Data                            0x20009eb0   Data          52  imu.o(.bss)
    IMU_Offset_Data                          0x20009ee4   Data          52  imu.o(.bss)
    Left_Front_Leg_Struct                    0x20009f18   Data          52  gait.o(.bss)
    Left_Back_Leg_Struct                     0x20009f4c   Data          52  gait.o(.bss)
    Right_Back_Leg_Struct                    0x20009f80   Data          52  gait.o(.bss)
    Right_Front_Leg_Struct                   0x20009fb4   Data          52  gait.o(.bss)
    __libspace_start                         0x20009fe8   Data          96  libspace.o(.bss)
    __temporary_stack_top$libspace           0x2000a048   Data           0  libspace.o(.bss)



==============================================================================

Memory Map of the image

  Image Entry point : 0x08000189

  Load Region LR_IROM1 (Base: 0x08000000, Size: 0x00009bdc, Max: 0x00100000, ABSOLUTE, COMPRESSED[0x00009894])

    Execution Region ER_IROM1 (Exec base: 0x08000000, Load base: 0x08000000, Size: 0x00009730, Max: 0x00100000, ABSOLUTE)

    Exec Addr    Load Addr    Size         Type   Attr      Idx    E Section Name        Object

    0x08000000   0x08000000   0x00000188   Data   RO            3    RESET               startup_stm32f407xx.o
    0x08000188   0x08000188   0x00000008   Code   RO         6951  * !!!main             c_w.l(__main.o)
    0x08000190   0x08000190   0x00000034   Code   RO         7335    !!!scatter          c_w.l(__scatter.o)
    0x080001c4   0x080001c4   0x00000064   Code   RO         7333    !!dclz77c           c_w.l(__dclz77c.o)
    0x08000228   0x08000228   0x0000001c   Code   RO         7337    !!handler_zi        c_w.l(__scatter_zi.o)
    0x08000244   0x08000244   0x00000000   Code   RO         6946    .ARM.Collect$$_printf_percent$$00000000  c_w.l(_printf_percent.o)
    0x08000244   0x08000244   0x00000006   Code   RO         6945    .ARM.Collect$$_printf_percent$$00000009  c_w.l(_printf_d.o)
    0x0800024a   0x0800024a   0x00000006   Code   RO         6944    .ARM.Collect$$_printf_percent$$00000014  c_w.l(_printf_s.o)
    0x08000250   0x08000250   0x00000004   Code   RO         7082    .ARM.Collect$$_printf_percent$$00000017  c_w.l(_printf_percent_end.o)
    0x08000254   0x08000254   0x00000002   Code   RO         7208    .ARM.Collect$$libinit$$00000000  c_w.l(libinit.o)
    0x08000256   0x08000256   0x00000004   Code   RO         7211    .ARM.Collect$$libinit$$00000001  c_w.l(libinit2.o)
    0x0800025a   0x0800025a   0x00000000   Code   RO         7214    .ARM.Collect$$libinit$$00000004  c_w.l(libinit2.o)
    0x0800025a   0x0800025a   0x00000000   Code   RO         7217    .ARM.Collect$$libinit$$0000000A  c_w.l(libinit2.o)
    0x0800025a   0x0800025a   0x00000000   Code   RO         7219    .ARM.Collect$$libinit$$0000000C  c_w.l(libinit2.o)
    0x0800025a   0x0800025a   0x00000000   Code   RO         7221    .ARM.Collect$$libinit$$0000000E  c_w.l(libinit2.o)
    0x0800025a   0x0800025a   0x00000000   Code   RO         7224    .ARM.Collect$$libinit$$00000011  c_w.l(libinit2.o)
    0x0800025a   0x0800025a   0x00000000   Code   RO         7226    .ARM.Collect$$libinit$$00000013  c_w.l(libinit2.o)
    0x0800025a   0x0800025a   0x00000000   Code   RO         7228    .ARM.Collect$$libinit$$00000015  c_w.l(libinit2.o)
    0x0800025a   0x0800025a   0x00000000   Code   RO         7230    .ARM.Collect$$libinit$$00000017  c_w.l(libinit2.o)
    0x0800025a   0x0800025a   0x00000000   Code   RO         7232    .ARM.Collect$$libinit$$00000019  c_w.l(libinit2.o)
    0x0800025a   0x0800025a   0x00000000   Code   RO         7234    .ARM.Collect$$libinit$$0000001B  c_w.l(libinit2.o)
    0x0800025a   0x0800025a   0x00000000   Code   RO         7236    .ARM.Collect$$libinit$$0000001D  c_w.l(libinit2.o)
    0x0800025a   0x0800025a   0x00000000   Code   RO         7238    .ARM.Collect$$libinit$$0000001F  c_w.l(libinit2.o)
    0x0800025a   0x0800025a   0x00000000   Code   RO         7240    .ARM.Collect$$libinit$$00000021  c_w.l(libinit2.o)
    0x0800025a   0x0800025a   0x00000000   Code   RO         7242    .ARM.Collect$$libinit$$00000023  c_w.l(libinit2.o)
    0x0800025a   0x0800025a   0x00000000   Code   RO         7244    .ARM.Collect$$libinit$$00000025  c_w.l(libinit2.o)
    0x0800025a   0x0800025a   0x00000000   Code   RO         7248    .ARM.Collect$$libinit$$0000002C  c_w.l(libinit2.o)
    0x0800025a   0x0800025a   0x00000000   Code   RO         7250    .ARM.Collect$$libinit$$0000002E  c_w.l(libinit2.o)
    0x0800025a   0x0800025a   0x00000000   Code   RO         7252    .ARM.Collect$$libinit$$00000030  c_w.l(libinit2.o)
    0x0800025a   0x0800025a   0x00000000   Code   RO         7254    .ARM.Collect$$libinit$$00000032  c_w.l(libinit2.o)
    0x0800025a   0x0800025a   0x00000002   Code   RO         7255    .ARM.Collect$$libinit$$00000033  c_w.l(libinit2.o)
    0x0800025c   0x0800025c   0x00000002   Code   RO         7273    .ARM.Collect$$libshutdown$$00000000  c_w.l(libshutdown.o)
    0x0800025e   0x0800025e   0x00000000   Code   RO         7283    .ARM.Collect$$libshutdown$$00000002  c_w.l(libshutdown2.o)
    0x0800025e   0x0800025e   0x00000000   Code   RO         7285    .ARM.Collect$$libshutdown$$00000004  c_w.l(libshutdown2.o)
    0x0800025e   0x0800025e   0x00000000   Code   RO         7287    .ARM.Collect$$libshutdown$$00000006  c_w.l(libshutdown2.o)
    0x0800025e   0x0800025e   0x00000000   Code   RO         7290    .ARM.Collect$$libshutdown$$00000009  c_w.l(libshutdown2.o)
    0x0800025e   0x0800025e   0x00000000   Code   RO         7293    .ARM.Collect$$libshutdown$$0000000C  c_w.l(libshutdown2.o)
    0x0800025e   0x0800025e   0x00000000   Code   RO         7295    .ARM.Collect$$libshutdown$$0000000E  c_w.l(libshutdown2.o)
    0x0800025e   0x0800025e   0x00000000   Code   RO         7298    .ARM.Collect$$libshutdown$$00000011  c_w.l(libshutdown2.o)
    0x0800025e   0x0800025e   0x00000002   Code   RO         7299    .ARM.Collect$$libshutdown$$00000012  c_w.l(libshutdown2.o)
    0x08000260   0x08000260   0x00000000   Code   RO         7073    .ARM.Collect$$rtentry$$00000000  c_w.l(__rtentry.o)
    0x08000260   0x08000260   0x00000000   Code   RO         7159    .ARM.Collect$$rtentry$$00000002  c_w.l(__rtentry2.o)
    0x08000260   0x08000260   0x00000006   Code   RO         7171    .ARM.Collect$$rtentry$$00000004  c_w.l(__rtentry4.o)
    0x08000266   0x08000266   0x00000000   Code   RO         7161    .ARM.Collect$$rtentry$$00000009  c_w.l(__rtentry2.o)
    0x08000266   0x08000266   0x00000004   Code   RO         7162    .ARM.Collect$$rtentry$$0000000A  c_w.l(__rtentry2.o)
    0x0800026a   0x0800026a   0x00000000   Code   RO         7164    .ARM.Collect$$rtentry$$0000000C  c_w.l(__rtentry2.o)
    0x0800026a   0x0800026a   0x00000008   Code   RO         7165    .ARM.Collect$$rtentry$$0000000D  c_w.l(__rtentry2.o)
    0x08000272   0x08000272   0x00000002   Code   RO         7209    .ARM.Collect$$rtexit$$00000000  c_w.l(rtexit.o)
    0x08000274   0x08000274   0x00000000   Code   RO         7257    .ARM.Collect$$rtexit$$00000002  c_w.l(rtexit2.o)
    0x08000274   0x08000274   0x00000004   Code   RO         7258    .ARM.Collect$$rtexit$$00000003  c_w.l(rtexit2.o)
    0x08000278   0x08000278   0x00000006   Code   RO         7259    .ARM.Collect$$rtexit$$00000004  c_w.l(rtexit2.o)
    0x0800027e   0x0800027e   0x00000002   PAD
    0x08000280   0x08000280   0x000000b6   Code   RO         4811    .emb_text           port.o
    0x08000336   0x08000336   0x00000002   PAD
    0x08000338   0x08000338   0x00000040   Code   RO            4    .text               startup_stm32f407xx.o
    0x08000378   0x08000378   0x00000002   Code   RO         6912    .text               c_w.l(use_no_semi_2.o)
    0x0800037a   0x0800037a   0x00000002   PAD
    0x0800037c   0x0800037c   0x00000018   Code   RO         6916    .text               c_w.l(noretval__2printf.o)
    0x08000394   0x08000394   0x00000068   Code   RO         6918    .text               c_w.l(__printf.o)
    0x080003fc   0x080003fc   0x00000052   Code   RO         6920    .text               c_w.l(_printf_str.o)
    0x0800044e   0x0800044e   0x00000002   PAD
    0x08000450   0x08000450   0x00000078   Code   RO         6922    .text               c_w.l(_printf_dec.o)
    0x080004c8   0x080004c8   0x00000006   Code   RO         6949    .text               c_w.l(heapauxi.o)
    0x080004ce   0x080004ce   0x00000002   Code   RO         7071    .text               c_w.l(use_no_semi.o)
    0x080004d0   0x080004d0   0x00000016   Code   RO         7074    .text               c_w.l(_rserrno.o)
    0x080004e6   0x080004e6   0x000000b2   Code   RO         7076    .text               c_w.l(_printf_intcommon.o)
    0x08000598   0x08000598   0x0000002c   Code   RO         7078    .text               c_w.l(_printf_char.o)
    0x080005c4   0x080005c4   0x00000024   Code   RO         7080    .text               c_w.l(_printf_char_file.o)
    0x080005e8   0x080005e8   0x00000008   Code   RO         7176    .text               c_w.l(rt_errno_addr_intlibspace.o)
    0x080005f0   0x080005f0   0x00000030   Code   RO         7178    .text               c_w.l(_printf_char_common.o)
    0x08000620   0x08000620   0x00000008   Code   RO         7180    .text               c_w.l(ferror.o)
    0x08000628   0x08000628   0x00000008   Code   RO         7194    .text               c_w.l(libspace.o)
    0x08000630   0x08000630   0x0000004a   Code   RO         7197    .text               c_w.l(sys_stackheap_outer.o)
    0x0800067a   0x0800067a   0x00000012   Code   RO         7201    .text               c_w.l(exit.o)
    0x0800068c   0x0800068c   0x00000010   Code   RO         6582    i.BMI088_ACCEL_NS_H  bmi088.o
    0x0800069c   0x0800069c   0x00000010   Code   RO         6583    i.BMI088_ACCEL_NS_L  bmi088.o
    0x080006ac   0x080006ac   0x00000010   Code   RO         6584    i.BMI088_GYRO_NS_H  bmi088.o
    0x080006bc   0x080006bc   0x00000010   Code   RO         6585    i.BMI088_GYRO_NS_L  bmi088.o
    0x080006cc   0x080006cc   0x00000080   Code   RO         6586    i.BMI088_Interrupt_InitConfig  bmi088.o
    0x0800074c   0x0800074c   0x0000001a   Code   RO         6587    i.BMI088_delay_ms   bmi088.o
    0x08000766   0x08000766   0x0000004a   Code   RO         6588    i.BMI088_delay_us   bmi088.o
    0x080007b0   0x080007b0   0x0000002a   Code   RO         6589    i.BMI088_init       bmi088.o
    0x080007da   0x080007da   0x00000002   PAD
    0x080007dc   0x080007dc   0x00000198   Code   RO         6590    i.BMI088_read       bmi088.o
    0x08000974   0x08000974   0x00000026   Code   RO         6591    i.BMI088_read_muli_reg  bmi088.o
    0x0800099a   0x0800099a   0x00000018   Code   RO         6592    i.BMI088_read_single_reg  bmi088.o
    0x080009b2   0x080009b2   0x00000002   PAD
    0x080009b4   0x080009b4   0x00000038   Code   RO         6067    i.BMI088_read_write_byte  spi.o
    0x080009ec   0x080009ec   0x00000014   Code   RO         6593    i.BMI088_write_single_reg  bmi088.o
    0x08000a00   0x08000a00   0x00000032   Code   RO         5689    i.BaseHardwork_Init  main.o
    0x08000a32   0x08000a32   0x00000002   PAD
    0x08000a34   0x08000a34   0x000000a4   Code   RO         5936    i.Beep_Change_Music  beep.o
    0x08000ad8   0x08000ad8   0x000000a4   Code   RO         5937    i.Beep_Init         beep.o
    0x08000b7c   0x08000b7c   0x00000010   Code   RO         5938    i.Beep_OFF          beep.o
    0x08000b8c   0x08000b8c   0x00000010   Code   RO         5939    i.Beep_ON           beep.o
    0x08000b9c   0x08000b9c   0x00000004   Code   RO         5836    i.BusFault_Handler  stm32f4xx_it.o
    0x08000ba0   0x08000ba0   0x00000124   Code   RO         6447    i.CAN1_Init         can.o
    0x08000cc4   0x08000cc4   0x00000170   Code   RO         6448    i.CAN1_RX0_IRQHandler  can.o
    0x08000e34   0x08000e34   0x00000024   Code   RO         6450    i.CAN1_TX_IRQHandler  can.o
    0x08000e58   0x08000e58   0x00000130   Code   RO         6452    i.CAN2_Init         can.o
    0x08000f88   0x08000f88   0x000000bc   Code   RO         6453    i.CAN2_RX0_IRQHandler  can.o
    0x08001044   0x08001044   0x00000188   Code   RO         6454    i.CAN2_TX           can.o
    0x080011cc   0x080011cc   0x00000024   Code   RO         6455    i.CAN2_TX_IRQHandler  can.o
    0x080011f0   0x080011f0   0x000000a8   Code   RO          405    i.CAN_ClearITPendingBit  stm32f4xx_can.o
    0x08001298   0x08001298   0x00000038   Code   RO          407    i.CAN_DeInit        stm32f4xx_can.o
    0x080012d0   0x080012d0   0x00000108   Code   RO          409    i.CAN_FilterInit    stm32f4xx_can.o
    0x080013d8   0x080013d8   0x00000120   Code   RO          411    i.CAN_GetITStatus   stm32f4xx_can.o
    0x080014f8   0x080014f8   0x00000012   Code   RO          415    i.CAN_ITConfig      stm32f4xx_can.o
    0x0800150a   0x0800150a   0x00000114   Code   RO          416    i.CAN_Init          stm32f4xx_can.o
    0x0800161e   0x0800161e   0x000000f0   Code   RO          419    i.CAN_Receive       stm32f4xx_can.o
    0x0800170e   0x0800170e   0x00000020   Code   RO          422    i.CAN_StructInit    stm32f4xx_can.o
    0x0800172e   0x0800172e   0x00000126   Code   RO          424    i.CAN_Transmit      stm32f4xx_can.o
    0x08001854   0x08001854   0x00000012   Code   RO          427    i.CheckITStatus     stm32f4xx_can.o
    0x08001866   0x08001866   0x00000002   PAD
    0x08001868   0x08001868   0x00000210   Code   RO         6256    i.Contron_TX_Jiont  usart.o
    0x08001a78   0x08001a78   0x00000348   Code   RO         6837    i.Coordinate_Inverse  gait.o
    0x08001dc0   0x08001dc0   0x00000108   Code   RO         6218    i.DBUS_Receive_Data_Task  dr16.o
    0x08001ec8   0x08001ec8   0x0000004c   Code   RO         6219    i.DMA1_Stream1_IRQHandler  dr16.o
    0x08001f14   0x08001f14   0x00000030   Code   RO         6257    i.DMA2_Stream6_IRQHandler  usart.o
    0x08001f44   0x08001f44   0x00000030   Code   RO         6258    i.DMA2_Stream7_IRQHandler  usart.o
    0x08001f74   0x08001f74   0x00000034   Code   RO         1104    i.DMA_ClearFlag     stm32f4xx_dma.o
    0x08001fa8   0x08001fa8   0x00000034   Code   RO         1105    i.DMA_ClearITPendingBit  stm32f4xx_dma.o
    0x08001fdc   0x08001fdc   0x00000016   Code   RO         1106    i.DMA_Cmd           stm32f4xx_dma.o
    0x08001ff2   0x08001ff2   0x00000002   PAD
    0x08001ff4   0x08001ff4   0x00000158   Code   RO         1107    i.DMA_DeInit        stm32f4xx_dma.o
    0x0800214c   0x0800214c   0x00000064   Code   RO         1116    i.DMA_GetITStatus   stm32f4xx_dma.o
    0x080021b0   0x080021b0   0x0000003a   Code   RO         1117    i.DMA_ITConfig      stm32f4xx_dma.o
    0x080021ea   0x080021ea   0x00000002   PAD
    0x080021ec   0x080021ec   0x00000058   Code   RO         1118    i.DMA_Init          stm32f4xx_dma.o
    0x08002244   0x08002244   0x00000004   Code   RO         1121    i.DMA_SetCurrDataCounter  stm32f4xx_dma.o
    0x08002248   0x08002248   0x00000130   Code   RO         6220    i.DR16_InitConfig   dr16.o
    0x08002378   0x08002378   0x00000002   Code   RO         5837    i.DebugMon_Handler  stm32f4xx_it.o
    0x0800237a   0x0800237a   0x00000002   PAD
    0x0800237c   0x0800237c   0x0000003c   Code   RO         6745    i.EXTI4_IRQHandler  imu.o
    0x080023b8   0x080023b8   0x0000000c   Code   RO         1364    i.EXTI_ClearITPendingBit  stm32f4xx_exti.o
    0x080023c4   0x080023c4   0x00000018   Code   RO         1368    i.EXTI_GetITStatus  stm32f4xx_exti.o
    0x080023dc   0x080023dc   0x00000094   Code   RO         1369    i.EXTI_Init         stm32f4xx_exti.o
    0x08002470   0x08002470   0x000000a4   Code   RO         6802    i.Foot_Direction_Init  move_control.o
    0x08002514   0x08002514   0x00000680   Code   RO         6839    i.Foot_Dynamic_Control  gait.o
    0x08002b94   0x08002b94   0x00000090   Code   RO         1709    i.GPIO_Init         stm32f4xx_gpio.o
    0x08002c24   0x08002c24   0x00000046   Code   RO         1710    i.GPIO_PinAFConfig  stm32f4xx_gpio.o
    0x08002c6a   0x08002c6a   0x00000004   Code   RO         1716    i.GPIO_ResetBits    stm32f4xx_gpio.o
    0x08002c6e   0x08002c6e   0x00000004   Code   RO         1717    i.GPIO_SetBits      stm32f4xx_gpio.o
    0x08002c72   0x08002c72   0x00000008   Code   RO         1719    i.GPIO_ToggleBits   stm32f4xx_gpio.o
    0x08002c7a   0x08002c7a   0x00000004   Code   RO         5838    i.HardFault_Handler  stm32f4xx_it.o
    0x08002c7e   0x08002c7e   0x00000002   PAD
    0x08002c80   0x08002c80   0x00000118   Code   RO         6000    i.Heart_Task        led.o
    0x08002d98   0x08002d98   0x000000a0   Code   RO         6594    i.Heat_Init         bmi088.o
    0x08002e38   0x08002e38   0x00000270   Code   RO         6746    i.IMU_Get_Data      imu.o
    0x080030a8   0x080030a8   0x00000144   Code   RO         6747    i.IMU_Get_Data_Task  imu.o
    0x080031ec   0x080031ec   0x0000016c   Code   RO         6395    i.Jiont_Motor_FOC_Init  foc.o
    0x08003358   0x08003358   0x000006c8   Code   RO         6396    i.Jiont_Motor_PID_Init  foc.o
    0x08003a20   0x08003a20   0x00000086   Code   RO         6093    i.KalmanFilter      kalman.o
    0x08003aa6   0x08003aa6   0x00000002   PAD
    0x08003aa8   0x08003aa8   0x00000064   Code   RO         6001    i.LED_Init          led.o
    0x08003b0c   0x08003b0c   0x00000040   Code   RO         5980    i.Laser_InitConfig  laser.o
    0x08003b4c   0x08003b4c   0x000000a0   Code   RO         6841    i.Leg_Deinit        gait.o
    0x08003bec   0x08003bec   0x00000154   Code   RO         6748    i.MPU6500_Gyro_Cali  imu.o
    0x08003d40   0x08003d40   0x000003f8   Code   RO         6749    i.MahonyAHRSupdateIMU  imu.o
    0x08004138   0x08004138   0x00000004   Code   RO         5839    i.MemManage_Handler  stm32f4xx_it.o
    0x0800413c   0x0800413c   0x000000b0   Code   RO         6804    i.Move_Control_Task  move_control.o
    0x080041ec   0x080041ec   0x00000002   Code   RO         5840    i.NMI_Handler       stm32f4xx_it.o
    0x080041ee   0x080041ee   0x00000002   PAD
    0x080041f0   0x080041f0   0x00000078   Code   RO           12    i.NVIC_Init         misc.o
    0x08004268   0x08004268   0x00000014   Code   RO           13    i.NVIC_PriorityGroupConfig  misc.o
    0x0800427c   0x0800427c   0x00000300   Code   RO         6397    i.Pid_Calc          foc.o
    0x0800457c   0x0800457c   0x00000020   Code   RO         2573    i.RCC_AHB1PeriphClockCmd  stm32f4xx_rcc.o
    0x0800459c   0x0800459c   0x00000020   Code   RO         2582    i.RCC_APB1PeriphClockCmd  stm32f4xx_rcc.o
    0x080045bc   0x080045bc   0x00000020   Code   RO         2584    i.RCC_APB1PeriphResetCmd  stm32f4xx_rcc.o
    0x080045dc   0x080045dc   0x00000020   Code   RO         2585    i.RCC_APB2PeriphClockCmd  stm32f4xx_rcc.o
    0x080045fc   0x080045fc   0x00000020   Code   RO         2587    i.RCC_APB2PeriphResetCmd  stm32f4xx_rcc.o
    0x0800461c   0x0800461c   0x000000e8   Code   RO         2594    i.RCC_GetClocksFreq  stm32f4xx_rcc.o
    0x08004704   0x08004704   0x00000018   Code   RO         3690    i.SPI_Cmd           stm32f4xx_spi.o
    0x0800471c   0x0800471c   0x00000118   Code   RO         6068    i.SPI_GPIO_InitConfig  spi.o
    0x08004834   0x08004834   0x00000012   Code   RO         3698    i.SPI_I2S_GetFlagStatus  stm32f4xx_spi.o
    0x08004846   0x08004846   0x00000006   Code   RO         3701    i.SPI_I2S_ReceiveData  stm32f4xx_spi.o
    0x0800484c   0x0800484c   0x00000004   Code   RO         3702    i.SPI_I2S_SendData  stm32f4xx_spi.o
    0x08004850   0x08004850   0x0000003c   Code   RO         3703    i.SPI_Init          stm32f4xx_spi.o
    0x0800488c   0x0800488c   0x00000040   Code   RO         3851    i.SYSCFG_EXTILineConfig  stm32f4xx_syscfg.o
    0x080048cc   0x080048cc   0x000000ec   Code   RO         5899    i.SetSysClock       system_stm32f4xx.o
    0x080049b8   0x080049b8   0x00000040   Code   RO         6843    i.Shrink            gait.o
    0x080049f8   0x080049f8   0x000000c0   Code   RO         6844    i.Slide             gait.o
    0x08004ab8   0x08004ab8   0x00000028   Code   RO           16    i.SysTick_CLKSourceConfig  misc.o
    0x08004ae0   0x08004ae0   0x00000010   Code   RO         5841    i.SysTick_Handler   stm32f4xx_it.o
    0x08004af0   0x08004af0   0x00000068   Code   RO         5901    i.SystemInit        system_stm32f4xx.o
    0x08004b58   0x08004b58   0x00000028   Code   RO         6032    i.TIM1_BRK_TIM9_IRQHandler  tim9.o
    0x08004b80   0x08004b80   0x00000064   Code   RO         6033    i.TIM9_Init         tim9.o
    0x08004be4   0x08004be4   0x00000018   Code   RO         3908    i.TIM_ARRPreloadConfig  stm32f4xx_tim.o
    0x08004bfc   0x08004bfc   0x00000006   Code   RO         3914    i.TIM_ClearFlag     stm32f4xx_tim.o
    0x08004c02   0x08004c02   0x00000006   Code   RO         3915    i.TIM_ClearITPendingBit  stm32f4xx_tim.o
    0x08004c08   0x08004c08   0x00000018   Code   RO         3920    i.TIM_Cmd           stm32f4xx_tim.o
    0x08004c20   0x08004c20   0x00000022   Code   RO         3941    i.TIM_GetITStatus   stm32f4xx_tim.o
    0x08004c42   0x08004c42   0x00000012   Code   RO         3945    i.TIM_ITConfig      stm32f4xx_tim.o
    0x08004c54   0x08004c54   0x0000007c   Code   RO         3949    i.TIM_OC1Init       stm32f4xx_tim.o
    0x08004cd0   0x08004cd0   0x00000012   Code   RO         3952    i.TIM_OC1PreloadConfig  stm32f4xx_tim.o
    0x08004ce2   0x08004ce2   0x00000002   PAD
    0x08004ce4   0x08004ce4   0x000000a0   Code   RO         3959    i.TIM_OC3Init       stm32f4xx_tim.o
    0x08004d84   0x08004d84   0x00000012   Code   RO         3962    i.TIM_OC3PreloadConfig  stm32f4xx_tim.o
    0x08004d96   0x08004d96   0x00000004   Code   RO         3984    i.TIM_SetCompare3   stm32f4xx_tim.o
    0x08004d9a   0x08004d9a   0x00000002   PAD
    0x08004d9c   0x08004d9c   0x00000084   Code   RO         3992    i.TIM_TimeBaseInit  stm32f4xx_tim.o
    0x08004e20   0x08004e20   0x00000080   Code   RO         6259    i.TX2_Decode_Task   usart.o
    0x08004ea0   0x08004ea0   0x000001c4   Code   RO         6260    i.TX2_Init          usart.o
    0x08005064   0x08005064   0x0000017c   Code   RO         6261    i.USART1_IRQHandler  usart.o
    0x080051e0   0x080051e0   0x000001f4   Code   RO         6262    i.USART1_Init       usart.o
    0x080053d4   0x080053d4   0x000000c0   Code   RO         6263    i.USART3_Send_TX2   usart.o
    0x08005494   0x08005494   0x0000006c   Code   RO         6264    i.USART6_IRQHandler  usart.o
    0x08005500   0x08005500   0x00000018   Code   RO         4470    i.USART_Cmd         stm32f4xx_usart.o
    0x08005518   0x08005518   0x00000012   Code   RO         4471    i.USART_DMACmd      stm32f4xx_usart.o
    0x0800552a   0x0800552a   0x00000002   PAD
    0x0800552c   0x0800552c   0x000000f0   Code   RO         4472    i.USART_DeInit      stm32f4xx_usart.o
    0x0800561c   0x0800561c   0x0000001a   Code   RO         4473    i.USART_GetFlagStatus  stm32f4xx_usart.o
    0x08005636   0x08005636   0x00000054   Code   RO         4474    i.USART_GetITStatus  stm32f4xx_usart.o
    0x0800568a   0x0800568a   0x0000004a   Code   RO         4476    i.USART_ITConfig    stm32f4xx_usart.o
    0x080056d4   0x080056d4   0x000000d4   Code   RO         4477    i.USART_Init        stm32f4xx_usart.o
    0x080057a8   0x080057a8   0x00000008   Code   RO         4487    i.USART_SendData    stm32f4xx_usart.o
    0x080057b0   0x080057b0   0x00000004   Code   RO         5842    i.UsageFault_Handler  stm32f4xx_it.o
    0x080057b4   0x080057b4   0x00000334   Code   RO         6398    i.Wheel_Motor_PID_Init  foc.o
    0x08005ae8   0x08005ae8   0x00000030   Code   RO         7115    i.__ARM_fpclassify  m_wm.l(fpclassify.o)
    0x08005b18   0x08005b18   0x00000026   Code   RO         7117    i.__ARM_fpclassifyf  m_wm.l(fpclassifyf.o)
    0x08005b3e   0x08005b3e   0x00000002   PAD
    0x08005b40   0x08005b40   0x00000360   Code   RO         6977    i.__hardfp_asin     m_wm.l(asin.o)
    0x08005ea0   0x08005ea0   0x0000012c   Code   RO         6991    i.__hardfp_asinf    m_wm.l(asinf.o)
    0x08005fcc   0x08005fcc   0x00000004   PAD
    0x08005fd0   0x08005fd0   0x000002d8   Code   RO         7003    i.__hardfp_atan     m_wm.l(atan.o)
    0x080062a8   0x080062a8   0x000002ac   Code   RO         7017    i.__hardfp_atan2f   m_wm.l(atan2f.o)
    0x08006554   0x08006554   0x00000004   PAD
    0x08006558   0x08006558   0x000000c8   Code   RO         7029    i.__hardfp_cos      m_wm.l(cos.o)
    0x08006620   0x08006620   0x00000014   Code   RO         7041    i.__hardfp_fabs     m_wm.l(fabs.o)
    0x08006634   0x08006634   0x00000004   PAD
    0x08006638   0x08006638   0x000000c8   Code   RO         7047    i.__hardfp_sin      m_wm.l(sin.o)
    0x08006700   0x08006700   0x0000007a   Code   RO         7059    i.__hardfp_sqrt     m_wm.l(sqrt.o)
    0x0800677a   0x0800677a   0x00000006   PAD
    0x08006780   0x08006780   0x00000438   Code   RO         7135    i.__ieee754_rem_pio2  m_wm.l(rred.o)
    0x08006bb8   0x08006bb8   0x00000170   Code   RO         7098    i.__kernel_cos      m_wm.l(cos_i.o)
    0x08006d28   0x08006d28   0x000000f8   Code   RO         7133    i.__kernel_poly     m_wm.l(poly.o)
    0x08006e20   0x08006e20   0x00000130   Code   RO         7140    i.__kernel_sin      m_wm.l(sin_i.o)
    0x08006f50   0x08006f50   0x00000014   Code   RO         7102    i.__mathlib_dbl_infnan  m_wm.l(dunder.o)
    0x08006f64   0x08006f64   0x00000004   PAD
    0x08006f68   0x08006f68   0x00000020   Code   RO         7104    i.__mathlib_dbl_invalid  m_wm.l(dunder.o)
    0x08006f88   0x08006f88   0x00000020   Code   RO         7107    i.__mathlib_dbl_underflow  m_wm.l(dunder.o)
    0x08006fa8   0x08006fa8   0x00000006   Code   RO         7120    i.__mathlib_flt_infnan  m_wm.l(funder.o)
    0x08006fae   0x08006fae   0x00000006   Code   RO         7121    i.__mathlib_flt_infnan2  m_wm.l(funder.o)
    0x08006fb4   0x08006fb4   0x00000010   Code   RO         7122    i.__mathlib_flt_invalid  m_wm.l(funder.o)
    0x08006fc4   0x08006fc4   0x00000010   Code   RO         7125    i.__mathlib_flt_underflow  m_wm.l(funder.o)
    0x08006fd4   0x08006fd4   0x00000004   Code   RO         6265    i._sys_exit         usart.o
    0x08006fd8   0x08006fd8   0x00000128   Code   RO         6595    i.bmi088_accel_init  bmi088.o
    0x08007100   0x08007100   0x000000f4   Code   RO         6596    i.bmi088_gyro_init  bmi088.o
    0x080071f4   0x080071f4   0x00000044   Code   RO         5621    i.delay_init        delay.o
    0x08007238   0x08007238   0x00000040   Code   RO         5622    i.delay_ms          delay.o
    0x08007278   0x08007278   0x00000048   Code   RO         5623    i.delay_us          delay.o
    0x080072c0   0x080072c0   0x00000018   Code   RO         7043    i.fabs              m_wm.l(fabs.o)
    0x080072d8   0x080072d8   0x00000032   Code   RO         6456    i.float_to_uint     can.o
    0x0800730a   0x0800730a   0x00000002   PAD
    0x0800730c   0x0800730c   0x00000024   Code   RO         6269    i.fputc             usart.o
    0x08007330   0x08007330   0x0000003c   Code   RO         6750    i.invSqrt           imu.o
    0x0800736c   0x0800736c   0x00000038   Code   RO         6094    i.kalmanCreate      kalman.o
    0x080073a4   0x080073a4   0x00000020   Code   RO         5690    i.main              main.o
    0x080073c4   0x080073c4   0x00000098   Code   RO         5268    i.prvAddCurrentTaskToDelayedList  tasks.o
    0x0800745c   0x0800745c   0x000000b4   Code   RO         5269    i.prvAddNewTaskToReadyList  tasks.o
    0x08007510   0x08007510   0x00000048   Code   RO         5270    i.prvCheckTasksWaitingTermination  tasks.o
    0x08007558   0x08007558   0x00000012   Code   RO         5271    i.prvDeleteTCB      tasks.o
    0x0800756a   0x0800756a   0x00000002   PAD
    0x0800756c   0x0800756c   0x0000007c   Code   RO         4716    i.prvHeapInit       heap_4.o
    0x080075e8   0x080075e8   0x00000028   Code   RO         5272    i.prvIdleTask       tasks.o
    0x08007610   0x08007610   0x000000d8   Code   RO         5273    i.prvInitialiseNewTask  tasks.o
    0x080076e8   0x080076e8   0x00000068   Code   RO         5274    i.prvInitialiseTaskLists  tasks.o
    0x08007750   0x08007750   0x00000068   Code   RO         4717    i.prvInsertBlockIntoFreeList  heap_4.o
    0x080077b8   0x080077b8   0x00000034   Code   RO         5275    i.prvResetNextTaskUnblockTime  tasks.o
    0x080077ec   0x080077ec   0x00000070   Code   RO         4812    i.prvTaskExitError  port.o
    0x0800785c   0x0800785c   0x00000150   Code   RO         4718    i.pvPortMalloc      heap_4.o
    0x080079ac   0x080079ac   0x0000002c   Code   RO         4813    i.pxPortInitialiseStack  port.o
    0x080079d8   0x080079d8   0x0000000c   Code   RO         6272    i.shortTou8         usart.o
    0x080079e4   0x080079e4   0x0000006e   Code   RO         7061    i.sqrt              m_wm.l(sqrt.o)
    0x08007a52   0x08007a52   0x0000003e   Code   RO         7148    i.sqrtf             m_wm.l(sqrtf.o)
    0x08007a90   0x08007a90   0x0000002c   Code   RO         6183    i.startTask         app_task.o
    0x08007abc   0x08007abc   0x00000108   Code   RO         6184    i.start_task        app_task.o
    0x08007bc4   0x08007bc4   0x00000034   Code   RO         6457    i.uint_to_float     can.o
    0x08007bf8   0x08007bf8   0x00000074   Code   RO         5278    i.ulTaskNotifyTake  tasks.o
    0x08007c6c   0x08007c6c   0x00000028   Code   RO         5025    i.uxListRemove      list.o
    0x08007c94   0x08007c94   0x0000001a   Code   RO         5026    i.vListInitialise   list.o
    0x08007cae   0x08007cae   0x00000006   Code   RO         5027    i.vListInitialiseItem  list.o
    0x08007cb4   0x08007cb4   0x00000034   Code   RO         5028    i.vListInsert       list.o
    0x08007ce8   0x08007ce8   0x00000018   Code   RO         5029    i.vListInsertEnd    list.o
    0x08007d00   0x08007d00   0x00000084   Code   RO         4815    i.vPortEnterCritical  port.o
    0x08007d84   0x08007d84   0x0000006c   Code   RO         4816    i.vPortExitCritical  port.o
    0x08007df0   0x08007df0   0x000000b4   Code   RO         4719    i.vPortFree         heap_4.o
    0x08007ea4   0x08007ea4   0x00000020   Code   RO         4817    i.vPortSetupTimerInterrupt  port.o
    0x08007ec4   0x08007ec4   0x0000009c   Code   RO         4818    i.vPortValidateInterruptPriority  port.o
    0x08007f60   0x08007f60   0x00000078   Code   RO         5283    i.vTaskDelay        tasks.o
    0x08007fd8   0x08007fd8   0x00000110   Code   RO         5285    i.vTaskDelete       tasks.o
    0x080080e8   0x080080e8   0x00000104   Code   RO         5289    i.vTaskNotifyGiveFromISR  tasks.o
    0x080081ec   0x080081ec   0x000000b0   Code   RO         5297    i.vTaskStartScheduler  tasks.o
    0x0800829c   0x0800829c   0x00000010   Code   RO         5299    i.vTaskSuspendAll   tasks.o
    0x080082ac   0x080082ac   0x000000ac   Code   RO         5300    i.vTaskSwitchContext  tasks.o
    0x08008358   0x08008358   0x00000158   Code   RO         4819    i.xPortStartScheduler  port.o
    0x080084b0   0x080084b0   0x00000034   Code   RO         4820    i.xPortSysTickHandler  port.o
    0x080084e4   0x080084e4   0x00000060   Code   RO         5302    i.xTaskCreate       tasks.o
    0x08008544   0x08008544   0x00000020   Code   RO         5306    i.xTaskGetSchedulerState  tasks.o
    0x08008564   0x08008564   0x00000164   Code   RO         5309    i.xTaskIncrementTick  tasks.o
    0x080086c8   0x080086c8   0x00000124   Code   RO         5315    i.xTaskResumeAll    tasks.o
    0x080087ec   0x080087ec   0x00000018   Code   RO         6953    x$fpl$basic         fz_wm.l(basic.o)
    0x08008804   0x08008804   0x00000062   Code   RO         6955    x$fpl$d2f           fz_wm.l(d2f.o)
    0x08008866   0x08008866   0x00000002   PAD
    0x08008868   0x08008868   0x00000150   Code   RO         6957    x$fpl$dadd          fz_wm.l(daddsub_clz.o)
    0x080089b8   0x080089b8   0x00000018   Code   RO         7085    x$fpl$dcmpinf       fz_wm.l(dcmpi.o)
    0x080089d0   0x080089d0   0x000002b0   Code   RO         6964    x$fpl$ddiv          fz_wm.l(ddiv.o)
    0x08008c80   0x08008c80   0x00000078   Code   RO         6967    x$fpl$deqf          fz_wm.l(deqf.o)
    0x08008cf8   0x08008cf8   0x0000005e   Code   RO         7184    x$fpl$dfix          fz_wm.l(dfix.o)
    0x08008d56   0x08008d56   0x0000002e   Code   RO         7189    x$fpl$dflt          fz_wm.l(dflt_clz.o)
    0x08008d84   0x08008d84   0x00000026   Code   RO         7188    x$fpl$dfltu         fz_wm.l(dflt_clz.o)
    0x08008daa   0x08008daa   0x00000002   PAD
    0x08008dac   0x08008dac   0x00000078   Code   RO         6969    x$fpl$dleqf         fz_wm.l(dleqf.o)
    0x08008e24   0x08008e24   0x00000154   Code   RO         6971    x$fpl$dmul          fz_wm.l(dmul.o)
    0x08008f78   0x08008f78   0x0000009c   Code   RO         7087    x$fpl$dnaninf       fz_wm.l(dnaninf.o)
    0x08009014   0x08009014   0x0000000c   Code   RO         7089    x$fpl$dretinf       fz_wm.l(dretinf.o)
    0x08009020   0x08009020   0x0000006c   Code   RO         6973    x$fpl$drleqf        fz_wm.l(drleqf.o)
    0x0800908c   0x0800908c   0x00000016   Code   RO         6958    x$fpl$drsb          fz_wm.l(daddsub_clz.o)
    0x080090a2   0x080090a2   0x00000002   PAD
    0x080090a4   0x080090a4   0x00000198   Code   RO         7091    x$fpl$dsqrt         fz_wm.l(dsqrt_umaal.o)
    0x0800923c   0x0800923c   0x000001d4   Code   RO         6959    x$fpl$dsub          fz_wm.l(daddsub_clz.o)
    0x08009410   0x08009410   0x00000056   Code   RO         6975    x$fpl$f2d           fz_wm.l(f2d.o)
    0x08009466   0x08009466   0x0000008c   Code   RO         7093    x$fpl$fnaninf       fz_wm.l(fnaninf.o)
    0x080094f2   0x080094f2   0x0000000a   Code   RO         7265    x$fpl$fpinit        fz_wm.l(fpinit.o)
    0x080094fc   0x080094fc   0x0000000a   Code   RO         7095    x$fpl$fretinf       fz_wm.l(fretinf.o)
    0x08009506   0x08009506   0x00000000   Code   RO         7097    x$fpl$usenofp       fz_wm.l(usenofp.o)
    0x08009506   0x08009506   0x00000002   PAD
    0x08009508   0x08009508   0x00000050   Data   RO         6980    .constdata          m_wm.l(asin.o)
    0x08009558   0x08009558   0x00000098   Data   RO         7006    .constdata          m_wm.l(atan.o)
    0x080095f0   0x080095f0   0x00000030   Data   RO         7099    .constdata          m_wm.l(cos_i.o)
    0x08009620   0x08009620   0x000000c8   Data   RO         7137    .constdata          m_wm.l(rred.o)
    0x080096e8   0x080096e8   0x00000028   Data   RO         7141    .constdata          m_wm.l(sin_i.o)
    0x08009710   0x08009710   0x00000020   Data   RO         7331    Region$$Table       anon$$obj.o


    Execution Region RW_IRAM1 (Exec base: 0x20000000, Load base: 0x08009730, Size: 0x0000a648, Max: 0x00020000, ABSOLUTE, COMPRESSED[0x00000164])

    Exec Addr    Load Addr    Size         Type   Attr      Idx    E Section Name        Object

    0x20000000   COMPRESSED   0x00000010   Data   RW         2626    .data               stm32f4xx_rcc.o
    0x20000010   COMPRESSED   0x00000018   Data   RW         4724    .data               heap_4.o
    0x20000028   COMPRESSED   0x0000000c   Data   RW         4821    .data               port.o
    0x20000034   COMPRESSED   0x0000003c   Data   RW         5318    .data               tasks.o
    0x20000070   COMPRESSED   0x00000004   Data   RW         5625    .data               delay.o
    0x20000074   COMPRESSED   0x00000014   Data   RW         5902    .data               system_stm32f4xx.o
    0x20000088   COMPRESSED   0x00000360   Data   RW         5940    .data               beep.o
    0x200003e8   COMPRESSED   0x00000008   Data   RW         6034    .data               tim9.o
    0x200003f0   COMPRESSED   0x00000018   Data   RW         6185    .data               app_task.o
    0x20000408   COMPRESSED   0x00000004   Data   RW         6275    .data               usart.o
    0x2000040c   COMPRESSED   0x00000028   Data   RW         6459    .data               can.o
    0x20000434   COMPRESSED   0x0000002c   Data   RW         6597    .data               bmi088.o
    0x20000460   COMPRESSED   0x00000038   Data   RW         6752    .data               imu.o
    0x20000498   COMPRESSED   0x00000014   Data   RW         6847    .data               gait.o
    0x200004ac        -       0x00009000   Zero   RW         4723    .bss                heap_4.o
    0x200094ac        -       0x000002e4   Zero   RW         5317    .bss                tasks.o
    0x20009790        -       0x00000028   Zero   RW         6221    .bss                dr16.o
    0x200097b8        -       0x0000004b   Zero   RW         6274    .bss                usart.o
    0x20009803   COMPRESSED   0x00000001   PAD
    0x20009804        -       0x000004e0   Zero   RW         6399    .bss                foc.o
    0x20009ce4        -       0x000001a4   Zero   RW         6458    .bss                can.o
    0x20009e88        -       0x00000090   Zero   RW         6751    .bss                imu.o
    0x20009f18        -       0x000000d0   Zero   RW         6846    .bss                gait.o
    0x20009fe8        -       0x00000060   Zero   RW         7195    .bss                c_w.l(libspace.o)
    0x2000a048        -       0x00000200   Zero   RW            2    HEAP                startup_stm32f407xx.o
    0x2000a248        -       0x00000400   Zero   RW            1    STACK               startup_stm32f407xx.o


==============================================================================

Image component sizes


      Code (inc. data)   RO Data    RW Data    ZI Data      Debug   Object Name

       308        158          0         24          0       1641   app_task.o
       360         26          0        864          0       3185   beep.o
      1524         52          0         44          0      11014   bmi088.o
      1718        158          0         40        420       8473   can.o
       204         18          0          4          0       1991   delay.o
       644         52          0          0         40       3444   dr16.o
      3688        218          0          0       1248       5718   foc.o
      2920        214          0         20        208       5766   gait.o
       744        168          0         24      36864      15623   heap_4.o
      2424        142          0         56        144       6841   imu.o
       190          6          0          0          0       1582   kalman.o
        64          4          0          0          0        543   laser.o
       380         40          0          0          0       1304   led.o
       148          0          0          0          0       3426   list.o
        82          4          0          0          0       5202   main.o
       180         24          0          0          0     315141   misc.o
       340         86          0          0          0       1278   move_control.o
      1162        376          0         12          0      10929   port.o
       336         18          0          0          0       1339   spi.o
        64         26        392          0       1536        872   startup_stm32f407xx.o
      1654         22          0          0          0       7676   stm32f4xx_can.o
       720         72          0          0          0       6508   stm32f4xx_dma.o
       184         16          0          0          0       2216   stm32f4xx_exti.o
       230          0          0          0          0       3565   stm32f4xx_gpio.o
        36          0          0          0          0       3227   stm32f4xx_it.o
       392         48          0         16          0       5937   stm32f4xx_rcc.o
       112          0          0          0          0       3626   stm32f4xx_spi.o
        64          4          0          0          0        656   stm32f4xx_syscfg.o
       568         48          0          0          0       8193   stm32f4xx_tim.o
       686         42          0          0          0       6323   stm32f4xx_usart.o
       340         32          0         20          0       1877   system_stm32f4xx.o
      2742        676          0         60        740      25284   tasks.o
       140         12          0          8          0       1737   tim9.o
      2436        200          0          4         75      10592   usart.o

    ----------------------------------------------------------------------
     27816       2962        424       1196      41276     492729   Object Totals
         0          0         32          0          0          0   (incl. Generated)
        32          0          0          0          1          0   (incl. Padding)

    ----------------------------------------------------------------------

      Code (inc. data)   RO Data    RW Data    ZI Data      Debug   Library Member Name

       100          0          0          0          0          0   __dclz77c.o
         8          0          0          0          0         68   __main.o
       104          0          0          0          0         84   __printf.o
         0          0          0          0          0          0   __rtentry.o
        12          0          0          0          0          0   __rtentry2.o
         6          0          0          0          0          0   __rtentry4.o
        52          8          0          0          0          0   __scatter.o
        28          0          0          0          0          0   __scatter_zi.o
        44          0          0          0          0        108   _printf_char.o
        48          6          0          0          0         96   _printf_char_common.o
        36          4          0          0          0         80   _printf_char_file.o
         6          0          0          0          0          0   _printf_d.o
       120         16          0          0          0         92   _printf_dec.o
       178          0          0          0          0         88   _printf_intcommon.o
         0          0          0          0          0          0   _printf_percent.o
         4          0          0          0          0          0   _printf_percent_end.o
         6          0          0          0          0          0   _printf_s.o
        82          0          0          0          0         80   _printf_str.o
        22          0          0          0          0        100   _rserrno.o
        18          0          0          0          0         80   exit.o
         8          0          0          0          0         68   ferror.o
         6          0          0          0          0        152   heapauxi.o
         2          0          0          0          0          0   libinit.o
         6          0          0          0          0          0   libinit2.o
         2          0          0          0          0          0   libshutdown.o
         2          0          0          0          0          0   libshutdown2.o
         8          4          0          0         96         68   libspace.o
        24          4          0          0          0         84   noretval__2printf.o
         8          4          0          0          0         68   rt_errno_addr_intlibspace.o
         2          0          0          0          0          0   rtexit.o
        10          0          0          0          0          0   rtexit2.o
        74          0          0          0          0         80   sys_stackheap_outer.o
         2          0          0          0          0         68   use_no_semi.o
         2          0          0          0          0         68   use_no_semi_2.o
        24          0          0          0          0        164   basic.o
        98          4          0          0          0        140   d2f.o
       826         16          0          0          0        492   daddsub_clz.o
        24          0          0          0          0        116   dcmpi.o
       688        140          0          0          0        256   ddiv.o
       120          4          0          0          0        140   deqf.o
        94          4          0          0          0        140   dfix.o
        84          0          0          0          0        232   dflt_clz.o
       120          4          0          0          0        140   dleqf.o
       340         12          0          0          0        152   dmul.o
       156          4          0          0          0        140   dnaninf.o
        12          0          0          0          0        116   dretinf.o
       108          0          0          0          0        128   drleqf.o
       408         56          0          0          0        168   dsqrt_umaal.o
        86          4          0          0          0        132   f2d.o
       140          4          0          0          0        132   fnaninf.o
        10          0          0          0          0        116   fpinit.o
        10          0          0          0          0        116   fretinf.o
         0          0          0          0          0          0   usenofp.o
       864         94         80          0          0        280   asin.o
       300         42          0          0          0        176   asinf.o
       728        106        152          0          0        228   atan.o
       684         90          0          0          0        208   atan2f.o
       200         20          0          0          0        164   cos.o
       368         46         48          0          0        200   cos_i.o
        84         16          0          0          0        372   dunder.o
        44          0          0          0          0        248   fabs.o
        48          0          0          0          0        124   fpclassify.o
        38          0          0          0          0        116   fpclassifyf.o
        44         12          0          0          0        464   funder.o
       248          0          0          0          0        152   poly.o
      1080        142        200          0          0        188   rred.o
       200         20          0          0          0        164   sin.o
       304         24         40          0          0        208   sin_i.o
       232          0          0          0          0        296   sqrt.o
        62          0          0          0          0        136   sqrtf.o

    ----------------------------------------------------------------------
      9944        918        520          0         96       8276   Library Totals
        38          8          0          0          0          0   (incl. Padding)

    ----------------------------------------------------------------------

      Code (inc. data)   RO Data    RW Data    ZI Data      Debug   Library Name

      1030         46          0          0         96       1532   c_w.l
      3348        252          0          0          0       3020   fz_wm.l
      5528        612        520          0          0       3724   m_wm.l

    ----------------------------------------------------------------------
      9944        918        520          0         96       8276   Library Totals

    ----------------------------------------------------------------------

==============================================================================


      Code (inc. data)   RO Data    RW Data    ZI Data      Debug   

     37760       3880        944       1196      41372     478777   Grand Totals
     37760       3880        944        356      41372     478777   ELF Image Totals (compressed)
     37760       3880        944        356          0          0   ROM Totals

==============================================================================

    Total RO  Size (Code + RO Data)                38704 (  37.80kB)
    Total RW  Size (RW Data + ZI Data)             42568 (  41.57kB)
    Total ROM Size (Code + RO Data + RW Data)      39060 (  38.14kB)

==============================================================================

