Component: ARM Compiler 5.06 update 6 (build 750) Tool: armlink [4d35ed]

==============================================================================

Section Cross References

    startup_stm32f407xx.o(STACK) refers (Special) to heapauxi.o(.text) for __use_two_region_memory
    startup_stm32f407xx.o(HEAP) refers (Special) to heapauxi.o(.text) for __use_two_region_memory
    startup_stm32f407xx.o(RESET) refers (Special) to heapauxi.o(.text) for __use_two_region_memory
    startup_stm32f407xx.o(RESET) refers to startup_stm32f407xx.o(STACK) for __initial_sp
    startup_stm32f407xx.o(RESET) refers to startup_stm32f407xx.o(.text) for Reset_Handler
    startup_stm32f407xx.o(RESET) refers to stm32f4xx_it.o(i.NMI_Handler) for NMI_Handler
    startup_stm32f407xx.o(RESET) refers to stm32f4xx_it.o(i.HardFault_Handler) for HardFault_Handler
    startup_stm32f407xx.o(RESET) refers to stm32f4xx_it.o(i.MemManage_Handler) for MemManage_Handler
    startup_stm32f407xx.o(RESET) refers to stm32f4xx_it.o(i.BusFault_Handler) for BusFault_Handler
    startup_stm32f407xx.o(RESET) refers to stm32f4xx_it.o(i.UsageFault_Handler) for UsageFault_Handler
    startup_stm32f407xx.o(RESET) refers to port.o(.emb_text) for SVC_Handler
    startup_stm32f407xx.o(RESET) refers to stm32f4xx_it.o(i.DebugMon_Handler) for DebugMon_Handler
    startup_stm32f407xx.o(RESET) refers to stm32f4xx_it.o(i.SysTick_Handler) for SysTick_Handler
    startup_stm32f407xx.o(RESET) refers to imu.o(i.EXTI4_IRQHandler) for EXTI4_IRQHandler
    startup_stm32f407xx.o(RESET) refers to dr16.o(i.DMA1_Stream1_IRQHandler) for DMA1_Stream1_IRQHandler
    startup_stm32f407xx.o(RESET) refers to usart.o(i.DMA1_Stream3_IRQHandler) for DMA1_Stream3_IRQHandler
    startup_stm32f407xx.o(RESET) refers to can.o(i.CAN1_TX_IRQHandler) for CAN1_TX_IRQHandler
    startup_stm32f407xx.o(RESET) refers to can.o(i.CAN1_RX0_IRQHandler) for CAN1_RX0_IRQHandler
    startup_stm32f407xx.o(RESET) refers to tim9.o(i.TIM1_BRK_TIM9_IRQHandler) for TIM1_BRK_TIM9_IRQHandler
    startup_stm32f407xx.o(RESET) refers to usart.o(i.USART1_IRQHandler) for USART1_IRQHandler
    startup_stm32f407xx.o(RESET) refers to usart.o(i.USART3_IRQHandler) for USART3_IRQHandler
    startup_stm32f407xx.o(RESET) refers to can.o(i.CAN2_TX_IRQHandler) for CAN2_TX_IRQHandler
    startup_stm32f407xx.o(RESET) refers to can.o(i.CAN2_RX0_IRQHandler) for CAN2_RX0_IRQHandler
    startup_stm32f407xx.o(.text) refers (Special) to heapauxi.o(.text) for __use_two_region_memory
    startup_stm32f407xx.o(.text) refers to system_stm32f4xx.o(i.SystemInit) for SystemInit
    startup_stm32f407xx.o(.text) refers to __main.o(!!!main) for __main
    startup_stm32f407xx.o(.text) refers to startup_stm32f407xx.o(HEAP) for Heap_Mem
    startup_stm32f407xx.o(.text) refers to startup_stm32f407xx.o(STACK) for Stack_Mem
    stm32f4xx_adc.o(i.ADC_DeInit) refers to stm32f4xx_rcc.o(i.RCC_APB2PeriphResetCmd) for RCC_APB2PeriphResetCmd
    stm32f4xx_can.o(i.CAN_DeInit) refers to stm32f4xx_rcc.o(i.RCC_APB1PeriphResetCmd) for RCC_APB1PeriphResetCmd
    stm32f4xx_can.o(i.CAN_GetITStatus) refers to stm32f4xx_can.o(i.CheckITStatus) for CheckITStatus
    stm32f4xx_cryp.o(i.CRYP_DeInit) refers to stm32f4xx_rcc.o(i.RCC_AHB2PeriphResetCmd) for RCC_AHB2PeriphResetCmd
    stm32f4xx_cryp_aes.o(i.CRYP_AES_CBC) refers to stm32f4xx_cryp.o(i.CRYP_KeyStructInit) for CRYP_KeyStructInit
    stm32f4xx_cryp_aes.o(i.CRYP_AES_CBC) refers to stm32f4xx_cryp.o(i.CRYP_FIFOFlush) for CRYP_FIFOFlush
    stm32f4xx_cryp_aes.o(i.CRYP_AES_CBC) refers to stm32f4xx_cryp.o(i.CRYP_Init) for CRYP_Init
    stm32f4xx_cryp_aes.o(i.CRYP_AES_CBC) refers to stm32f4xx_cryp.o(i.CRYP_KeyInit) for CRYP_KeyInit
    stm32f4xx_cryp_aes.o(i.CRYP_AES_CBC) refers to stm32f4xx_cryp.o(i.CRYP_Cmd) for CRYP_Cmd
    stm32f4xx_cryp_aes.o(i.CRYP_AES_CBC) refers to stm32f4xx_cryp.o(i.CRYP_GetFlagStatus) for CRYP_GetFlagStatus
    stm32f4xx_cryp_aes.o(i.CRYP_AES_CBC) refers to stm32f4xx_cryp.o(i.CRYP_IVInit) for CRYP_IVInit
    stm32f4xx_cryp_aes.o(i.CRYP_AES_CBC) refers to stm32f4xx_cryp.o(i.CRYP_GetCmdStatus) for CRYP_GetCmdStatus
    stm32f4xx_cryp_aes.o(i.CRYP_AES_CBC) refers to stm32f4xx_cryp.o(i.CRYP_DataIn) for CRYP_DataIn
    stm32f4xx_cryp_aes.o(i.CRYP_AES_CBC) refers to stm32f4xx_cryp.o(i.CRYP_DataOut) for CRYP_DataOut
    stm32f4xx_cryp_aes.o(i.CRYP_AES_CCM) refers to stm32f4xx_cryp.o(i.CRYP_KeyStructInit) for CRYP_KeyStructInit
    stm32f4xx_cryp_aes.o(i.CRYP_AES_CCM) refers to stm32f4xx_cryp.o(i.CRYP_FIFOFlush) for CRYP_FIFOFlush
    stm32f4xx_cryp_aes.o(i.CRYP_AES_CCM) refers to stm32f4xx_cryp.o(i.CRYP_KeyInit) for CRYP_KeyInit
    stm32f4xx_cryp_aes.o(i.CRYP_AES_CCM) refers to stm32f4xx_cryp.o(i.CRYP_IVInit) for CRYP_IVInit
    stm32f4xx_cryp_aes.o(i.CRYP_AES_CCM) refers to stm32f4xx_cryp.o(i.CRYP_Init) for CRYP_Init
    stm32f4xx_cryp_aes.o(i.CRYP_AES_CCM) refers to stm32f4xx_cryp.o(i.CRYP_PhaseConfig) for CRYP_PhaseConfig
[...]
    __Vectors                                0x08000000   Data           4  startup_stm32f407xx.o(RESET)
    __Vectors_End                            0x08000188   Data           0  startup_stm32f407xx.o(RESET)
    __main                                   0x08000189   Thumb Code     8  __main.o(!!!main)
    __scatterload                            0x08000191   Thumb Code     0  __scatter.o(!!!scatter)
    __scatterload_rt2                        0x08000191   Thumb Code    44  __scatter.o(!!!scatter)
    __scatterload_rt2_thumb_only             0x08000191   Thumb Code     0  __scatter.o(!!!scatter)
    __scatterload_null                       0x0800019f   Thumb Code     0  __scatter.o(!!!scatter)
    __decompress                             0x080001c5   Thumb Code    90  __dczerorl2.o(!!dczerorl2)
    __decompress1                            0x080001c5   Thumb Code     0  __dczerorl2.o(!!dczerorl2)
    __scatterload_zeroinit                   0x08000221   Thumb Code    28  __scatter_zi.o(!!handler_zi)
    _printf_d                                0x0800023d   Thumb Code     0  _printf_d.o(.ARM.Collect$$_printf_percent$$00000009)
    _printf_percent                          0x0800023d   Thumb Code     0  _printf_percent.o(.ARM.Collect$$_printf_percent$$00000000)
    _printf_s                                0x08000243   Thumb Code     0  _printf_s.o(.ARM.Collect$$_printf_percent$$00000014)
    _printf_percent_end                      0x08000249   Thumb Code     0  _printf_percent_end.o(.ARM.Collect$$_printf_percent$$00000017)
    __rt_lib_init                            0x0800024d   Thumb Code     0  libinit.o(.ARM.Collect$$libinit$$00000000)
    __rt_lib_init_fp_1                       0x0800024f   Thumb Code     0  libinit2.o(.ARM.Collect$$libinit$$00000001)
    __rt_lib_init_alloca_1                   0x08000253   Thumb Code     0  libinit2.o(.ARM.Collect$$libinit$$0000002E)
    __rt_lib_init_argv_1                     0x08000253   Thumb Code     0  libinit2.o(.ARM.Collect$$libinit$$0000002C)
    __rt_lib_init_atexit_1                   0x08000253   Thumb Code     0  libinit2.o(.ARM.Collect$$libinit$$0000001B)
    __rt_lib_init_clock_1                    0x08000253   Thumb Code     0  libinit2.o(.ARM.Collect$$libinit$$00000021)
    __rt_lib_init_cpp_1                      0x08000253   Thumb Code     0  libinit2.o(.ARM.Collect$$libinit$$00000032)
    __rt_lib_init_exceptions_1               0x08000253   Thumb Code     0  libinit2.o(.ARM.Collect$$libinit$$00000030)
    __rt_lib_init_fp_trap_1                  0x08000253   Thumb Code     0  libinit2.o(.ARM.Collect$$libinit$$0000001F)
    __rt_lib_init_getenv_1                   0x08000253   Thumb Code     0  libinit2.o(.ARM.Collect$$libinit$$00000023)
    __rt_lib_init_heap_1                     0x08000253   Thumb Code     0  libinit2.o(.ARM.Collect$$libinit$$0000000A)
    __rt_lib_init_lc_collate_1               0x08000253   Thumb Code     0  libinit2.o(.ARM.Collect$$libinit$$00000011)
    __rt_lib_init_lc_ctype_1                 0x08000253   Thumb Code     0  libinit2.o(.ARM.Collect$$libinit$$00000013)
    __rt_lib_init_lc_monetary_1              0x08000253   Thumb Code     0  libinit2.o(.ARM.Collect$$libinit$$00000015)
    __rt_lib_init_lc_numeric_1               0x08000253   Thumb Code     0  libinit2.o(.ARM.Collect$$libinit$$00000017)
    __rt_lib_init_lc_time_1                  0x08000253   Thumb Code     0  libinit2.o(.ARM.Collect$$libinit$$00000019)
    __rt_lib_init_preinit_1                  0x08000253   Thumb Code     0  libinit2.o(.ARM.Collect$$libinit$$00000004)
    __rt_lib_init_rand_1                     0x08000253   Thumb Code     0  libinit2.o(.ARM.Collect$$libinit$$0000000E)
    __rt_lib_init_return                     0x08000253   Thumb Code     0  libinit2.o(.ARM.Collect$$libinit$$00000033)
    __rt_lib_init_signal_1                   0x08000253   Thumb Code     0  libinit2.o(.ARM.Collect$$libinit$$0000001D)
    __rt_lib_init_stdio_1                    0x08000253   Thumb Code     0  libinit2.o(.ARM.Collect$$libinit$$00000025)
    __rt_lib_init_user_alloc_1               0x08000253   Thumb Code     0  libinit2.o(.ARM.Collect$$libinit$$0000000C)
    __rt_lib_shutdown                        0x08000255   Thumb Code     0  libshutdown.o(.ARM.Collect$$libshutdown$$00000000)
    __rt_lib_shutdown_cpp_1                  0x08000257   Thumb Code     0  libshutdown2.o(.ARM.Collect$$libshutdown$$00000002)
    __rt_lib_shutdown_fp_trap_1              0x08000257   Thumb Code     0  libshutdown2.o(.ARM.Collect$$libshutdown$$00000007)
    __rt_lib_shutdown_heap_1                 0x08000257   Thumb Code     0  libshutdown2.o(.ARM.Collect$$libshutdown$$0000000F)
    __rt_lib_shutdown_return                 0x08000257   Thumb Code     0  libshutdown2.o(.ARM.Collect$$libshutdown$$00000010)
    __rt_lib_shutdown_signal_1               0x08000257   Thumb Code     0  libshutdown2.o(.ARM.Collect$$libshutdown$$0000000A)
    __rt_lib_shutdown_stdio_1                0x08000257   Thumb Code     0  libshutdown2.o(.ARM.Collect$$libshutdown$$00000004)
    __rt_lib_shutdown_user_alloc_1           0x08000257   Thumb Code     0  libshutdown2.o(.ARM.Collect$$libshutdown$$0000000C)
    __rt_entry                               0x08000259   Thumb Code     0  __rtentry.o(.ARM.Collect$$rtentry$$00000000)
    __rt_entry_presh_1                       0x08000259   Thumb Code     0  __rtentry2.o(.ARM.Collect$$rtentry$$00000002)
    __rt_entry_sh                            0x08000259   Thumb Code     0  __rtentry4.o(.ARM.Collect$$rtentry$$00000004)
    __rt_entry_li                            0x0800025f   Thumb Code     0  __rtentry2.o(.ARM.Collect$$rtentry$$0000000A)
    __rt_entry_postsh_1                      0x0800025f   Thumb Code     0  __rtentry2.o(.ARM.Collect$$rtentry$$00000009)
    __rt_entry_main                          0x08000263   Thumb Code     0  __rtentry2.o(.ARM.Collect$$rtentry$$0000000D)
    __rt_entry_postli_1                      0x08000263   Thumb Code     0  __rtentry2.o(.ARM.Collect$$rtentry$$0000000C)
    __rt_exit                                0x0800026b   Thumb Code     0  rtexit.o(.ARM.Collect$$rtexit$$00000000)
    __rt_exit_ls                             0x0800026d   Thumb Code     0  rtexit2.o(.ARM.Collect$$rtexit$$00000003)
    __rt_exit_prels_1                        0x0800026d   Thumb Code     0  rtexit2.o(.ARM.Collect$$rtexit$$00000002)
    __rt_exit_exit                           0x08000271   Thumb Code     0  rtexit2.o(.ARM.Collect$$rtexit$$00000004)
    SVC_Handler                              0x08000279   Thumb Code    28  port.o(.emb_text)
    __asm___6_port_c_39a90d8d__prvStartFirstTask 0x08000299   Thumb Code    28  port.o(.emb_text)
    __asm___6_port_c_39a90d8d__prvEnableVFP  0x080002b9   Thumb Code    16  port.o(.emb_text)
    PendSV_Handler                           0x080002cd   Thumb Code    88  port.o(.emb_text)
    vPortGetIPSR                             0x08000329   Thumb Code     6  port.o(.emb_text)
    Reset_Handler                            0x08000331   Thumb Code     8  startup_stm32f407xx.o(.text)
    ADC_IRQHandler                           0x0800034b   Thumb Code     0  startup_stm32f407xx.o(.text)
    CAN1_RX1_IRQHandler                      0x0800034b   Thumb Code     0  startup_stm32f407xx.o(.text)
    CAN1_SCE_IRQHandler                      0x0800034b   Thumb Code     0  startup_stm32f407xx.o(.text)
    CAN2_RX1_IRQHandler                      0x0800034b   Thumb Code     0  startup_stm32f407xx.o(.text)
    CAN2_SCE_IRQHandler                      0x0800034b   Thumb Code     0  startup_stm32f407xx.o(.text)
    DCMI_IRQHandler                          0x0800034b   Thumb Code     0  startup_stm32f407xx.o(.text)
    DMA1_Stream0_IRQHandler                  0x0800034b   Thumb Code     0  startup_stm32f407xx.o(.text)
    DMA1_Stream2_IRQHandler                  0x0800034b   Thumb Code     0  startup_stm32f407xx.o(.text)
    DMA1_Stream4_IRQHandler                  0x0800034b   Thumb Code     0  startup_stm32f407xx.o(.text)
    DMA1_Stream5_IRQHandler                  0x0800034b   Thumb Code     0  startup_stm32f407xx.o(.text)
    DMA1_Stream6_IRQHandler                  0x0800034b   Thumb Code     0  startup_stm32f407xx.o(.text)
    DMA1_Stream7_IRQHandler                  0x0800034b   Thumb Code     0  startup_stm32f407xx.o(.text)
    DMA2_Stream0_IRQHandler                  0x0800034b   Thumb Code     0  startup_stm32f407xx.o(.text)
    DMA2_Stream1_IRQHandler                  0x0800034b   Thumb Code     0  startup_stm32f407xx.o(.text)
    DMA2_Stream2_IRQHandler                  0x0800034b   Thumb Code     0  startup_stm32f407xx.o(.text)
    DMA2_Stream3_IRQHandler                  0x0800034b   Thumb Code     0  startup_stm32f407xx.o(.text)
    DMA2_Stream4_IRQHandler                  0x0800034b   Thumb Code     0  startup_stm32f407xx.o(.text)
    DMA2_Stream5_IRQHandler                  0x0800034b   Thumb Code     0  startup_stm32f407xx.o(.text)
    DMA2_Stream6_IRQHandler                  0x0800034b   Thumb Code     0  startup_stm32f407xx.o(.text)
    DMA2_Stream7_IRQHandler                  0x0800034b   Thumb Code     0  startup_stm32f407xx.o(.text)
    ETH_IRQHandler                           0x0800034b   Thumb Code     0  startup_stm32f407xx.o(.text)
    ETH_WKUP_IRQHandler                      0x0800034b   Thumb Code     0  startup_stm32f407xx.o(.text)
    EXTI0_IRQHandler                         0x0800034b   Thumb Code     0  startup_stm32f407xx.o(.text)
    EXTI15_10_IRQHandler                     0x0800034b   Thumb Code     0  startup_stm32f407xx.o(.text)
    EXTI1_IRQHandler                         0x0800034b   Thumb Code     0  startup_stm32f407xx.o(.text)
    EXTI2_IRQHandler                         0x0800034b   Thumb Code     0  startup_stm32f407xx.o(.text)
    EXTI3_IRQHandler                         0x0800034b   Thumb Code     0  startup_stm32f407xx.o(.text)
    EXTI9_5_IRQHandler                       0x0800034b   Thumb Code     0  startup_stm32f407xx.o(.text)
    FLASH_IRQHandler                         0x0800034b   Thumb Code     0  startup_stm32f407xx.o(.text)
    FMC_IRQHandler                           0x0800034b   Thumb Code     0  startup_stm32f407xx.o(.text)
    FPU_IRQHandler                           0x0800034b   Thumb Code     0  startup_stm32f407xx.o(.text)
    HASH_RNG_IRQHandler                      0x0800034b   Thumb Code     0  startup_stm32f407xx.o(.text)
    I2C1_ER_IRQHandler                       0x0800034b   Thumb Code     0  startup_stm32f407xx.o(.text)
    I2C1_EV_IRQHandler                       0x0800034b   Thumb Code     0  startup_stm32f407xx.o(.text)
    I2C2_ER_IRQHandler                       0x0800034b   Thumb Code     0  startup_stm32f407xx.o(.text)
    I2C2_EV_IRQHandler                       0x0800034b   Thumb Code     0  startup_stm32f407xx.o(.text)
    I2C3_ER_IRQHandler                       0x0800034b   Thumb Code     0  startup_stm32f407xx.o(.text)
    I2C3_EV_IRQHandler                       0x0800034b   Thumb Code     0  startup_stm32f407xx.o(.text)
    OTG_FS_IRQHandler                        0x0800034b   Thumb Code     0  startup_stm32f407xx.o(.text)
    OTG_FS_WKUP_IRQHandler                   0x0800034b   Thumb Code     0  startup_stm32f407xx.o(.text)
    OTG_HS_EP1_IN_IRQHandler                 0x0800034b   Thumb Code     0  startup_stm32f407xx.o(.text)
    OTG_HS_EP1_OUT_IRQHandler                0x0800034b   Thumb Code     0  startup_stm32f407xx.o(.text)
    OTG_HS_IRQHandler                        0x0800034b   Thumb Code     0  startup_stm32f407xx.o(.text)
    OTG_HS_WKUP_IRQHandler                   0x0800034b   Thumb Code     0  startup_stm32f407xx.o(.text)
    PVD_IRQHandler                           0x0800034b   Thumb Code     0  startup_stm32f407xx.o(.text)
    RCC_IRQHandler                           0x0800034b   Thumb Code     0  startup_stm32f407xx.o(.text)
    RTC_Alarm_IRQHandler                     0x0800034b   Thumb Code     0  startup_stm32f407xx.o(.text)
    RTC_WKUP_IRQHandler                      0x0800034b   Thumb Code     0  startup_stm32f407xx.o(.text)
    SDIO_IRQHandler                          0x0800034b   Thumb Code     0  startup_stm32f407xx.o(.text)
    SPI1_IRQHandler                          0x0800034b   Thumb Code     0  startup_stm32f407xx.o(.text)
    SPI2_IRQHandler                          0x0800034b   Thumb Code     0  startup_stm32f407xx.o(.text)
    SPI3_IRQHandler                          0x0800034b   Thumb Code     0  startup_stm32f407xx.o(.text)
    TAMP_STAMP_IRQHandler                    0x0800034b   Thumb Code     0  startup_stm32f407xx.o(.text)
    TIM1_CC_IRQHandler                       0x0800034b   Thumb Code     0  startup_stm32f407xx.o(.text)
    TIM1_TRG_COM_TIM11_IRQHandler            0x0800034b   Thumb Code     0  startup_stm32f407xx.o(.text)
    TIM1_UP_TIM10_IRQHandler                 0x0800034b   Thumb Code     0  startup_stm32f407xx.o(.text)
    TIM2_IRQHandler                          0x0800034b   Thumb Code     0  startup_stm32f407xx.o(.text)
    TIM3_IRQHandler                          0x0800034b   Thumb Code     0  startup_stm32f407xx.o(.text)
    TIM4_IRQHandler                          0x0800034b   Thumb Code     0  startup_stm32f407xx.o(.text)
    TIM5_IRQHandler                          0x0800034b   Thumb Code     0  startup_stm32f407xx.o(.text)
    TIM6_DAC_IRQHandler                      0x0800034b   Thumb Code     0  startup_stm32f407xx.o(.text)
    TIM7_IRQHandler                          0x0800034b   Thumb Code     0  startup_stm32f407xx.o(.text)
    TIM8_BRK_TIM12_IRQHandler                0x0800034b   Thumb Code     0  startup_stm32f407xx.o(.text)
    TIM8_CC_IRQHandler                       0x0800034b   Thumb Code     0  startup_stm32f407xx.o(.text)
    TIM8_TRG_COM_TIM14_IRQHandler            0x0800034b   Thumb Code     0  startup_stm32f407xx.o(.text)
    TIM8_UP_TIM13_IRQHandler                 0x0800034b   Thumb Code     0  startup_stm32f407xx.o(.text)
    UART4_IRQHandler                         0x0800034b   Thumb Code     0  startup_stm32f407xx.o(.text)
    UART5_IRQHandler                         0x0800034b   Thumb Code     0  startup_stm32f407xx.o(.text)
    USART2_IRQHandler                        0x0800034b   Thumb Code     0  startup_stm32f407xx.o(.text)
    USART6_IRQHandler                        0x0800034b   Thumb Code     0  startup_stm32f407xx.o(.text)
    WWDG_IRQHandler                          0x0800034b   Thumb Code     0  startup_stm32f407xx.o(.text)
    __user_initial_stackheap                 0x0800034d   Thumb Code     0  startup_stm32f407xx.o(.text)
    __use_no_semihosting                     0x08000371   Thumb Code     2  use_no_semi_2.o(.text)
    __2printf                                0x08000375   Thumb Code    20  noretval__2printf.o(.text)
    __printf                                 0x0800038d   Thumb Code   104  __printf.o(.text)
    _printf_str                              0x080003f5   Thumb Code    82  _printf_str.o(.text)
    _printf_int_dec                          0x08000449   Thumb Code   104  _printf_dec.o(.text)
    __use_two_region_memory                  0x080004c1   Thumb Code     2  heapauxi.o(.text)
    __rt_heap_escrow$2region                 0x080004c3   Thumb Code     2  heapauxi.o(.text)
    __rt_heap_expand$2region                 0x080004c5   Thumb Code     2  heapauxi.o(.text)
    __I$use$semihosting                      0x080004c7   Thumb Code     0  use_no_semi.o(.text)
    __use_no_semihosting_swi                 0x080004c7   Thumb Code     2  use_no_semi.o(.text)
    __read_errno                             0x080004c9   Thumb Code    10  _rserrno.o(.text)
    __set_errno                              0x080004d3   Thumb Code    12  _rserrno.o(.text)
    _printf_int_common                       0x080004df   Thumb Code   178  _printf_intcommon.o(.text)
    _printf_cs_common                        0x08000591   Thumb Code    20  _printf_char.o(.text)
    _printf_char                             0x080005a5   Thumb Code    16  _printf_char.o(.text)
    _printf_string                           0x080005b5   Thumb Code     8  _printf_char.o(.text)
    _printf_char_file                        0x080005bd   Thumb Code    32  _printf_char_file.o(.text)
    __aeabi_errno_addr                       0x080005e1   Thumb Code     8  rt_errno_addr_intlibspace.o(.text)
    __errno$intlibspace                      0x080005e1   Thumb Code     0  rt_errno_addr_intlibspace.o(.text)
    __rt_errno_addr$intlibspace              0x080005e1   Thumb Code     0  rt_errno_addr_intlibspace.o(.text)
    _printf_char_common                      0x080005f3   Thumb Code    32  _printf_char_common.o(.text)
    ferror                                   0x08000619   Thumb Code     8  ferror.o(.text)
    __user_libspace                          0x08000621   Thumb Code     8  libspace.o(.text)
    __user_perproc_libspace                  0x08000621   Thumb Code     0  libspace.o(.text)
    __user_perthread_libspace                0x08000621   Thumb Code     0  libspace.o(.text)
    __user_setup_stackheap                   0x08000629   Thumb Code    74  sys_stackheap_outer.o(.text)
    exit                                     0x08000673   Thumb Code    18  exit.o(.text)
    BMI088_ACCEL_NS_H                        0x08000685   Thumb Code    12  bmi088.o(i.BMI088_ACCEL_NS_H)
    BMI088_ACCEL_NS_L                        0x08000695   Thumb Code    12  bmi088.o(i.BMI088_ACCEL_NS_L)
    BMI088_GYRO_NS_H                         0x080006a5   Thumb Code    12  bmi088.o(i.BMI088_GYRO_NS_H)
    BMI088_GYRO_NS_L                         0x080006b5   Thumb Code    12  bmi088.o(i.BMI088_GYRO_NS_L)
    BMI088_Interrupt_InitConfig              0x080006c5   Thumb Code   124  bmi088.o(i.BMI088_Interrupt_InitConfig)
    BMI088_delay_ms                          0x08000745   Thumb Code    26  bmi088.o(i.BMI088_delay_ms)
    BMI088_delay_us                          0x0800075f   Thumb Code    74  bmi088.o(i.BMI088_delay_us)
    BMI088_init                              0x080007a9   Thumb Code    42  bmi088.o(i.BMI088_init)
    BMI088_read                              0x080007d5   Thumb Code   396  bmi088.o(i.BMI088_read)
    BMI088_read_write_byte                   0x080009ad   Thumb Code    50  spi.o(i.BMI088_read_write_byte)
    BaseHardwork_Init                        0x080009f9   Thumb Code    54  main.o(i.BaseHardwork_Init)
    Beep_Init                                0x08000a31   Thumb Code   156  beep.o(i.Beep_Init)
    Beep_OFF                                 0x08000ad5   Thumb Code    12  beep.o(i.Beep_OFF)
    Beep_ON                                  0x08000ae5   Thumb Code    12  beep.o(i.Beep_ON)
    BusFault_Handler                         0x08000af5   Thumb Code     4  stm32f4xx_it.o(i.BusFault_Handler)
    CAN1_Init                                0x08000af9   Thumb Code   282  can.o(i.CAN1_Init)
    CAN1_RX0_IRQHandler                      0x08000c1d   Thumb Code   288  can.o(i.CAN1_RX0_IRQHandler)
    CAN1_Send_Cmd                            0x08000d69   Thumb Code   102  can.o(i.CAN1_Send_Cmd)
    CAN1_TX_IRQHandler                       0x08000dd9   Thumb Code    28  can.o(i.CAN1_TX_IRQHandler)
    CAN1_TX_Jiont                            0x08000dfd   Thumb Code   528  can.o(i.CAN1_TX_Jiont)
    CAN2_Init                                0x08001035   Thumb Code   294  can.o(i.CAN2_Init)
    CAN2_RX0_IRQHandler                      0x08001165   Thumb Code   166  can.o(i.CAN2_RX0_IRQHandler)
    CAN2_TX                                  0x08001221   Thumb Code   352  can.o(i.CAN2_TX)
    CAN2_TX_IRQHandler                       0x080013a9   Thumb Code    28  can.o(i.CAN2_TX_IRQHandler)
    CAN_ClearITPendingBit                    0x080013cd   Thumb Code   162  stm32f4xx_can.o(i.CAN_ClearITPendingBit)
    CAN_DeInit                               0x08001475   Thumb Code    50  stm32f4xx_can.o(i.CAN_DeInit)
    CAN_FilterInit                           0x080014ad   Thumb Code   258  stm32f4xx_can.o(i.CAN_FilterInit)
    CAN_GetITStatus                          0x080015b5   Thumb Code   284  stm32f4xx_can.o(i.CAN_GetITStatus)
    CAN_ITConfig                             0x080016d5   Thumb Code    18  stm32f4xx_can.o(i.CAN_ITConfig)
    CAN_Init                                 0x080016e7   Thumb Code   276  stm32f4xx_can.o(i.CAN_Init)
    CAN_Receive                              0x080017fb   Thumb Code   240  stm32f4xx_can.o(i.CAN_Receive)
    CAN_StructInit                           0x080018eb   Thumb Code    32  stm32f4xx_can.o(i.CAN_StructInit)
    CAN_Transmit                             0x0800190b   Thumb Code   294  stm32f4xx_can.o(i.CAN_Transmit)
    Coordinate_Inverse                       0x08001a45   Thumb Code   750  move_control.o(i.Coordinate_Inverse)
    DBUS_Receive_Data_Task                   0x08001d6d   Thumb Code   256  dr16.o(i.DBUS_Receive_Data_Task)
    DMA1_Stream1_IRQHandler                  0x08001e75   Thumb Code    60  dr16.o(i.DMA1_Stream1_IRQHandler)
    DMA1_Stream3_IRQHandler                  0x08001ec1   Thumb Code    40  usart.o(i.DMA1_Stream3_IRQHandler)
    DMA_ClearFlag                            0x08001ef1   Thumb Code    38  stm32f4xx_dma.o(i.DMA_ClearFlag)
    DMA_ClearITPendingBit                    0x08001f25   Thumb Code    38  stm32f4xx_dma.o(i.DMA_ClearITPendingBit)
    DMA_Cmd                                  0x08001f59   Thumb Code    22  stm32f4xx_dma.o(i.DMA_Cmd)
    DMA_DeInit                               0x08001f71   Thumb Code   324  stm32f4xx_dma.o(i.DMA_DeInit)
    DMA_GetITStatus                          0x080020c9   Thumb Code    82  stm32f4xx_dma.o(i.DMA_GetITStatus)
    DMA_ITConfig                             0x0800212d   Thumb Code    58  stm32f4xx_dma.o(i.DMA_ITConfig)
    DMA_Init                                 0x08002169   Thumb Code    82  stm32f4xx_dma.o(i.DMA_Init)
    DMA_SetCurrDataCounter                   0x080021c1   Thumb Code     4  stm32f4xx_dma.o(i.DMA_SetCurrDataCounter)
    DR16_InitConfig                          0x080021c5   Thumb Code   276  dr16.o(i.DR16_InitConfig)
    DebugMon_Handler                         0x080022f5   Thumb Code     2  stm32f4xx_it.o(i.DebugMon_Handler)
    EXTI4_IRQHandler                         0x080022f9   Thumb Code    50  imu.o(i.EXTI4_IRQHandler)
    EXTI_ClearITPendingBit                   0x08002335   Thumb Code     6  stm32f4xx_exti.o(i.EXTI_ClearITPendingBit)
    EXTI_GetITStatus                         0x08002341   Thumb Code    20  stm32f4xx_exti.o(i.EXTI_GetITStatus)
    EXTI_Init                                0x08002359   Thumb Code   142  stm32f4xx_exti.o(i.EXTI_Init)
    Foot_Control                             0x080023ed   Thumb Code   654  move_control.o(i.Foot_Control)
    Foot_Direction_Init                      0x080026dd   Thumb Code    58  move_control.o(i.Foot_Direction_Init)
    GPIO_Init                                0x08002729   Thumb Code   144  stm32f4xx_gpio.o(i.GPIO_Init)
    GPIO_PinAFConfig                         0x080027b9   Thumb Code    70  stm32f4xx_gpio.o(i.GPIO_PinAFConfig)
    GPIO_ResetBits                           0x080027ff   Thumb Code     4  stm32f4xx_gpio.o(i.GPIO_ResetBits)
    GPIO_SetBits                             0x08002803   Thumb Code     4  stm32f4xx_gpio.o(i.GPIO_SetBits)
    GPIO_ToggleBits                          0x08002807   Thumb Code     8  stm32f4xx_gpio.o(i.GPIO_ToggleBits)
    HardFault_Handler                        0x0800280f   Thumb Code     4  stm32f4xx_it.o(i.HardFault_Handler)
    Heart_Task                               0x08002815   Thumb Code    22  led.o(i.Heart_Task)
    Heat_Init                                0x08002831   Thumb Code   152  bmi088.o(i.Heat_Init)
    IMU_Get_Data                             0x080028d1   Thumb Code   526  imu.o(i.IMU_Get_Data)
    IMU_Get_Data_Task                        0x08002b09   Thumb Code    24  imu.o(i.IMU_Get_Data_Task)
    Jiont_Motor_FOC_Init                     0x08002b21   Thumb Code   388  foc.o(i.Jiont_Motor_FOC_Init)
    Jiont_Motor_PID_Init                     0x08002cd5   Thumb Code  1672  foc.o(i.Jiont_Motor_PID_Init)
    KalmanFilter                             0x0800339d   Thumb Code   134  kalman.o(i.KalmanFilter)
    LED_Init                                 0x08003425   Thumb Code    80  led.o(i.LED_Init)
    Laser_InitConfig                         0x08003479   Thumb Code    60  laser.o(i.Laser_InitConfig)
    MPU6500_Gyro_Cali                        0x080034b9   Thumb Code   320  imu.o(i.MPU6500_Gyro_Cali)
    MahonyAHRSupdateIMU                      0x0800360d   Thumb Code   976  imu.o(i.MahonyAHRSupdateIMU)
    MemManage_Handler                        0x08003a05   Thumb Code     4  stm32f4xx_it.o(i.MemManage_Handler)
    Move_Control_Task                        0x08003a09   Thumb Code   190  move_control.o(i.Move_Control_Task)
    NMI_Handler                              0x08003af9   Thumb Code     2  stm32f4xx_it.o(i.NMI_Handler)
    NVIC_Init                                0x08003afd   Thumb Code   106  misc.o(i.NVIC_Init)
    NVIC_PriorityGroupConfig                 0x08003b75   Thumb Code    10  misc.o(i.NVIC_PriorityGroupConfig)
    Pid_Calc                                 0x08003b89   Thumb Code   742  foc.o(i.Pid_Calc)
    RCC_AHB1PeriphClockCmd                   0x08003e89   Thumb Code    26  stm32f4xx_rcc.o(i.RCC_AHB1PeriphClockCmd)
    RCC_APB1PeriphClockCmd                   0x08003ea9   Thumb Code    26  stm32f4xx_rcc.o(i.RCC_APB1PeriphClockCmd)
    RCC_APB1PeriphResetCmd                   0x08003ec9   Thumb Code    26  stm32f4xx_rcc.o(i.RCC_APB1PeriphResetCmd)
    RCC_APB2PeriphClockCmd                   0x08003ee9   Thumb Code    26  stm32f4xx_rcc.o(i.RCC_APB2PeriphClockCmd)
    RCC_APB2PeriphResetCmd                   0x08003f09   Thumb Code    26  stm32f4xx_rcc.o(i.RCC_APB2PeriphResetCmd)
    RCC_GetClocksFreq                        0x08003f29   Thumb Code   214  stm32f4xx_rcc.o(i.RCC_GetClocksFreq)
    SPI_Cmd                                  0x08004011   Thumb Code    24  stm32f4xx_spi.o(i.SPI_Cmd)
    SPI_GPIO_InitConfig                      0x08004029   Thumb Code   268  spi.o(i.SPI_GPIO_InitConfig)
    SPI_I2S_GetFlagStatus                    0x08004141   Thumb Code    18  stm32f4xx_spi.o(i.SPI_I2S_GetFlagStatus)
    SPI_I2S_ReceiveData                      0x08004153   Thumb Code     6  stm32f4xx_spi.o(i.SPI_I2S_ReceiveData)
    SPI_I2S_SendData                         0x08004159   Thumb Code     4  stm32f4xx_spi.o(i.SPI_I2S_SendData)
    SPI_Init                                 0x0800415d   Thumb Code    60  stm32f4xx_spi.o(i.SPI_Init)
    SYSCFG_EXTILineConfig                    0x08004199   Thumb Code    60  stm32f4xx_syscfg.o(i.SYSCFG_EXTILineConfig)
    Shrink                                   0x080042c5   Thumb Code   186  move_control.o(i.Shrink)
    Slide                                    0x080043c1   Thumb Code   170  move_control.o(i.Slide)
    SysTick_CLKSourceConfig                  0x08004481   Thumb Code    40  misc.o(i.SysTick_CLKSourceConfig)
    SysTick_Handler                          0x080044a9   Thumb Code    16  stm32f4xx_it.o(i.SysTick_Handler)
    SystemInit                               0x080044b9   Thumb Code    88  system_stm32f4xx.o(i.SystemInit)
    TIM1_BRK_TIM9_IRQHandler                 0x08004521   Thumb Code    60  tim9.o(i.TIM1_BRK_TIM9_IRQHandler)
    TIM9_Init                                0x08004575   Thumb Code    96  tim9.o(i.TIM9_Init)
    TIM_ARRPreloadConfig                     0x080045d9   Thumb Code    24  stm32f4xx_tim.o(i.TIM_ARRPreloadConfig)
    TIM_ClearFlag                            0x080045f1   Thumb Code     6  stm32f4xx_tim.o(i.TIM_ClearFlag)
    TIM_ClearITPendingBit                    0x080045f7   Thumb Code     6  stm32f4xx_tim.o(i.TIM_ClearITPendingBit)
    TIM_Cmd                                  0x080045fd   Thumb Code    24  stm32f4xx_tim.o(i.TIM_Cmd)
    TIM_GetITStatus                          0x08004615   Thumb Code    34  stm32f4xx_tim.o(i.TIM_GetITStatus)
    TIM_ITConfig                             0x08004637   Thumb Code    18  stm32f4xx_tim.o(i.TIM_ITConfig)
    TIM_OC1Init                              0x08004649   Thumb Code   114  stm32f4xx_tim.o(i.TIM_OC1Init)
    TIM_OC1PreloadConfig                     0x080046c5   Thumb Code    18  stm32f4xx_tim.o(i.TIM_OC1PreloadConfig)
    TIM_OC3Init                              0x080046d9   Thumb Code   150  stm32f4xx_tim.o(i.TIM_OC3Init)
    TIM_OC3PreloadConfig                     0x08004779   Thumb Code    18  stm32f4xx_tim.o(i.TIM_OC3PreloadConfig)
    TIM_SetCompare3                          0x0800478b   Thumb Code     4  stm32f4xx_tim.o(i.TIM_SetCompare3)
    TIM_TimeBaseInit                         0x08004791   Thumb Code   104  stm32f4xx_tim.o(i.TIM_TimeBaseInit)
    USART1_IRQHandler                        0x08004815   Thumb Code    34  usart.o(i.USART1_IRQHandler)
    USART1_Init                              0x0800483d   Thumb Code   216  usart.o(i.USART1_Init)
    USART3_IRQHandler                        0x08004921   Thumb Code    92  usart.o(i.USART3_IRQHandler)
    USART_ClearFlag                          0x0800498d   Thumb Code    18  stm32f4xx_usart.o(i.USART_ClearFlag)
    USART_Cmd                                0x0800499f   Thumb Code    24  stm32f4xx_usart.o(i.USART_Cmd)
    USART_DMACmd                             0x080049b7   Thumb Code    18  stm32f4xx_usart.o(i.USART_DMACmd)
    USART_DeInit                             0x080049c9   Thumb Code   206  stm32f4xx_usart.o(i.USART_DeInit)
    USART_GetFlagStatus                      0x08004ab9   Thumb Code    26  stm32f4xx_usart.o(i.USART_GetFlagStatus)
    USART_GetITStatus                        0x08004ad3   Thumb Code    84  stm32f4xx_usart.o(i.USART_GetITStatus)
    USART_ITConfig                           0x08004b27   Thumb Code    74  stm32f4xx_usart.o(i.USART_ITConfig)
    USART_Init                               0x08004b71   Thumb Code   204  stm32f4xx_usart.o(i.USART_Init)
    USART_SendData                           0x08004c45   Thumb Code     8  stm32f4xx_usart.o(i.USART_SendData)
    UsageFault_Handler                       0x08004c4d   Thumb Code     4  stm32f4xx_it.o(i.UsageFault_Handler)
    Wheel_Motor_PID_Init                     0x08004c51   Thumb Code   786  foc.o(i.Wheel_Motor_PID_Init)
    __ARM_fpclassify                         0x08004f85   Thumb Code    48  fpclassify.o(i.__ARM_fpclassify)
    __ARM_fpclassifyf                        0x08004fb5   Thumb Code    38  fpclassifyf.o(i.__ARM_fpclassifyf)
    __hardfp_asin                            0x08004fe1   Thumb Code   770  asin.o(i.__hardfp_asin)
    __hardfp_asinf                           0x08005341   Thumb Code   258  asinf.o(i.__hardfp_asinf)
    __hardfp_atan                            0x08005471   Thumb Code   622  atan.o(i.__hardfp_atan)
    __hardfp_atan2f                          0x08005749   Thumb Code   502  atan2f.o(i.__hardfp_atan2f)
    __hardfp_cos                             0x08005999   Thumb Code   180  cos.o(i.__hardfp_cos)
    __hardfp_fabs                            0x08005a61   Thumb Code    20  fabs.o(i.__hardfp_fabs)
    __hardfp_sin                             0x08005a79   Thumb Code   180  sin.o(i.__hardfp_sin)
    __hardfp_sqrt                            0x08005b41   Thumb Code   122  sqrt.o(i.__hardfp_sqrt)
    __ieee754_rem_pio2                       0x08005bc1   Thumb Code   938  rred.o(i.__ieee754_rem_pio2)
    __kernel_cos                             0x08005ff9   Thumb Code   322  cos_i.o(i.__kernel_cos)
    __kernel_poly                            0x08006169   Thumb Code   248  poly.o(i.__kernel_poly)
    __kernel_sin                             0x08006261   Thumb Code   280  sin_i.o(i.__kernel_sin)
    __mathlib_dbl_infnan                     0x08006391   Thumb Code    20  dunder.o(i.__mathlib_dbl_infnan)
    __mathlib_dbl_invalid                    0x080063a9   Thumb Code    24  dunder.o(i.__mathlib_dbl_invalid)
    __mathlib_dbl_underflow                  0x080063c9   Thumb Code    24  dunder.o(i.__mathlib_dbl_underflow)
    __mathlib_flt_infnan                     0x080063e9   Thumb Code     6  funder.o(i.__mathlib_flt_infnan)
    __mathlib_flt_infnan2                    0x080063ef   Thumb Code     6  funder.o(i.__mathlib_flt_infnan2)
    __mathlib_flt_invalid                    0x080063f5   Thumb Code    10  funder.o(i.__mathlib_flt_invalid)
    __mathlib_flt_underflow                  0x08006405   Thumb Code    10  funder.o(i.__mathlib_flt_underflow)
    _sys_exit                                0x08006415   Thumb Code     4  usart.o(i._sys_exit)
    bmi088_accel_init                        0x08006419   Thumb Code   290  bmi088.o(i.bmi088_accel_init)
    bmi088_gyro_init                         0x08006541   Thumb Code   238  bmi088.o(i.bmi088_gyro_init)
    delay_init                               0x08006635   Thumb Code    58  delay.o(i.delay_init)
    delay_ms                                 0x08006679   Thumb Code    60  delay.o(i.delay_ms)
    delay_us                                 0x080066b9   Thumb Code    68  delay.o(i.delay_us)
    fabs                                     0x08006701   Thumb Code    24  fabs.o(i.fabs)
    float_to_uint                            0x08006719   Thumb Code    50  can.o(i.float_to_uint)
    fputc                                    0x0800674d   Thumb Code    32  usart.o(i.fputc)
    invSqrt                                  0x08006771   Thumb Code    56  imu.o(i.invSqrt)
    kalmanCreate                             0x080067ad   Thumb Code    50  kalman.o(i.kalmanCreate)
    main                                     0x080067e5   Thumb Code    28  main.o(i.main)
    pvPortMalloc                             0x08006c9d   Thumb Code   262  heap_4.o(i.pvPortMalloc)
    pxPortInitialiseStack                    0x08006ded   Thumb Code    38  port.o(i.pxPortInitialiseStack)
    signal_leg                               0x08006e19   Thumb Code    62  move_control.o(i.signal_leg)
    sqrt                                     0x08006e5d   Thumb Code   110  sqrt.o(i.sqrt)
    sqrtf                                    0x08006ecb   Thumb Code    62  sqrtf.o(i.sqrtf)
    startTask                                0x08006f09   Thumb Code    24  app_task.o(i.startTask)
    start_task                               0x08006f35   Thumb Code   104  app_task.o(i.start_task)
    uint_to_float                            0x0800700d   Thumb Code    52  can.o(i.uint_to_float)
    ulTaskNotifyTake                         0x08007041   Thumb Code   108  tasks.o(i.ulTaskNotifyTake)
    uxListRemove                             0x080070b5   Thumb Code    40  list.o(i.uxListRemove)
    vListInitialise                          0x080070dd   Thumb Code    26  list.o(i.vListInitialise)
    vListInitialiseItem                      0x080070f7   Thumb Code     6  list.o(i.vListInitialiseItem)
    vListInsert                              0x080070fd   Thumb Code    52  list.o(i.vListInsert)
    vListInsertEnd                           0x08007131   Thumb Code    24  list.o(i.vListInsertEnd)
    vPortEnterCritical                       0x08007149   Thumb Code    68  port.o(i.vPortEnterCritical)
    vPortExitCritical                        0x080071cd   Thumb Code    48  port.o(i.vPortExitCritical)
    vPortFree                                0x08007239   Thumb Code   120  heap_4.o(i.vPortFree)
    vPortSetupTimerInterrupt                 0x080072ed   Thumb Code    26  port.o(i.vPortSetupTimerInterrupt)
    vPortValidateInterruptPriority           0x0800730d   Thumb Code    86  port.o(i.vPortValidateInterruptPriority)
    vTaskDelay                               0x080073a9   Thumb Code    72  tasks.o(i.vTaskDelay)
    vTaskDelete                              0x08007421   Thumb Code   192  tasks.o(i.vTaskDelete)
    vTaskNotifyGiveFromISR                   0x08007531   Thumb Code   194  tasks.o(i.vTaskNotifyGiveFromISR)
    vTaskStartScheduler                      0x08007635   Thumb Code   102  tasks.o(i.vTaskStartScheduler)
    vTaskSuspendAll                          0x080076e5   Thumb Code    12  tasks.o(i.vTaskSuspendAll)
    vTaskSwitchContext                       0x080076f5   Thumb Code   110  tasks.o(i.vTaskSwitchContext)
    xPortStartScheduler                      0x080077a1   Thumb Code   258  port.o(i.xPortStartScheduler)
    xPortSysTickHandler                      0x080078f9   Thumb Code    46  port.o(i.xPortSysTickHandler)
    xTaskCreate                              0x0800792d   Thumb Code    96  tasks.o(i.xTaskCreate)
    xTaskGetSchedulerState                   0x0800798d   Thumb Code    24  tasks.o(i.xTaskGetSchedulerState)
    xTaskIncrementTick                       0x080079ad   Thumb Code   272  tasks.o(i.xTaskIncrementTick)
    xTaskResumeAll                           0x08007b11   Thumb Code   214  tasks.o(i.xTaskResumeAll)
    __aeabi_dneg                             0x08007c35   Thumb Code     0  basic.o(x$fpl$basic)
    _dneg                                    0x08007c35   Thumb Code     6  basic.o(x$fpl$basic)
    __aeabi_fneg                             0x08007c3b   Thumb Code     0  basic.o(x$fpl$basic)
    _fneg                                    0x08007c3b   Thumb Code     6  basic.o(x$fpl$basic)
    _dabs                                    0x08007c41   Thumb Code     6  basic.o(x$fpl$basic)
    _fabs                                    0x08007c47   Thumb Code     6  basic.o(x$fpl$basic)
    __aeabi_d2f                              0x08007c4d   Thumb Code     0  d2f.o(x$fpl$d2f)
    _d2f                                     0x08007c4d   Thumb Code    98  d2f.o(x$fpl$d2f)
    __aeabi_dadd                             0x08007cb1   Thumb Code     0  daddsub_clz.o(x$fpl$dadd)
    _dadd                                    0x08007cb1   Thumb Code   332  daddsub_clz.o(x$fpl$dadd)
    __fpl_dcmp_Inf                           0x08007e01   Thumb Code    24  dcmpi.o(x$fpl$dcmpinf)
    __aeabi_ddiv                             0x08007e19   Thumb Code     0  ddiv.o(x$fpl$ddiv)
    _ddiv                                    0x08007e19   Thumb Code   552  ddiv.o(x$fpl$ddiv)
    __aeabi_cdcmpeq                          0x080080c9   Thumb Code     0  deqf.o(x$fpl$deqf)
    _dcmpeq                                  0x080080c9   Thumb Code   120  deqf.o(x$fpl$deqf)
    __aeabi_d2iz                             0x08008141   Thumb Code     0  dfix.o(x$fpl$dfix)
    _dfix                                    0x08008141   Thumb Code    94  dfix.o(x$fpl$dfix)
    __aeabi_i2d                              0x0800819f   Thumb Code     0  dflt_clz.o(x$fpl$dflt)
    _dflt                                    0x0800819f   Thumb Code    46  dflt_clz.o(x$fpl$dflt)
    __aeabi_ui2d                             0x080081cd   Thumb Code     0  dflt_clz.o(x$fpl$dfltu)
    _dfltu                                   0x080081cd   Thumb Code    38  dflt_clz.o(x$fpl$dfltu)
    __aeabi_cdcmple                          0x080081f5   Thumb Code     0  dleqf.o(x$fpl$dleqf)
    _dcmple                                  0x080081f5   Thumb Code   120  dleqf.o(x$fpl$dleqf)
    __fpl_dcmple_InfNaN                      0x08008257   Thumb Code     0  dleqf.o(x$fpl$dleqf)
    __aeabi_dmul                             0x0800826d   Thumb Code     0  dmul.o(x$fpl$dmul)
    _dmul                                    0x0800826d   Thumb Code   332  dmul.o(x$fpl$dmul)
    __fpl_dnaninf                            0x080083c1   Thumb Code   156  dnaninf.o(x$fpl$dnaninf)
    __fpl_dretinf                            0x0800845d   Thumb Code    12  dretinf.o(x$fpl$dretinf)
    __aeabi_cdrcmple                         0x08008469   Thumb Code     0  drleqf.o(x$fpl$drleqf)
    _drcmple                                 0x08008469   Thumb Code   108  drleqf.o(x$fpl$drleqf)
    __aeabi_drsub                            0x080084d5   Thumb Code     0  daddsub_clz.o(x$fpl$drsb)
    _drsb                                    0x080084d5   Thumb Code    22  daddsub_clz.o(x$fpl$drsb)
    _dsqrt                                   0x080084ed   Thumb Code   404  dsqrt_umaal.o(x$fpl$dsqrt)
    __aeabi_dsub                             0x08008685   Thumb Code     0  daddsub_clz.o(x$fpl$dsub)
    _dsub                                    0x08008685   Thumb Code   464  daddsub_clz.o(x$fpl$dsub)
    __aeabi_f2d                              0x08008859   Thumb Code     0  f2d.o(x$fpl$f2d)
    _f2d                                     0x08008859   Thumb Code    86  f2d.o(x$fpl$f2d)
    __fpl_fnaninf                            0x080088af   Thumb Code   140  fnaninf.o(x$fpl$fnaninf)
    _fp_init                                 0x0800893b   Thumb Code    10  fpinit.o(x$fpl$fpinit)
    __fplib_config_fpu_vfp                   0x08008943   Thumb Code     0  fpinit.o(x$fpl$fpinit)
    __fplib_config_pureend_doubles           0x08008943   Thumb Code     0  fpinit.o(x$fpl$fpinit)
    __fpl_fretinf                            0x08008945   Thumb Code    10  fretinf.o(x$fpl$fretinf)
    __I$use$fp                               0x0800894e   Number         0  usenofp.o(x$fpl$usenofp)
    Region$$Table$$Base                      0x08008b58   Number         0  anon$$obj.o(Region$$Table)
    Region$$Table$$Limit                     0x08008b78   Number         0  anon$$obj.o(Region$$Table)
    pxCurrentTCB                             0x20000034   Data           4  tasks.o(.data)
    SystemCoreClock                          0x20000074   Data           4  system_stm32f4xx.o(.data)
    AHBPrescTable                            0x20000078   Data          16  system_stm32f4xx.o(.data)
    GetTick                                  0x20000088   Data           4  tim9.o(.data)
    CPU_RunTime                              0x2000008c   Data           4  tim9.o(.data)
    TX2_Decode_Task_Handler                  0x20000094   Data           4  app_task.o(.data)
    DBUS_Receive_Data_Task_Handler           0x20000098   Data           4  app_task.o(.data)
    IMU_Get_Data_Task_Handler                0x2000009c   Data           4  app_task.o(.data)
    Move_Control_Task_Handler                0x200000a0   Data           4  app_task.o(.data)
    Heart_Task_Handler                       0x200000a4   Data           4  app_task.o(.data)
    __stdout                                 0x200000a8   Data           4  usart.o(.data)
    MPU_id                                   0x200000ac   Data           1  imu.o(.data)
    last_update                              0x200000b0   Data           4  imu.o(.data)
    now_update                               0x200000b4   Data           4  imu.o(.data)
    IMU_OFFset_Flag                          0x200000b8   Data           1  imu.o(.data)
    quat                                     0x200000bc   Data          16  imu.o(.data)
    twoKp                                    0x200000cc   Data           4  imu.o(.data)
    twoKi                                    0x200000d0   Data           4  imu.o(.data)
    integralFBx                              0x200000d4   Data           4  imu.o(.data)
    integralFBy                              0x200000d8   Data           4  imu.o(.data)
    integralFBz                              0x200000dc   Data           4  imu.o(.data)
    CAN_DATA_CMD_ON                          0x200000e8   Data           8  can.o(.data)
    CAN_DATA_CMD_OFF                         0x200000f0   Data           8  can.o(.data)
    CAN_DATA_CMD_SET_0                       0x200000f8   Data           8  can.o(.data)
    CAN_DATA_CMD_Change_ID                   0x20000100   Data           8  can.o(.data)
    Left_Front_Start_Flag                    0x20000108   Data           1  move_control.o(.data)
    Left_Back_Start_Flag                     0x20000109   Data           1  move_control.o(.data)
    Right_Back_Start_Flag                    0x2000010a   Data           1  move_control.o(.data)
    Right_Front_Start_Flag                   0x2000010b   Data           1  move_control.o(.data)
    count_num                                0x2000010c   Data           1  move_control.o(.data)
    wheel_turn                               0x2000010d   Data           1  move_control.o(.data)
    TIM_t                                    0x20000110   Data           4  move_control.o(.data)
    mode                                     0x20000114   Data           4  move_control.o(.data)
    Contron_ID                               0x20000118   Data           1  move_control.o(.data)
    yaw                                      0x2000011c   Data           4  move_control.o(.data)
    pitch                                    0x20000120   Data           4  move_control.o(.data)
    roll                                     0x20000124   Data           4  move_control.o(.data)
    BMI088_ACCEL_SEN                         0x20000128   Data           4  bmi088.o(.data)
    BMI088_GYRO_SEN                          0x2000012c   Data           4  bmi088.o(.data)
    DBUS_buffer                              0x20009438   Data          18  dr16.o(.bss)
    DBUS                                     0x2000944a   Data          22  dr16.o(.bss)
    IMU_Raw_Data                             0x20009460   Data          40  imu.o(.bss)
    IMU_Real_Data                            0x20009488   Data          52  imu.o(.bss)
    IMU_Offset_Data                          0x200094bc   Data          52  imu.o(.bss)
    Wheel_Motor_PID_201                      0x200094f0   Data         104  foc.o(.bss)
    Wheel_Motor_PID_202                      0x20009558   Data         104  foc.o(.bss)
    Wheel_Motor_PID_203                      0x200095c0   Data         104  foc.o(.bss)
    Wheel_Motor_PID_204                      0x20009628   Data         104  foc.o(.bss)
    Jiont_Motor_PID_LF_U                     0x20009690   Data         104  foc.o(.bss)
    Jiont_Motor_PID_LF_D                     0x200096f8   Data         104  foc.o(.bss)
    Jiont_Motor_PID_LB_U                     0x20009760   Data         104  foc.o(.bss)
    Jiont_Motor_PID_LB_D                     0x200097c8   Data         104  foc.o(.bss)
    Jiont_Motor_PID_RB_U                     0x20009830   Data         104  foc.o(.bss)
    Jiont_Motor_PID_RB_D                     0x20009898   Data         104  foc.o(.bss)
    Jiont_Motor_PID_RF_U                     0x20009900   Data         104  foc.o(.bss)
    Jiont_Motor_PID_RF_D                     0x20009968   Data         104  foc.o(.bss)
    Joint_LF_U                               0x200099d0   Data          40  can.o(.bss)
    Joint_LF_D                               0x200099f8   Data          40  can.o(.bss)
    Joint_LB_U                               0x20009a20   Data          40  can.o(.bss)
    Joint_LB_D                               0x20009a48   Data          40  can.o(.bss)
    Joint_RB_U                               0x20009a70   Data          40  can.o(.bss)
    Joint_RB_D                               0x20009a98   Data          40  can.o(.bss)
    Joint_RF_U                               0x20009ac0   Data          40  can.o(.bss)
    Joint_RF_D                               0x20009ae8   Data          40  can.o(.bss)
    Wheel_LF                                 0x20009b10   Data          10  can.o(.bss)
    Wheel_LB                                 0x20009b1a   Data          10  can.o(.bss)
    Wheel_RB                                 0x20009b24   Data          10  can.o(.bss)
    Wheel_RF                                 0x20009b2e   Data          10  can.o(.bss)
    Left_Front_Leg_Struct                    0x20009b38   Data          48  move_control.o(.bss)
    Left_Back_Leg_Struct                     0x20009b68   Data          48  move_control.o(.bss)
    Right_Back_Leg_Struct                    0x20009b98   Data          48  move_control.o(.bss)
    Right_Front_Leg_Struct                   0x20009bc8   Data          48  move_control.o(.bss)
    __libspace_start                         0x20009bf8   Data          96  libspace.o(.bss)
    __temporary_stack_top$libspace           0x20009c58   Data           0  libspace.o(.bss)



==============================================================================

Memory Map of the image

  Image Entry point : 0x08000189

  Load Region LR_IROM1 (Base: 0x08000000, Size: 0x00008ccc, Max: 0x00100000, ABSOLUTE, COMPRESSED[0x00008be0])

    Execution Region ER_IROM1 (Exec base: 0x08000000, Load base: 0x08000000, Size: 0x00008b78, Max: 0x00100000, ABSOLUTE)

    Exec Addr    Load Addr    Size         Type   Attr      Idx    E Section Name        Object

    0x08000000   0x08000000   0x00000188   Data   RO            3    RESET               startup_stm32f407xx.o
    0x08000188   0x08000188   0x00000008   Code   RO         6748  * !!!main             c_w.l(__main.o)
    0x08000190   0x08000190   0x00000034   Code   RO         7130    !!!scatter          c_w.l(__scatter.o)
    0x080001c4   0x080001c4   0x0000005a   Code   RO         7128    !!dczerorl2         c_w.l(__dczerorl2.o)
    0x0800021e   0x0800021e   0x00000002   PAD
    0x08000220   0x08000220   0x0000001c   Code   RO         7132    !!handler_zi        c_w.l(__scatter_zi.o)
    0x0800023c   0x0800023c   0x00000000   Code   RO         6743    .ARM.Collect$$_printf_percent$$00000000  c_w.l(_printf_percent.o)
    0x0800023c   0x0800023c   0x00000006   Code   RO         6742    .ARM.Collect$$_printf_percent$$00000009  c_w.l(_printf_d.o)
    0x08000242   0x08000242   0x00000006   Code   RO         6741    .ARM.Collect$$_printf_percent$$00000014  c_w.l(_printf_s.o)
    0x08000248   0x08000248   0x00000004   Code   RO         6879    .ARM.Collect$$_printf_percent$$00000017  c_w.l(_printf_percent_end.o)
    0x0800024c   0x0800024c   0x00000002   Code   RO         7005    .ARM.Collect$$libinit$$00000000  c_w.l(libinit.o)
    0x0800024e   0x0800024e   0x00000004   Code   RO         7008    .ARM.Collect$$libinit$$00000001  c_w.l(libinit2.o)
    0x08000252   0x08000252   0x00000000   Code   RO         7011    .ARM.Collect$$libinit$$00000004  c_w.l(libinit2.o)
    0x08000252   0x08000252   0x00000000   Code   RO         7014    .ARM.Collect$$libinit$$0000000A  c_w.l(libinit2.o)
    0x08000252   0x08000252   0x00000000   Code   RO         7016    .ARM.Collect$$libinit$$0000000C  c_w.l(libinit2.o)
    0x08000252   0x08000252   0x00000000   Code   RO         7018    .ARM.Collect$$libinit$$0000000E  c_w.l(libinit2.o)
    0x08000252   0x08000252   0x00000000   Code   RO         7021    .ARM.Collect$$libinit$$00000011  c_w.l(libinit2.o)
    0x08000252   0x08000252   0x00000000   Code   RO         7023    .ARM.Collect$$libinit$$00000013  c_w.l(libinit2.o)
    0x08000252   0x08000252   0x00000000   Code   RO         7025    .ARM.Collect$$libinit$$00000015  c_w.l(libinit2.o)
    0x08000252   0x08000252   0x00000000   Code   RO         7027    .ARM.Collect$$libinit$$00000017  c_w.l(libinit2.o)
    0x08000252   0x08000252   0x00000000   Code   RO         7029    .ARM.Collect$$libinit$$00000019  c_w.l(libinit2.o)
    0x08000252   0x08000252   0x00000000   Code   RO         7031    .ARM.Collect$$libinit$$0000001B  c_w.l(libinit2.o)
    0x08000252   0x08000252   0x00000000   Code   RO         7033    .ARM.Collect$$libinit$$0000001D  c_w.l(libinit2.o)
    0x08000252   0x08000252   0x00000000   Code   RO         7035    .ARM.Collect$$libinit$$0000001F  c_w.l(libinit2.o)
    0x08000252   0x08000252   0x00000000   Code   RO         7037    .ARM.Collect$$libinit$$00000021  c_w.l(libinit2.o)
    0x08000252   0x08000252   0x00000000   Code   RO         7039    .ARM.Collect$$libinit$$00000023  c_w.l(libinit2.o)
    0x08000252   0x08000252   0x00000000   Code   RO         7041    .ARM.Collect$$libinit$$00000025  c_w.l(libinit2.o)
    0x08000252   0x08000252   0x00000000   Code   RO         7045    .ARM.Collect$$libinit$$0000002C  c_w.l(libinit2.o)
    0x08000252   0x08000252   0x00000000   Code   RO         7047    .ARM.Collect$$libinit$$0000002E  c_w.l(libinit2.o)
    0x08000252   0x08000252   0x00000000   Code   RO         7049    .ARM.Collect$$libinit$$00000030  c_w.l(libinit2.o)
    0x08000252   0x08000252   0x00000000   Code   RO         7051    .ARM.Collect$$libinit$$00000032  c_w.l(libinit2.o)
    0x08000252   0x08000252   0x00000002   Code   RO         7052    .ARM.Collect$$libinit$$00000033  c_w.l(libinit2.o)
    0x08000254   0x08000254   0x00000002   Code   RO         7070    .ARM.Collect$$libshutdown$$00000000  c_w.l(libshutdown.o)
    0x08000256   0x08000256   0x00000000   Code   RO         7080    .ARM.Collect$$libshutdown$$00000002  c_w.l(libshutdown2.o)
    0x08000256   0x08000256   0x00000000   Code   RO         7082    .ARM.Collect$$libshutdown$$00000004  c_w.l(libshutdown2.o)
    0x08000256   0x08000256   0x00000000   Code   RO         7085    .ARM.Collect$$libshutdown$$00000007  c_w.l(libshutdown2.o)
    0x08000256   0x08000256   0x00000000   Code   RO         7088    .ARM.Collect$$libshutdown$$0000000A  c_w.l(libshutdown2.o)
    0x08000256   0x08000256   0x00000000   Code   RO         7090    .ARM.Collect$$libshutdown$$0000000C  c_w.l(libshutdown2.o)
    0x08000256   0x08000256   0x00000000   Code   RO         7093    .ARM.Collect$$libshutdown$$0000000F  c_w.l(libshutdown2.o)
    0x08000256   0x08000256   0x00000002   Code   RO         7094    .ARM.Collect$$libshutdown$$00000010  c_w.l(libshutdown2.o)
    0x08000258   0x08000258   0x00000000   Code   RO         6870    .ARM.Collect$$rtentry$$00000000  c_w.l(__rtentry.o)
    0x08000258   0x08000258   0x00000000   Code   RO         6956    .ARM.Collect$$rtentry$$00000002  c_w.l(__rtentry2.o)
    0x08000258   0x08000258   0x00000006   Code   RO         6968    .ARM.Collect$$rtentry$$00000004  c_w.l(__rtentry4.o)
    0x0800025e   0x0800025e   0x00000000   Code   RO         6958    .ARM.Collect$$rtentry$$00000009  c_w.l(__rtentry2.o)
    0x0800025e   0x0800025e   0x00000004   Code   RO         6959    .ARM.Collect$$rtentry$$0000000A  c_w.l(__rtentry2.o)
    0x08000262   0x08000262   0x00000000   Code   RO         6961    .ARM.Collect$$rtentry$$0000000C  c_w.l(__rtentry2.o)
    0x08000262   0x08000262   0x00000008   Code   RO         6962    .ARM.Collect$$rtentry$$0000000D  c_w.l(__rtentry2.o)
    0x0800026a   0x0800026a   0x00000002   Code   RO         7006    .ARM.Collect$$rtexit$$00000000  c_w.l(rtexit.o)
    0x0800026c   0x0800026c   0x00000000   Code   RO         7054    .ARM.Collect$$rtexit$$00000002  c_w.l(rtexit2.o)
    0x0800026c   0x0800026c   0x00000004   Code   RO         7055    .ARM.Collect$$rtexit$$00000003  c_w.l(rtexit2.o)
    0x08000270   0x08000270   0x00000006   Code   RO         7056    .ARM.Collect$$rtexit$$00000004  c_w.l(rtexit2.o)
    0x08000276   0x08000276   0x00000002   PAD
    0x08000278   0x08000278   0x000000b6   Code   RO         4811    .emb_text           port.o
    0x0800032e   0x0800032e   0x00000002   PAD
    0x08000330   0x08000330   0x00000040   Code   RO            4    .text               startup_stm32f407xx.o
    0x08000370   0x08000370   0x00000002   Code   RO         6709    .text               c_w.l(use_no_semi_2.o)
    0x08000372   0x08000372   0x00000002   PAD
    0x08000374   0x08000374   0x00000018   Code   RO         6713    .text               c_w.l(noretval__2printf.o)
    0x0800038c   0x0800038c   0x00000068   Code   RO         6715    .text               c_w.l(__printf.o)
    0x080003f4   0x080003f4   0x00000052   Code   RO         6717    .text               c_w.l(_printf_str.o)
    0x08000446   0x08000446   0x00000002   PAD
    0x08000448   0x08000448   0x00000078   Code   RO         6719    .text               c_w.l(_printf_dec.o)
    0x080004c0   0x080004c0   0x00000006   Code   RO         6746    .text               c_w.l(heapauxi.o)
    0x080004c6   0x080004c6   0x00000002   Code   RO         6868    .text               c_w.l(use_no_semi.o)
    0x080004c8   0x080004c8   0x00000016   Code   RO         6871    .text               c_w.l(_rserrno.o)
    0x080004de   0x080004de   0x000000b2   Code   RO         6873    .text               c_w.l(_printf_intcommon.o)
    0x08000590   0x08000590   0x0000002c   Code   RO         6875    .text               c_w.l(_printf_char.o)
    0x080005bc   0x080005bc   0x00000024   Code   RO         6877    .text               c_w.l(_printf_char_file.o)
    0x080005e0   0x080005e0   0x00000008   Code   RO         6973    .text               c_w.l(rt_errno_addr_intlibspace.o)
    0x080005e8   0x080005e8   0x00000030   Code   RO         6975    .text               c_w.l(_printf_char_common.o)
    0x08000618   0x08000618   0x00000008   Code   RO         6977    .text               c_w.l(ferror.o)
    0x08000620   0x08000620   0x00000008   Code   RO         6991    .text               c_w.l(libspace.o)
    0x08000628   0x08000628   0x0000004a   Code   RO         6994    .text               c_w.l(sys_stackheap_outer.o)
    0x08000672   0x08000672   0x00000012   Code   RO         6998    .text               c_w.l(exit.o)
    0x08000684   0x08000684   0x00000010   Code   RO         6605    i.BMI088_ACCEL_NS_H  bmi088.o
    0x08000694   0x08000694   0x00000010   Code   RO         6606    i.BMI088_ACCEL_NS_L  bmi088.o
    0x080006a4   0x080006a4   0x00000010   Code   RO         6607    i.BMI088_GYRO_NS_H  bmi088.o
    0x080006b4   0x080006b4   0x00000010   Code   RO         6608    i.BMI088_GYRO_NS_L  bmi088.o
    0x080006c4   0x080006c4   0x00000080   Code   RO         6609    i.BMI088_Interrupt_InitConfig  bmi088.o
    0x08000744   0x08000744   0x0000001a   Code   RO         6610    i.BMI088_delay_ms   bmi088.o
    0x0800075e   0x0800075e   0x0000004a   Code   RO         6611    i.BMI088_delay_us   bmi088.o
    0x080007a8   0x080007a8   0x0000002a   Code   RO         6612    i.BMI088_init       bmi088.o
    0x080007d2   0x080007d2   0x00000002   PAD
    0x080007d4   0x080007d4   0x00000198   Code   RO         6613    i.BMI088_read       bmi088.o
    0x0800096c   0x0800096c   0x00000026   Code   RO         6614    i.BMI088_read_muli_reg  bmi088.o
    0x08000992   0x08000992   0x00000018   Code   RO         6615    i.BMI088_read_single_reg  bmi088.o
    0x080009aa   0x080009aa   0x00000002   PAD
    0x080009ac   0x080009ac   0x00000038   Code   RO         6051    i.BMI088_read_write_byte  spi.o
    0x080009e4   0x080009e4   0x00000014   Code   RO         6616    i.BMI088_write_single_reg  bmi088.o
    0x080009f8   0x080009f8   0x00000036   Code   RO         5689    i.BaseHardwork_Init  main.o
    0x08000a2e   0x08000a2e   0x00000002   PAD
    0x08000a30   0x08000a30   0x000000a4   Code   RO         5935    i.Beep_Init         beep.o
    0x08000ad4   0x08000ad4   0x00000010   Code   RO         5936    i.Beep_OFF          beep.o
    0x08000ae4   0x08000ae4   0x00000010   Code   RO         5937    i.Beep_ON           beep.o
    0x08000af4   0x08000af4   0x00000004   Code   RO         5835    i.BusFault_Handler  stm32f4xx_it.o
    0x08000af8   0x08000af8   0x00000124   Code   RO         6393    i.CAN1_Init         can.o
    0x08000c1c   0x08000c1c   0x0000014c   Code   RO         6394    i.CAN1_RX0_IRQHandler  can.o
    0x08000d68   0x08000d68   0x00000070   Code   RO         6395    i.CAN1_Send_Cmd     can.o
    0x08000dd8   0x08000dd8   0x00000024   Code   RO         6396    i.CAN1_TX_IRQHandler  can.o
    0x08000dfc   0x08000dfc   0x00000238   Code   RO         6397    i.CAN1_TX_Jiont     can.o
    0x08001034   0x08001034   0x00000130   Code   RO         6398    i.CAN2_Init         can.o
    0x08001164   0x08001164   0x000000bc   Code   RO         6399    i.CAN2_RX0_IRQHandler  can.o
    0x08001220   0x08001220   0x00000188   Code   RO         6400    i.CAN2_TX           can.o
    0x080013a8   0x080013a8   0x00000024   Code   RO         6401    i.CAN2_TX_IRQHandler  can.o
    0x080013cc   0x080013cc   0x000000a8   Code   RO          405    i.CAN_ClearITPendingBit  stm32f4xx_can.o
    0x08001474   0x08001474   0x00000038   Code   RO          407    i.CAN_DeInit        stm32f4xx_can.o
    0x080014ac   0x080014ac   0x00000108   Code   RO          409    i.CAN_FilterInit    stm32f4xx_can.o
    0x080015b4   0x080015b4   0x00000120   Code   RO          411    i.CAN_GetITStatus   stm32f4xx_can.o
    0x080016d4   0x080016d4   0x00000012   Code   RO          415    i.CAN_ITConfig      stm32f4xx_can.o
    0x080016e6   0x080016e6   0x00000114   Code   RO          416    i.CAN_Init          stm32f4xx_can.o
    0x080017fa   0x080017fa   0x000000f0   Code   RO          419    i.CAN_Receive       stm32f4xx_can.o
    0x080018ea   0x080018ea   0x00000020   Code   RO          422    i.CAN_StructInit    stm32f4xx_can.o
    0x0800190a   0x0800190a   0x00000126   Code   RO          424    i.CAN_Transmit      stm32f4xx_can.o
    0x08001a30   0x08001a30   0x00000012   Code   RO          427    i.CheckITStatus     stm32f4xx_can.o
    0x08001a42   0x08001a42   0x00000002   PAD
    0x08001a44   0x08001a44   0x00000328   Code   RO         6524    i.Coordinate_Inverse  move_control.o
    0x08001d6c   0x08001d6c   0x00000108   Code   RO         6135    i.DBUS_Receive_Data_Task  dr16.o
    0x08001e74   0x08001e74   0x0000004c   Code   RO         6136    i.DMA1_Stream1_IRQHandler  dr16.o
    0x08001ec0   0x08001ec0   0x00000030   Code   RO         6173    i.DMA1_Stream3_IRQHandler  usart.o
    0x08001ef0   0x08001ef0   0x00000034   Code   RO         1104    i.DMA_ClearFlag     stm32f4xx_dma.o
    0x08001f24   0x08001f24   0x00000034   Code   RO         1105    i.DMA_ClearITPendingBit  stm32f4xx_dma.o
    0x08001f58   0x08001f58   0x00000016   Code   RO         1106    i.DMA_Cmd           stm32f4xx_dma.o
    0x08001f6e   0x08001f6e   0x00000002   PAD
    0x08001f70   0x08001f70   0x00000158   Code   RO         1107    i.DMA_DeInit        stm32f4xx_dma.o
    0x080020c8   0x080020c8   0x00000064   Code   RO         1116    i.DMA_GetITStatus   stm32f4xx_dma.o
    0x0800212c   0x0800212c   0x0000003a   Code   RO         1117    i.DMA_ITConfig      stm32f4xx_dma.o
    0x08002166   0x08002166   0x00000002   PAD
    0x08002168   0x08002168   0x00000058   Code   RO         1118    i.DMA_Init          stm32f4xx_dma.o
    0x080021c0   0x080021c0   0x00000004   Code   RO         1121    i.DMA_SetCurrDataCounter  stm32f4xx_dma.o
    0x080021c4   0x080021c4   0x00000130   Code   RO         6137    i.DR16_InitConfig   dr16.o
    0x080022f4   0x080022f4   0x00000002   Code   RO         5836    i.DebugMon_Handler  stm32f4xx_it.o
    0x080022f6   0x080022f6   0x00000002   PAD
    0x080022f8   0x080022f8   0x0000003c   Code   RO         6288    i.EXTI4_IRQHandler  imu.o
    0x08002334   0x08002334   0x0000000c   Code   RO         1364    i.EXTI_ClearITPendingBit  stm32f4xx_exti.o
    0x08002340   0x08002340   0x00000018   Code   RO         1368    i.EXTI_GetITStatus  stm32f4xx_exti.o
    0x08002358   0x08002358   0x00000094   Code   RO         1369    i.EXTI_Init         stm32f4xx_exti.o
    0x080023ec   0x080023ec   0x000002f0   Code   RO         6525    i.Foot_Control      move_control.o
    0x080026dc   0x080026dc   0x0000004c   Code   RO         6526    i.Foot_Direction_Init  move_control.o
    0x08002728   0x08002728   0x00000090   Code   RO         1709    i.GPIO_Init         stm32f4xx_gpio.o
    0x080027b8   0x080027b8   0x00000046   Code   RO         1710    i.GPIO_PinAFConfig  stm32f4xx_gpio.o
    0x080027fe   0x080027fe   0x00000004   Code   RO         1716    i.GPIO_ResetBits    stm32f4xx_gpio.o
    0x08002802   0x08002802   0x00000004   Code   RO         1717    i.GPIO_SetBits      stm32f4xx_gpio.o
    0x08002806   0x08002806   0x00000008   Code   RO         1719    i.GPIO_ToggleBits   stm32f4xx_gpio.o
    0x0800280e   0x0800280e   0x00000004   Code   RO         5837    i.HardFault_Handler  stm32f4xx_it.o
    0x08002812   0x08002812   0x00000002   PAD
    0x08002814   0x08002814   0x0000001c   Code   RO         5987    i.Heart_Task        led.o
    0x08002830   0x08002830   0x000000a0   Code   RO         6617    i.Heat_Init         bmi088.o
    0x080028d0   0x080028d0   0x00000238   Code   RO         6289    i.IMU_Get_Data      imu.o
    0x08002b08   0x08002b08   0x00000018   Code   RO         6290    i.IMU_Get_Data_Task  imu.o
    0x08002b20   0x08002b20   0x000001b4   Code   RO         6345    i.Jiont_Motor_FOC_Init  foc.o
    0x08002cd4   0x08002cd4   0x000006c8   Code   RO         6346    i.Jiont_Motor_PID_Init  foc.o
    0x0800339c   0x0800339c   0x00000086   Code   RO         6077    i.KalmanFilter      kalman.o
    0x08003422   0x08003422   0x00000002   PAD
    0x08003424   0x08003424   0x00000054   Code   RO         5988    i.LED_Init          led.o
    0x08003478   0x08003478   0x00000040   Code   RO         5967    i.Laser_InitConfig  laser.o
    0x080034b8   0x080034b8   0x00000154   Code   RO         6291    i.MPU6500_Gyro_Cali  imu.o
    0x0800360c   0x0800360c   0x000003f8   Code   RO         6292    i.MahonyAHRSupdateIMU  imu.o
    0x08003a04   0x08003a04   0x00000004   Code   RO         5838    i.MemManage_Handler  stm32f4xx_it.o
    0x08003a08   0x08003a08   0x000000f0   Code   RO         6530    i.Move_Control_Task  move_control.o
    0x08003af8   0x08003af8   0x00000002   Code   RO         5839    i.NMI_Handler       stm32f4xx_it.o
    0x08003afa   0x08003afa   0x00000002   PAD
    0x08003afc   0x08003afc   0x00000078   Code   RO           12    i.NVIC_Init         misc.o
    0x08003b74   0x08003b74   0x00000014   Code   RO           13    i.NVIC_PriorityGroupConfig  misc.o
    0x08003b88   0x08003b88   0x00000300   Code   RO         6347    i.Pid_Calc          foc.o
    0x08003e88   0x08003e88   0x00000020   Code   RO         2573    i.RCC_AHB1PeriphClockCmd  stm32f4xx_rcc.o
    0x08003ea8   0x08003ea8   0x00000020   Code   RO         2582    i.RCC_APB1PeriphClockCmd  stm32f4xx_rcc.o
    0x08003ec8   0x08003ec8   0x00000020   Code   RO         2584    i.RCC_APB1PeriphResetCmd  stm32f4xx_rcc.o
    0x08003ee8   0x08003ee8   0x00000020   Code   RO         2585    i.RCC_APB2PeriphClockCmd  stm32f4xx_rcc.o
    0x08003f08   0x08003f08   0x00000020   Code   RO         2587    i.RCC_APB2PeriphResetCmd  stm32f4xx_rcc.o
    0x08003f28   0x08003f28   0x000000e8   Code   RO         2594    i.RCC_GetClocksFreq  stm32f4xx_rcc.o
    0x08004010   0x08004010   0x00000018   Code   RO         3690    i.SPI_Cmd           stm32f4xx_spi.o
    0x08004028   0x08004028   0x00000118   Code   RO         6052    i.SPI_GPIO_InitConfig  spi.o
    0x08004140   0x08004140   0x00000012   Code   RO         3698    i.SPI_I2S_GetFlagStatus  stm32f4xx_spi.o
    0x08004152   0x08004152   0x00000006   Code   RO         3701    i.SPI_I2S_ReceiveData  stm32f4xx_spi.o
    0x08004158   0x08004158   0x00000004   Code   RO         3702    i.SPI_I2S_SendData  stm32f4xx_spi.o
    0x0800415c   0x0800415c   0x0000003c   Code   RO         3703    i.SPI_Init          stm32f4xx_spi.o
    0x08004198   0x08004198   0x00000040   Code   RO         3851    i.SYSCFG_EXTILineConfig  stm32f4xx_syscfg.o
    0x080041d8   0x080041d8   0x000000ec   Code   RO         5898    i.SetSysClock       system_stm32f4xx.o
    0x080042c4   0x080042c4   0x000000fc   Code   RO         6531    i.Shrink            move_control.o
    0x080043c0   0x080043c0   0x000000c0   Code   RO         6532    i.Slide             move_control.o
    0x08004480   0x08004480   0x00000028   Code   RO           16    i.SysTick_CLKSourceConfig  misc.o
    0x080044a8   0x080044a8   0x00000010   Code   RO         5840    i.SysTick_Handler   stm32f4xx_it.o
    0x080044b8   0x080044b8   0x00000068   Code   RO         5900    i.SystemInit        system_stm32f4xx.o
    0x08004520   0x08004520   0x00000054   Code   RO         6016    i.TIM1_BRK_TIM9_IRQHandler  tim9.o
    0x08004574   0x08004574   0x00000064   Code   RO         6017    i.TIM9_Init         tim9.o
    0x080045d8   0x080045d8   0x00000018   Code   RO         3908    i.TIM_ARRPreloadConfig  stm32f4xx_tim.o
    0x080045f0   0x080045f0   0x00000006   Code   RO         3914    i.TIM_ClearFlag     stm32f4xx_tim.o
    0x080045f6   0x080045f6   0x00000006   Code   RO         3915    i.TIM_ClearITPendingBit  stm32f4xx_tim.o
    0x080045fc   0x080045fc   0x00000018   Code   RO         3920    i.TIM_Cmd           stm32f4xx_tim.o
    0x08004614   0x08004614   0x00000022   Code   RO         3941    i.TIM_GetITStatus   stm32f4xx_tim.o
    0x08004636   0x08004636   0x00000012   Code   RO         3945    i.TIM_ITConfig      stm32f4xx_tim.o
    0x08004648   0x08004648   0x0000007c   Code   RO         3949    i.TIM_OC1Init       stm32f4xx_tim.o
    0x080046c4   0x080046c4   0x00000012   Code   RO         3952    i.TIM_OC1PreloadConfig  stm32f4xx_tim.o
    0x080046d6   0x080046d6   0x00000002   PAD
    0x080046d8   0x080046d8   0x000000a0   Code   RO         3959    i.TIM_OC3Init       stm32f4xx_tim.o
    0x08004778   0x08004778   0x00000012   Code   RO         3962    i.TIM_OC3PreloadConfig  stm32f4xx_tim.o
    0x0800478a   0x0800478a   0x00000004   Code   RO         3984    i.TIM_SetCompare3   stm32f4xx_tim.o
    0x0800478e   0x0800478e   0x00000002   PAD
    0x08004790   0x08004790   0x00000084   Code   RO         3992    i.TIM_TimeBaseInit  stm32f4xx_tim.o
    0x08004814   0x08004814   0x00000028   Code   RO         6176    i.USART1_IRQHandler  usart.o
    0x0800483c   0x0800483c   0x000000e4   Code   RO         6177    i.USART1_Init       usart.o
    0x08004920   0x08004920   0x0000006c   Code   RO         6178    i.USART3_IRQHandler  usart.o
    0x0800498c   0x0800498c   0x00000012   Code   RO         4466    i.USART_ClearFlag   stm32f4xx_usart.o
    0x0800499e   0x0800499e   0x00000018   Code   RO         4470    i.USART_Cmd         stm32f4xx_usart.o
    0x080049b6   0x080049b6   0x00000012   Code   RO         4471    i.USART_DMACmd      stm32f4xx_usart.o
    0x080049c8   0x080049c8   0x000000f0   Code   RO         4472    i.USART_DeInit      stm32f4xx_usart.o
    0x08004ab8   0x08004ab8   0x0000001a   Code   RO         4473    i.USART_GetFlagStatus  stm32f4xx_usart.o
    0x08004ad2   0x08004ad2   0x00000054   Code   RO         4474    i.USART_GetITStatus  stm32f4xx_usart.o
    0x08004b26   0x08004b26   0x0000004a   Code   RO         4476    i.USART_ITConfig    stm32f4xx_usart.o
    0x08004b70   0x08004b70   0x000000d4   Code   RO         4477    i.USART_Init        stm32f4xx_usart.o
    0x08004c44   0x08004c44   0x00000008   Code   RO         4487    i.USART_SendData    stm32f4xx_usart.o
    0x08004c4c   0x08004c4c   0x00000004   Code   RO         5841    i.UsageFault_Handler  stm32f4xx_it.o
    0x08004c50   0x08004c50   0x00000334   Code   RO         6348    i.Wheel_Motor_PID_Init  foc.o
    0x08004f84   0x08004f84   0x00000030   Code   RO         6912    i.__ARM_fpclassify  m_wm.l(fpclassify.o)
    0x08004fb4   0x08004fb4   0x00000026   Code   RO         6914    i.__ARM_fpclassifyf  m_wm.l(fpclassifyf.o)
    0x08004fda   0x08004fda   0x00000006   PAD
    0x08004fe0   0x08004fe0   0x00000360   Code   RO         6774    i.__hardfp_asin     m_wm.l(asin.o)
    0x08005340   0x08005340   0x0000012c   Code   RO         6788    i.__hardfp_asinf    m_wm.l(asinf.o)
    0x0800546c   0x0800546c   0x00000004   PAD
    0x08005470   0x08005470   0x000002d8   Code   RO         6800    i.__hardfp_atan     m_wm.l(atan.o)
    0x08005748   0x08005748   0x00000250   Code   RO         6814    i.__hardfp_atan2f   m_wm.l(atan2f.o)
    0x08005998   0x08005998   0x000000c8   Code   RO         6826    i.__hardfp_cos      m_wm.l(cos.o)
    0x08005a60   0x08005a60   0x00000014   Code   RO         6838    i.__hardfp_fabs     m_wm.l(fabs.o)
    0x08005a74   0x08005a74   0x00000004   PAD
    0x08005a78   0x08005a78   0x000000c8   Code   RO         6844    i.__hardfp_sin      m_wm.l(sin.o)
    0x08005b40   0x08005b40   0x0000007a   Code   RO         6856    i.__hardfp_sqrt     m_wm.l(sqrt.o)
    0x08005bba   0x08005bba   0x00000006   PAD
    0x08005bc0   0x08005bc0   0x00000438   Code   RO         6932    i.__ieee754_rem_pio2  m_wm.l(rred.o)
    0x08005ff8   0x08005ff8   0x00000170   Code   RO         6895    i.__kernel_cos      m_wm.l(cos_i.o)
    0x08006168   0x08006168   0x000000f8   Code   RO         6930    i.__kernel_poly     m_wm.l(poly.o)
    0x08006260   0x08006260   0x00000130   Code   RO         6937    i.__kernel_sin      m_wm.l(sin_i.o)
    0x08006390   0x08006390   0x00000014   Code   RO         6899    i.__mathlib_dbl_infnan  m_wm.l(dunder.o)
    0x080063a4   0x080063a4   0x00000004   PAD
    0x080063a8   0x080063a8   0x00000020   Code   RO         6901    i.__mathlib_dbl_invalid  m_wm.l(dunder.o)
    0x080063c8   0x080063c8   0x00000020   Code   RO         6904    i.__mathlib_dbl_underflow  m_wm.l(dunder.o)
    0x080063e8   0x080063e8   0x00000006   Code   RO         6917    i.__mathlib_flt_infnan  m_wm.l(funder.o)
    0x080063ee   0x080063ee   0x00000006   Code   RO         6918    i.__mathlib_flt_infnan2  m_wm.l(funder.o)
    0x080063f4   0x080063f4   0x00000010   Code   RO         6919    i.__mathlib_flt_invalid  m_wm.l(funder.o)
    0x08006404   0x08006404   0x00000010   Code   RO         6922    i.__mathlib_flt_underflow  m_wm.l(funder.o)
    0x08006414   0x08006414   0x00000004   Code   RO         6180    i._sys_exit         usart.o
    0x08006418   0x08006418   0x00000128   Code   RO         6618    i.bmi088_accel_init  bmi088.o
    0x08006540   0x08006540   0x000000f4   Code   RO         6619    i.bmi088_gyro_init  bmi088.o
    0x08006634   0x08006634   0x00000044   Code   RO         5621    i.delay_init        delay.o
    0x08006678   0x08006678   0x00000040   Code   RO         5622    i.delay_ms          delay.o
    0x080066b8   0x080066b8   0x00000048   Code   RO         5623    i.delay_us          delay.o
    0x08006700   0x08006700   0x00000018   Code   RO         6840    i.fabs              m_wm.l(fabs.o)
    0x08006718   0x08006718   0x00000032   Code   RO         6402    i.float_to_uint     can.o
    0x0800674a   0x0800674a   0x00000002   PAD
    0x0800674c   0x0800674c   0x00000024   Code   RO         6182    i.fputc             usart.o
    0x08006770   0x08006770   0x0000003c   Code   RO         6293    i.invSqrt           imu.o
    0x080067ac   0x080067ac   0x00000038   Code   RO         6078    i.kalmanCreate      kalman.o
    0x080067e4   0x080067e4   0x00000020   Code   RO         5690    i.main              main.o
    0x08006804   0x08006804   0x00000098   Code   RO         5268    i.prvAddCurrentTaskToDelayedList  tasks.o
    0x0800689c   0x0800689c   0x000000b4   Code   RO         5269    i.prvAddNewTaskToReadyList  tasks.o
    0x08006950   0x08006950   0x00000048   Code   RO         5270    i.prvCheckTasksWaitingTermination  tasks.o
    0x08006998   0x08006998   0x00000012   Code   RO         5271    i.prvDeleteTCB      tasks.o
    0x080069aa   0x080069aa   0x00000002   PAD
    0x080069ac   0x080069ac   0x0000007c   Code   RO         4716    i.prvHeapInit       heap_4.o
    0x08006a28   0x08006a28   0x00000028   Code   RO         5272    i.prvIdleTask       tasks.o
    0x08006a50   0x08006a50   0x000000d8   Code   RO         5273    i.prvInitialiseNewTask  tasks.o
    0x08006b28   0x08006b28   0x00000068   Code   RO         5274    i.prvInitialiseTaskLists  tasks.o
    0x08006b90   0x08006b90   0x00000068   Code   RO         4717    i.prvInsertBlockIntoFreeList  heap_4.o
    0x08006bf8   0x08006bf8   0x00000034   Code   RO         5275    i.prvResetNextTaskUnblockTime  tasks.o
    0x08006c2c   0x08006c2c   0x00000070   Code   RO         4812    i.prvTaskExitError  port.o
    0x08006c9c   0x08006c9c   0x00000150   Code   RO         4718    i.pvPortMalloc      heap_4.o
    0x08006dec   0x08006dec   0x0000002c   Code   RO         4813    i.pxPortInitialiseStack  port.o
    0x08006e18   0x08006e18   0x00000044   Code   RO         6533    i.signal_leg        move_control.o
    0x08006e5c   0x08006e5c   0x0000006e   Code   RO         6858    i.sqrt              m_wm.l(sqrt.o)
    0x08006eca   0x08006eca   0x0000003e   Code   RO         6945    i.sqrtf             m_wm.l(sqrtf.o)
    0x08006f08   0x08006f08   0x0000002c   Code   RO         6103    i.startTask         app_task.o
    0x08006f34   0x08006f34   0x000000d8   Code   RO         6104    i.start_task        app_task.o
    0x0800700c   0x0800700c   0x00000034   Code   RO         6403    i.uint_to_float     can.o
    0x08007040   0x08007040   0x00000074   Code   RO         5278    i.ulTaskNotifyTake  tasks.o
    0x080070b4   0x080070b4   0x00000028   Code   RO         5025    i.uxListRemove      list.o
    0x080070dc   0x080070dc   0x0000001a   Code   RO         5026    i.vListInitialise   list.o
    0x080070f6   0x080070f6   0x00000006   Code   RO         5027    i.vListInitialiseItem  list.o
    0x080070fc   0x080070fc   0x00000034   Code   RO         5028    i.vListInsert       list.o
    0x08007130   0x08007130   0x00000018   Code   RO         5029    i.vListInsertEnd    list.o
    0x08007148   0x08007148   0x00000084   Code   RO         4815    i.vPortEnterCritical  port.o
    0x080071cc   0x080071cc   0x0000006c   Code   RO         4816    i.vPortExitCritical  port.o
    0x08007238   0x08007238   0x000000b4   Code   RO         4719    i.vPortFree         heap_4.o
    0x080072ec   0x080072ec   0x00000020   Code   RO         4817    i.vPortSetupTimerInterrupt  port.o
    0x0800730c   0x0800730c   0x0000009c   Code   RO         4818    i.vPortValidateInterruptPriority  port.o
    0x080073a8   0x080073a8   0x00000078   Code   RO         5283    i.vTaskDelay        tasks.o
    0x08007420   0x08007420   0x00000110   Code   RO         5285    i.vTaskDelete       tasks.o
    0x08007530   0x08007530   0x00000104   Code   RO         5289    i.vTaskNotifyGiveFromISR  tasks.o
    0x08007634   0x08007634   0x000000b0   Code   RO         5297    i.vTaskStartScheduler  tasks.o
    0x080076e4   0x080076e4   0x00000010   Code   RO         5299    i.vTaskSuspendAll   tasks.o
    0x080076f4   0x080076f4   0x000000ac   Code   RO         5300    i.vTaskSwitchContext  tasks.o
    0x080077a0   0x080077a0   0x00000158   Code   RO         4819    i.xPortStartScheduler  port.o
    0x080078f8   0x080078f8   0x00000034   Code   RO         4820    i.xPortSysTickHandler  port.o
    0x0800792c   0x0800792c   0x00000060   Code   RO         5302    i.xTaskCreate       tasks.o
    0x0800798c   0x0800798c   0x00000020   Code   RO         5306    i.xTaskGetSchedulerState  tasks.o
    0x080079ac   0x080079ac   0x00000164   Code   RO         5309    i.xTaskIncrementTick  tasks.o
    0x08007b10   0x08007b10   0x00000124   Code   RO         5315    i.xTaskResumeAll    tasks.o
    0x08007c34   0x08007c34   0x00000018   Code   RO         6750    x$fpl$basic         fz_wm.l(basic.o)
    0x08007c4c   0x08007c4c   0x00000062   Code   RO         6752    x$fpl$d2f           fz_wm.l(d2f.o)
    0x08007cae   0x08007cae   0x00000002   PAD
    0x08007cb0   0x08007cb0   0x00000150   Code   RO         6754    x$fpl$dadd          fz_wm.l(daddsub_clz.o)
    0x08007e00   0x08007e00   0x00000018   Code   RO         6882    x$fpl$dcmpinf       fz_wm.l(dcmpi.o)
    0x08007e18   0x08007e18   0x000002b0   Code   RO         6761    x$fpl$ddiv          fz_wm.l(ddiv.o)
    0x080080c8   0x080080c8   0x00000078   Code   RO         6764    x$fpl$deqf          fz_wm.l(deqf.o)
    0x08008140   0x08008140   0x0000005e   Code   RO         6981    x$fpl$dfix          fz_wm.l(dfix.o)
    0x0800819e   0x0800819e   0x0000002e   Code   RO         6986    x$fpl$dflt          fz_wm.l(dflt_clz.o)
    0x080081cc   0x080081cc   0x00000026   Code   RO         6985    x$fpl$dfltu         fz_wm.l(dflt_clz.o)
    0x080081f2   0x080081f2   0x00000002   PAD
    0x080081f4   0x080081f4   0x00000078   Code   RO         6766    x$fpl$dleqf         fz_wm.l(dleqf.o)
    0x0800826c   0x0800826c   0x00000154   Code   RO         6768    x$fpl$dmul          fz_wm.l(dmul.o)
    0x080083c0   0x080083c0   0x0000009c   Code   RO         6884    x$fpl$dnaninf       fz_wm.l(dnaninf.o)
    0x0800845c   0x0800845c   0x0000000c   Code   RO         6886    x$fpl$dretinf       fz_wm.l(dretinf.o)
    0x08008468   0x08008468   0x0000006c   Code   RO         6770    x$fpl$drleqf        fz_wm.l(drleqf.o)
    0x080084d4   0x080084d4   0x00000016   Code   RO         6755    x$fpl$drsb          fz_wm.l(daddsub_clz.o)
    0x080084ea   0x080084ea   0x00000002   PAD
    0x080084ec   0x080084ec   0x00000198   Code   RO         6888    x$fpl$dsqrt         fz_wm.l(dsqrt_umaal.o)
    0x08008684   0x08008684   0x000001d4   Code   RO         6756    x$fpl$dsub          fz_wm.l(daddsub_clz.o)
    0x08008858   0x08008858   0x00000056   Code   RO         6772    x$fpl$f2d           fz_wm.l(f2d.o)
    0x080088ae   0x080088ae   0x0000008c   Code   RO         6890    x$fpl$fnaninf       fz_wm.l(fnaninf.o)
    0x0800893a   0x0800893a   0x0000000a   Code   RO         7062    x$fpl$fpinit        fz_wm.l(fpinit.o)
    0x08008944   0x08008944   0x0000000a   Code   RO         6892    x$fpl$fretinf       fz_wm.l(fretinf.o)
    0x0800894e   0x0800894e   0x00000000   Code   RO         6894    x$fpl$usenofp       fz_wm.l(usenofp.o)
    0x0800894e   0x0800894e   0x00000002   PAD
    0x08008950   0x08008950   0x00000050   Data   RO         6777    .constdata          m_wm.l(asin.o)
    0x080089a0   0x080089a0   0x00000098   Data   RO         6803    .constdata          m_wm.l(atan.o)
    0x08008a38   0x08008a38   0x00000030   Data   RO         6896    .constdata          m_wm.l(cos_i.o)
    0x08008a68   0x08008a68   0x000000c8   Data   RO         6934    .constdata          m_wm.l(rred.o)
    0x08008b30   0x08008b30   0x00000028   Data   RO         6938    .constdata          m_wm.l(sin_i.o)
    0x08008b58   0x08008b58   0x00000020   Data   RO         7126    Region$$Table       anon$$obj.o


    Execution Region RW_IRAM1 (Exec base: 0x20000000, Load base: 0x08008b78, Size: 0x0000a258, Max: 0x00020000, ABSOLUTE, COMPRESSED[0x00000068])

    Exec Addr    Load Addr    Size         Type   Attr      Idx    E Section Name        Object

    0x20000000   COMPRESSED   0x00000010   Data   RW         2626    .data               stm32f4xx_rcc.o
    0x20000010   COMPRESSED   0x00000018   Data   RW         4724    .data               heap_4.o
    0x20000028   COMPRESSED   0x0000000c   Data   RW         4821    .data               port.o
    0x20000034   COMPRESSED   0x0000003c   Data   RW         5318    .data               tasks.o
    0x20000070   COMPRESSED   0x00000004   Data   RW         5625    .data               delay.o
    0x20000074   COMPRESSED   0x00000014   Data   RW         5901    .data               system_stm32f4xx.o
    0x20000088   COMPRESSED   0x00000008   Data   RW         6018    .data               tim9.o
    0x20000090   COMPRESSED   0x00000018   Data   RW         6105    .data               app_task.o
    0x200000a8   COMPRESSED   0x00000004   Data   RW         6188    .data               usart.o
    0x200000ac   COMPRESSED   0x00000034   Data   RW         6295    .data               imu.o
    0x200000e0   COMPRESSED   0x00000028   Data   RW         6405    .data               can.o
    0x20000108   COMPRESSED   0x00000020   Data   RW         6535    .data               move_control.o
    0x20000128   COMPRESSED   0x0000002c   Data   RW         6620    .data               bmi088.o
    0x20000154        -       0x00009000   Zero   RW         4723    .bss                heap_4.o
    0x20009154        -       0x000002e4   Zero   RW         5317    .bss                tasks.o
    0x20009438        -       0x00000028   Zero   RW         6138    .bss                dr16.o
    0x20009460        -       0x00000090   Zero   RW         6294    .bss                imu.o
    0x200094f0        -       0x000004e0   Zero   RW         6349    .bss                foc.o
    0x200099d0        -       0x00000168   Zero   RW         6404    .bss                can.o
    0x20009b38        -       0x000000c0   Zero   RW         6534    .bss                move_control.o
    0x20009bf8        -       0x00000060   Zero   RW         6992    .bss                c_w.l(libspace.o)
    0x20009c58        -       0x00000200   Zero   RW            2    HEAP                startup_stm32f407xx.o
    0x20009e58        -       0x00000400   Zero   RW            1    STACK               startup_stm32f407xx.o


==============================================================================

Image component sizes


      Code (inc. data)   RO Data    RW Data    ZI Data      Debug   Object Name

       260        132          0         24          0       1629   app_task.o
       196         16          0          0          0       1609   beep.o
      1524         52          0         44          0      10986   bmi088.o
      2362        202          0         40        360       9889   can.o
       204         18          0          4          0       1987   delay.o
       644         52          0          0         40       3440   dr16.o
      3760        224          0          0       1248       5762   foc.o
       744        168          0         24      36864      15603   heap_4.o
      2068        116          0         52        144       6546   imu.o
       190          6          0          0          0       1578   kalman.o
        64          4          0          0          0        543   laser.o
       112         10          0          0          0       1052   led.o
       148          0          0          0          0       3410   list.o
        86          4          0          0          0       3425   main.o
       180         24          0          0          0     315141   misc.o
      2388        318          0         32        192       6836   move_control.o
      1162        376          0         12          0      10909   port.o
       336         18          0          0          0       1339   spi.o
        64         26        392          0       1536        868   startup_stm32f407xx.o
      1654         22          0          0          0       7668   stm32f4xx_can.o
       720         72          0          0          0       6500   stm32f4xx_dma.o
       184         16          0          0          0       2212   stm32f4xx_exti.o
       230          0          0          0          0       3561   stm32f4xx_gpio.o
        36          0          0          0          0       3215   stm32f4xx_it.o
       392         48          0         16          0       5933   stm32f4xx_rcc.o
       112          0          0          0          0       3622   stm32f4xx_spi.o
        64          4          0          0          0        656   stm32f4xx_syscfg.o
       568         48          0          0          0       8173   stm32f4xx_tim.o
       704         42          0          0          0       6893   stm32f4xx_usart.o
       340         32          0         20          0       1877   system_stm32f4xx.o
      2742        676          0         60        740      25260   tasks.o
       184         28          0          8          0       1737   tim9.o
       464         46          0          4          0       6258   usart.o

    ----------------------------------------------------------------------
     24916       2800        424        340      41124     486117   Object Totals
         0          0         32          0          0          0   (incl. Generated)
        30          0          0          0          0          0   (incl. Padding)

    ----------------------------------------------------------------------

      Code (inc. data)   RO Data    RW Data    ZI Data      Debug   Library Member Name

        90          0          0          0          0          0   __dczerorl2.o
         8          0          0          0          0         68   __main.o
       104          0          0          0          0         84   __printf.o
         0          0          0          0          0          0   __rtentry.o
        12          0          0          0          0          0   __rtentry2.o
         6          0          0          0          0          0   __rtentry4.o
        52          8          0          0          0          0   __scatter.o
        28          0          0          0          0          0   __scatter_zi.o
        44          0          0          0          0        108   _printf_char.o
        48          6          0          0          0         96   _printf_char_common.o
        36          4          0          0          0         80   _printf_char_file.o
         6          0          0          0          0          0   _printf_d.o
       120         16          0          0          0         92   _printf_dec.o
       178          0          0          0          0         88   _printf_intcommon.o
         0          0          0          0          0          0   _printf_percent.o
         4          0          0          0          0          0   _printf_percent_end.o
         6          0          0          0          0          0   _printf_s.o
        82          0          0          0          0         80   _printf_str.o
        22          0          0          0          0        100   _rserrno.o
        18          0          0          0          0         80   exit.o
         8          0          0          0          0         68   ferror.o
         6          0          0          0          0        152   heapauxi.o
         2          0          0          0          0          0   libinit.o
         6          0          0          0          0          0   libinit2.o
         2          0          0          0          0          0   libshutdown.o
         2          0          0          0          0          0   libshutdown2.o
         8          4          0          0         96         68   libspace.o
        24          4          0          0          0         84   noretval__2printf.o
         8          4          0          0          0         68   rt_errno_addr_intlibspace.o
         2          0          0          0          0          0   rtexit.o
        10          0          0          0          0          0   rtexit2.o
        74          0          0          0          0         80   sys_stackheap_outer.o
         2          0          0          0          0         68   use_no_semi.o
         2          0          0          0          0         68   use_no_semi_2.o
        24          0          0          0          0        164   basic.o
        98          4          0          0          0        140   d2f.o
       826         16          0          0          0        492   daddsub_clz.o
        24          0          0          0          0        116   dcmpi.o
       688        140          0          0          0        256   ddiv.o
       120          4          0          0          0        140   deqf.o
        94          4          0          0          0        140   dfix.o
        84          0          0          0          0        232   dflt_clz.o
       120          4          0          0          0        140   dleqf.o
       340         12          0          0          0        152   dmul.o
       156          4          0          0          0        140   dnaninf.o
        12          0          0          0          0        116   dretinf.o
       108          0          0          0          0        128   drleqf.o
       408         56          0          0          0        168   dsqrt_umaal.o
        86          4          0          0          0        132   f2d.o
       140          4          0          0          0        132   fnaninf.o
        10          0          0          0          0        116   fpinit.o
        10          0          0          0          0        116   fretinf.o
         0          0          0          0          0          0   usenofp.o
       864         94         80          0          0        280   asin.o
       300         42          0          0          0        176   asinf.o
       728        106        152          0          0        228   atan.o
       592         90          0          0          0        184   atan2f.o
       200         20          0          0          0        164   cos.o
       368         46         48          0          0        200   cos_i.o
        84         16          0          0          0        372   dunder.o
        44          0          0          0          0        248   fabs.o
        48          0          0          0          0        124   fpclassify.o
        38          0          0          0          0        116   fpclassifyf.o
        44         12          0          0          0        464   funder.o
       248          0          0          0          0        152   poly.o
      1080        142        200          0          0        188   rred.o
       200         20          0          0          0        164   sin.o
       304         24         40          0          0        208   sin_i.o
       232          0          0          0          0        296   sqrt.o
        62          0          0          0          0        136   sqrtf.o

    ----------------------------------------------------------------------
      9844        914        520          0         96       8252   Library Totals
        40          4          0          0          0          0   (incl. Padding)

    ----------------------------------------------------------------------

      Code (inc. data)   RO Data    RW Data    ZI Data      Debug   Library Name

      1020         46          0          0         96       1532   c_w.l
      3348        252          0          0          0       3020   fz_wm.l
      5436        612        520          0          0       3700   m_wm.l

    ----------------------------------------------------------------------
      9844        914        520          0         96       8252   Library Totals

    ----------------------------------------------------------------------

==============================================================================


      Code (inc. data)   RO Data    RW Data    ZI Data      Debug   

     34760       3714        944        340      41220     472541   Grand Totals
     34760       3714        944        104      41220     472541   ELF Image Totals (compressed)
     34760       3714        944        104          0          0   ROM Totals

==============================================================================

    Total RO  Size (Code + RO Data)                35704 (  34.87kB)
    Total RW  Size (RW Data + ZI Data)             41560 (  40.59kB)
    Total ROM Size (Code + RO Data + RW Data)      35808 (  34.97kB)

==============================================================================

