Component: ARM Compiler 5.06 update 7 (build 960) Tool: armlink [4d3601]

==============================================================================

Section Cross References

    startup_stm32f407xx.o(STACK) refers (Special) to heapauxi.o(.text) for __use_two_region_memory
    startup_stm32f407xx.o(HEAP) refers (Special) to heapauxi.o(.text) for __use_two_region_memory
    startup_stm32f407xx.o(RESET) refers (Special) to heapauxi.o(.text) for __use_two_region_memory
    startup_stm32f407xx.o(RESET) refers to startup_stm32f407xx.o(STACK) for __initial_sp
    startup_stm32f407xx.o(RESET) refers to startup_stm32f407xx.o(.text) for Reset_Handler
    startup_stm32f407xx.o(RESET) refers to stm32f4xx_it.o(i.NMI_Handler) for NMI_Handler
    startup_stm32f407xx.o(RESET) refers to stm32f4xx_it.o(i.HardFault_Handler) for HardFault_Handler
    startup_stm32f407xx.o(RESET) refers to stm32f4xx_it.o(i.MemManage_Handler) for MemManage_Handler
    startup_stm32f407xx.o(RESET) refers to stm32f4xx_it.o(i.BusFault_Handler) for BusFault_Handler
    startup_stm32f407xx.o(RESET) refers to stm32f4xx_it.o(i.UsageFault_Handler) for UsageFault_Handler
    startup_stm32f407xx.o(RESET) refers to port.o(.emb_text) for SVC_Handler
    startup_stm32f407xx.o(RESET) refers to stm32f4xx_it.o(i.DebugMon_Handler) for DebugMon_Handler
    startup_stm32f407xx.o(RESET) refers to stm32f4xx_it.o(i.SysTick_Handler) for SysTick_Handler
    startup_stm32f407xx.o(RESET) refers to imu.o(i.EXTI4_IRQHandler) for EXTI4_IRQHandler
    startup_stm32f407xx.o(RESET) refers to dr16.o(i.DMA1_Stream1_IRQHandler) for DMA1_Stream1_IRQHandler
    startup_stm32f407xx.o(RESET) refers to can.o(i.CAN1_TX_IRQHandler) for CAN1_TX_IRQHandler
    startup_stm32f407xx.o(RESET) refers to can.o(i.CAN1_RX0_IRQHandler) for CAN1_RX0_IRQHandler
    startup_stm32f407xx.o(RESET) refers to tim9.o(i.TIM1_BRK_TIM9_IRQHandler) for TIM1_BRK_TIM9_IRQHandler
    startup_stm32f407xx.o(RESET) refers to usart.o(i.USART1_IRQHandler) for USART1_IRQHandler
    startup_stm32f407xx.o(RESET) refers to can.o(i.CAN2_TX_IRQHandler) for CAN2_TX_IRQHandler
    startup_stm32f407xx.o(RESET) refers to can.o(i.CAN2_RX0_IRQHandler) for CAN2_RX0_IRQHandler
    startup_stm32f407xx.o(RESET) refers to usart.o(i.DMA2_Stream6_IRQHandler) for DMA2_Stream6_IRQHandler
    startup_stm32f407xx.o(RESET) refers to usart.o(i.DMA2_Stream7_IRQHandler) for DMA2_Stream7_IRQHandler
    startup_stm32f407xx.o(RESET) refers to usart.o(i.USART6_IRQHandler) for USART6_IRQHandler
    startup_stm32f407xx.o(.text) refers (Special) to heapauxi.o(.text) for __use_two_region_memory
    startup_stm32f407xx.o(.text) refers to system_stm32f4xx.o(i.SystemInit) for SystemInit
    startup_stm32f407xx.o(.text) refers to __main.o(!!!main) for __main
    startup_stm32f407xx.o(.text) refers to startup_stm32f407xx.o(HEAP) for Heap_Mem
    startup_stm32f407xx.o(.text) refers to startup_stm32f407xx.o(STACK) for Stack_Mem
    stm32f4xx_adc.o(i.ADC_DeInit) refers to stm32f4xx_rcc.o(i.RCC_APB2PeriphResetCmd) for RCC_APB2PeriphResetCmd
    stm32f4xx_can.o(i.CAN_DeInit) refers to stm32f4xx_rcc.o(i.RCC_APB1PeriphResetCmd) for RCC_APB1PeriphResetCmd
    stm32f4xx_can.o(i.CAN_GetITStatus) refers to stm32f4xx_can.o(i.CheckITStatus) for CheckITStatus
    stm32f4xx_cryp.o(i.CRYP_DeInit) refers to stm32f4xx_rcc.o(i.RCC_AHB2PeriphResetCmd) for RCC_AHB2PeriphResetCmd
    stm32f4xx_cryp_aes.o(i.CRYP_AES_CBC) refers to stm32f4xx_cryp.o(i.CRYP_KeyStructInit) for CRYP_KeyStructInit
    stm32f4xx_cryp_aes.o(i.CRYP_AES_CBC) refers to stm32f4xx_cryp.o(i.CRYP_FIFOFlush) for CRYP_FIFOFlush
    stm32f4xx_cryp_aes.o(i.CRYP_AES_CBC) refers to stm32f4xx_cryp.o(i.CRYP_Init) for CRYP_Init
    stm32f4xx_cryp_aes.o(i.CRYP_AES_CBC) refers to stm32f4xx_cryp.o(i.CRYP_KeyInit) for CRYP_KeyInit
    stm32f4xx_cryp_aes.o(i.CRYP_AES_CBC) refers to stm32f4xx_cryp.o(i.CRYP_Cmd) for CRYP_Cmd
    stm32f4xx_cryp_aes.o(i.CRYP_AES_CBC) refers to stm32f4xx_cryp.o(i.CRYP_GetFlagStatus) for CRYP_GetFlagStatus
    stm32f4xx_cryp_aes.o(i.CRYP_AES_CBC) refers to stm32f4xx_cryp.o(i.CRYP_IVInit) for CRYP_IVInit
    stm32f4xx_cryp_aes.o(i.CRYP_AES_CBC) refers to stm32f4xx_cryp.o(i.CRYP_GetCmdStatus) for CRYP_GetCmdStatus
    stm32f4xx_cryp_aes.o(i.CRYP_AES_CBC) refers to stm32f4xx_cryp.o(i.CRYP_DataIn) for CRYP_DataIn
    stm32f4xx_cryp_aes.o(i.CRYP_AES_CBC) refers to stm32f4xx_cryp.o(i.CRYP_DataOut) for CRYP_DataOut
    stm32f4xx_cryp_aes.o(i.CRYP_AES_CCM) refers to stm32f4xx_cryp.o(i.CRYP_KeyStructInit) for CRYP_KeyStructInit
    stm32f4xx_cryp_aes.o(i.CRYP_AES_CCM) refers to stm32f4xx_cryp.o(i.CRYP_FIFOFlush) for CRYP_FIFOFlush
    stm32f4xx_cryp_aes.o(i.CRYP_AES_CCM) refers to stm32f4xx_cryp.o(i.CRYP_KeyInit) for CRYP_KeyInit
    stm32f4xx_cryp_aes.o(i.CRYP_AES_CCM) refers to stm32f4xx_cryp.o(i.CRYP_IVInit) for CRYP_IVInit
    stm32f4xx_cryp_aes.o(i.CRYP_AES_CCM) refers to stm32f4xx_cryp.o(i.CRYP_Init) for CRYP_Init
[...]
    __rt_lib_init_atexit_1                   0x08000253   Thumb Code     0  libinit2.o(.ARM.Collect$$libinit$$0000001B)
    __rt_lib_init_clock_1                    0x08000253   Thumb Code     0  libinit2.o(.ARM.Collect$$libinit$$00000021)
    __rt_lib_init_cpp_1                      0x08000253   Thumb Code     0  libinit2.o(.ARM.Collect$$libinit$$00000032)
    __rt_lib_init_exceptions_1               0x08000253   Thumb Code     0  libinit2.o(.ARM.Collect$$libinit$$00000030)
    __rt_lib_init_fp_trap_1                  0x08000253   Thumb Code     0  libinit2.o(.ARM.Collect$$libinit$$0000001F)
    __rt_lib_init_getenv_1                   0x08000253   Thumb Code     0  libinit2.o(.ARM.Collect$$libinit$$00000023)
    __rt_lib_init_heap_1                     0x08000253   Thumb Code     0  libinit2.o(.ARM.Collect$$libinit$$0000000A)
    __rt_lib_init_lc_collate_1               0x08000253   Thumb Code     0  libinit2.o(.ARM.Collect$$libinit$$00000011)
    __rt_lib_init_lc_ctype_1                 0x08000253   Thumb Code     0  libinit2.o(.ARM.Collect$$libinit$$00000013)
    __rt_lib_init_lc_monetary_1              0x08000253   Thumb Code     0  libinit2.o(.ARM.Collect$$libinit$$00000015)
    __rt_lib_init_lc_numeric_1               0x08000253   Thumb Code     0  libinit2.o(.ARM.Collect$$libinit$$00000017)
    __rt_lib_init_lc_time_1                  0x08000253   Thumb Code     0  libinit2.o(.ARM.Collect$$libinit$$00000019)
    __rt_lib_init_preinit_1                  0x08000253   Thumb Code     0  libinit2.o(.ARM.Collect$$libinit$$00000004)
    __rt_lib_init_rand_1                     0x08000253   Thumb Code     0  libinit2.o(.ARM.Collect$$libinit$$0000000E)
    __rt_lib_init_return                     0x08000253   Thumb Code     0  libinit2.o(.ARM.Collect$$libinit$$00000033)
    __rt_lib_init_signal_1                   0x08000253   Thumb Code     0  libinit2.o(.ARM.Collect$$libinit$$0000001D)
    __rt_lib_init_stdio_1                    0x08000253   Thumb Code     0  libinit2.o(.ARM.Collect$$libinit$$00000025)
    __rt_lib_init_user_alloc_1               0x08000253   Thumb Code     0  libinit2.o(.ARM.Collect$$libinit$$0000000C)
    __rt_lib_shutdown                        0x08000255   Thumb Code     0  libshutdown.o(.ARM.Collect$$libshutdown$$00000000)
    __rt_lib_shutdown_cpp_1                  0x08000257   Thumb Code     0  libshutdown2.o(.ARM.Collect$$libshutdown$$00000004)
    __rt_lib_shutdown_fini_1                 0x08000257   Thumb Code     0  libshutdown2.o(.ARM.Collect$$libshutdown$$00000002)
    __rt_lib_shutdown_fp_trap_1              0x08000257   Thumb Code     0  libshutdown2.o(.ARM.Collect$$libshutdown$$00000009)
    __rt_lib_shutdown_heap_1                 0x08000257   Thumb Code     0  libshutdown2.o(.ARM.Collect$$libshutdown$$00000011)
    __rt_lib_shutdown_return                 0x08000257   Thumb Code     0  libshutdown2.o(.ARM.Collect$$libshutdown$$00000012)
    __rt_lib_shutdown_signal_1               0x08000257   Thumb Code     0  libshutdown2.o(.ARM.Collect$$libshutdown$$0000000C)
    __rt_lib_shutdown_stdio_1                0x08000257   Thumb Code     0  libshutdown2.o(.ARM.Collect$$libshutdown$$00000006)
    __rt_lib_shutdown_user_alloc_1           0x08000257   Thumb Code     0  libshutdown2.o(.ARM.Collect$$libshutdown$$0000000E)
    __rt_entry                               0x08000259   Thumb Code     0  __rtentry.o(.ARM.Collect$$rtentry$$00000000)
    __rt_entry_presh_1                       0x08000259   Thumb Code     0  __rtentry2.o(.ARM.Collect$$rtentry$$00000002)
    __rt_entry_sh                            0x08000259   Thumb Code     0  __rtentry4.o(.ARM.Collect$$rtentry$$00000004)
    __rt_entry_li                            0x0800025f   Thumb Code     0  __rtentry2.o(.ARM.Collect$$rtentry$$0000000A)
    __rt_entry_postsh_1                      0x0800025f   Thumb Code     0  __rtentry2.o(.ARM.Collect$$rtentry$$00000009)
    __rt_entry_main                          0x08000263   Thumb Code     0  __rtentry2.o(.ARM.Collect$$rtentry$$0000000D)
    __rt_entry_postli_1                      0x08000263   Thumb Code     0  __rtentry2.o(.ARM.Collect$$rtentry$$0000000C)
    __rt_exit                                0x0800026b   Thumb Code     0  rtexit.o(.ARM.Collect$$rtexit$$00000000)
    __rt_exit_ls                             0x0800026d   Thumb Code     0  rtexit2.o(.ARM.Collect$$rtexit$$00000003)
    __rt_exit_prels_1                        0x0800026d   Thumb Code     0  rtexit2.o(.ARM.Collect$$rtexit$$00000002)
    __rt_exit_exit                           0x08000271   Thumb Code     0  rtexit2.o(.ARM.Collect$$rtexit$$00000004)
    SVC_Handler                              0x08000279   Thumb Code    28  port.o(.emb_text)
    __asm___6_port_c_39a90d8d__prvStartFirstTask 0x08000299   Thumb Code    28  port.o(.emb_text)
    __asm___6_port_c_39a90d8d__prvEnableVFP  0x080002b9   Thumb Code    16  port.o(.emb_text)
    PendSV_Handler                           0x080002cd   Thumb Code    88  port.o(.emb_text)
    vPortGetIPSR                             0x08000329   Thumb Code     6  port.o(.emb_text)
    Reset_Handler                            0x08000331   Thumb Code     8  startup_stm32f407xx.o(.text)
    ADC_IRQHandler                           0x0800034b   Thumb Code     0  startup_stm32f407xx.o(.text)
    CAN1_RX1_IRQHandler                      0x0800034b   Thumb Code     0  startup_stm32f407xx.o(.text)
    CAN1_SCE_IRQHandler                      0x0800034b   Thumb Code     0  startup_stm32f407xx.o(.text)
    CAN2_RX1_IRQHandler                      0x0800034b   Thumb Code     0  startup_stm32f407xx.o(.text)
    CAN2_SCE_IRQHandler                      0x0800034b   Thumb Code     0  startup_stm32f407xx.o(.text)
    DCMI_IRQHandler                          0x0800034b   Thumb Code     0  startup_stm32f407xx.o(.text)
    DMA1_Stream0_IRQHandler                  0x0800034b   Thumb Code     0  startup_stm32f407xx.o(.text)
    DMA1_Stream2_IRQHandler                  0x0800034b   Thumb Code     0  startup_stm32f407xx.o(.text)
    DMA1_Stream3_IRQHandler                  0x0800034b   Thumb Code     0  startup_stm32f407xx.o(.text)
    DMA1_Stream4_IRQHandler                  0x0800034b   Thumb Code     0  startup_stm32f407xx.o(.text)
    DMA1_Stream5_IRQHandler                  0x0800034b   Thumb Code     0  startup_stm32f407xx.o(.text)
    DMA1_Stream6_IRQHandler                  0x0800034b   Thumb Code     0  startup_stm32f407xx.o(.text)
    DMA1_Stream7_IRQHandler                  0x0800034b   Thumb Code     0  startup_stm32f407xx.o(.text)
    DMA2_Stream0_IRQHandler                  0x0800034b   Thumb Code     0  startup_stm32f407xx.o(.text)
    DMA2_Stream1_IRQHandler                  0x0800034b   Thumb Code     0  startup_stm32f407xx.o(.text)
    DMA2_Stream2_IRQHandler                  0x0800034b   Thumb Code     0  startup_stm32f407xx.o(.text)
    DMA2_Stream3_IRQHandler                  0x0800034b   Thumb Code     0  startup_stm32f407xx.o(.text)
    DMA2_Stream4_IRQHandler                  0x0800034b   Thumb Code     0  startup_stm32f407xx.o(.text)
    DMA2_Stream5_IRQHandler                  0x0800034b   Thumb Code     0  startup_stm32f407xx.o(.text)
    ETH_IRQHandler                           0x0800034b   Thumb Code     0  startup_stm32f407xx.o(.text)
    ETH_WKUP_IRQHandler                      0x0800034b   Thumb Code     0  startup_stm32f407xx.o(.text)
    EXTI0_IRQHandler                         0x0800034b   Thumb Code     0  startup_stm32f407xx.o(.text)
    EXTI15_10_IRQHandler                     0x0800034b   Thumb Code     0  startup_stm32f407xx.o(.text)
    EXTI1_IRQHandler                         0x0800034b   Thumb Code     0  startup_stm32f407xx.o(.text)
    EXTI2_IRQHandler                         0x0800034b   Thumb Code     0  startup_stm32f407xx.o(.text)
    EXTI3_IRQHandler                         0x0800034b   Thumb Code     0  startup_stm32f407xx.o(.text)
    EXTI9_5_IRQHandler                       0x0800034b   Thumb Code     0  startup_stm32f407xx.o(.text)
    FLASH_IRQHandler                         0x0800034b   Thumb Code     0  startup_stm32f407xx.o(.text)
    FMC_IRQHandler                           0x0800034b   Thumb Code     0  startup_stm32f407xx.o(.text)
    FPU_IRQHandler                           0x0800034b   Thumb Code     0  startup_stm32f407xx.o(.text)
    HASH_RNG_IRQHandler                      0x0800034b   Thumb Code     0  startup_stm32f407xx.o(.text)
    I2C1_ER_IRQHandler                       0x0800034b   Thumb Code     0  startup_stm32f407xx.o(.text)
    I2C1_EV_IRQHandler                       0x0800034b   Thumb Code     0  startup_stm32f407xx.o(.text)
    I2C2_ER_IRQHandler                       0x0800034b   Thumb Code     0  startup_stm32f407xx.o(.text)
    I2C2_EV_IRQHandler                       0x0800034b   Thumb Code     0  startup_stm32f407xx.o(.text)
    I2C3_ER_IRQHandler                       0x0800034b   Thumb Code     0  startup_stm32f407xx.o(.text)
    I2C3_EV_IRQHandler                       0x0800034b   Thumb Code     0  startup_stm32f407xx.o(.text)
    OTG_FS_IRQHandler                        0x0800034b   Thumb Code     0  startup_stm32f407xx.o(.text)
    OTG_FS_WKUP_IRQHandler                   0x0800034b   Thumb Code     0  startup_stm32f407xx.o(.text)
    OTG_HS_EP1_IN_IRQHandler                 0x0800034b   Thumb Code     0  startup_stm32f407xx.o(.text)
    OTG_HS_EP1_OUT_IRQHandler                0x0800034b   Thumb Code     0  startup_stm32f407xx.o(.text)
    OTG_HS_IRQHandler                        0x0800034b   Thumb Code     0  startup_stm32f407xx.o(.text)
    OTG_HS_WKUP_IRQHandler                   0x0800034b   Thumb Code     0  startup_stm32f407xx.o(.text)
    PVD_IRQHandler                           0x0800034b   Thumb Code     0  startup_stm32f407xx.o(.text)
    RCC_IRQHandler                           0x0800034b   Thumb Code     0  startup_stm32f407xx.o(.text)
    RTC_Alarm_IRQHandler                     0x0800034b   Thumb Code     0  startup_stm32f407xx.o(.text)
    RTC_WKUP_IRQHandler                      0x0800034b   Thumb Code     0  startup_stm32f407xx.o(.text)
    SDIO_IRQHandler                          0x0800034b   Thumb Code     0  startup_stm32f407xx.o(.text)
    SPI1_IRQHandler                          0x0800034b   Thumb Code     0  startup_stm32f407xx.o(.text)
    SPI2_IRQHandler                          0x0800034b   Thumb Code     0  startup_stm32f407xx.o(.text)
    SPI3_IRQHandler                          0x0800034b   Thumb Code     0  startup_stm32f407xx.o(.text)
    TAMP_STAMP_IRQHandler                    0x0800034b   Thumb Code     0  startup_stm32f407xx.o(.text)
    TIM1_CC_IRQHandler                       0x0800034b   Thumb Code     0  startup_stm32f407xx.o(.text)
    TIM1_TRG_COM_TIM11_IRQHandler            0x0800034b   Thumb Code     0  startup_stm32f407xx.o(.text)
    TIM1_UP_TIM10_IRQHandler                 0x0800034b   Thumb Code     0  startup_stm32f407xx.o(.text)
    TIM2_IRQHandler                          0x0800034b   Thumb Code     0  startup_stm32f407xx.o(.text)
    TIM3_IRQHandler                          0x0800034b   Thumb Code     0  startup_stm32f407xx.o(.text)
    TIM4_IRQHandler                          0x0800034b   Thumb Code     0  startup_stm32f407xx.o(.text)
    TIM5_IRQHandler                          0x0800034b   Thumb Code     0  startup_stm32f407xx.o(.text)
    TIM6_DAC_IRQHandler                      0x0800034b   Thumb Code     0  startup_stm32f407xx.o(.text)
    TIM7_IRQHandler                          0x0800034b   Thumb Code     0  startup_stm32f407xx.o(.text)
    TIM8_BRK_TIM12_IRQHandler                0x0800034b   Thumb Code     0  startup_stm32f407xx.o(.text)
    TIM8_CC_IRQHandler                       0x0800034b   Thumb Code     0  startup_stm32f407xx.o(.text)
    TIM8_TRG_COM_TIM14_IRQHandler            0x0800034b   Thumb Code     0  startup_stm32f407xx.o(.text)
    TIM8_UP_TIM13_IRQHandler                 0x0800034b   Thumb Code     0  startup_stm32f407xx.o(.text)
    UART4_IRQHandler                         0x0800034b   Thumb Code     0  startup_stm32f407xx.o(.text)
    UART5_IRQHandler                         0x0800034b   Thumb Code     0  startup_stm32f407xx.o(.text)
    USART2_IRQHandler                        0x0800034b   Thumb Code     0  startup_stm32f407xx.o(.text)
    USART3_IRQHandler                        0x0800034b   Thumb Code     0  startup_stm32f407xx.o(.text)
    WWDG_IRQHandler                          0x0800034b   Thumb Code     0  startup_stm32f407xx.o(.text)
    __user_initial_stackheap                 0x0800034d   Thumb Code     0  startup_stm32f407xx.o(.text)
    __use_no_semihosting                     0x08000371   Thumb Code     2  use_no_semi_2.o(.text)
    __2printf                                0x08000375   Thumb Code    20  noretval__2printf.o(.text)
    __printf                                 0x0800038d   Thumb Code   104  __printf.o(.text)
    _printf_str                              0x080003f5   Thumb Code    82  _printf_str.o(.text)
    _printf_int_dec                          0x08000449   Thumb Code   104  _printf_dec.o(.text)
    __use_two_region_memory                  0x080004c1   Thumb Code     2  heapauxi.o(.text)
    __rt_heap_escrow$2region                 0x080004c3   Thumb Code     2  heapauxi.o(.text)
    __rt_heap_expand$2region                 0x080004c5   Thumb Code     2  heapauxi.o(.text)
    __I$use$semihosting                      0x080004c7   Thumb Code     0  use_no_semi.o(.text)
    __use_no_semihosting_swi                 0x080004c7   Thumb Code     2  use_no_semi.o(.text)
    __read_errno                             0x080004c9   Thumb Code    10  _rserrno.o(.text)
    __set_errno                              0x080004d3   Thumb Code    12  _rserrno.o(.text)
    _printf_int_common                       0x080004df   Thumb Code   178  _printf_intcommon.o(.text)
    _printf_cs_common                        0x08000591   Thumb Code    20  _printf_char.o(.text)
    _printf_char                             0x080005a5   Thumb Code    16  _printf_char.o(.text)
    _printf_string                           0x080005b5   Thumb Code     8  _printf_char.o(.text)
    _printf_char_file                        0x080005bd   Thumb Code    32  _printf_char_file.o(.text)
    __aeabi_errno_addr                       0x080005e1   Thumb Code     8  rt_errno_addr_intlibspace.o(.text)
    __errno$intlibspace                      0x080005e1   Thumb Code     0  rt_errno_addr_intlibspace.o(.text)
    __rt_errno_addr$intlibspace              0x080005e1   Thumb Code     0  rt_errno_addr_intlibspace.o(.text)
    _printf_char_common                      0x080005f3   Thumb Code    32  _printf_char_common.o(.text)
    ferror                                   0x08000619   Thumb Code     8  ferror.o(.text)
    __user_libspace                          0x08000621   Thumb Code     8  libspace.o(.text)
    __user_perproc_libspace                  0x08000621   Thumb Code     0  libspace.o(.text)
    __user_perthread_libspace                0x08000621   Thumb Code     0  libspace.o(.text)
    __user_setup_stackheap                   0x08000629   Thumb Code    74  sys_stackheap_outer.o(.text)
    exit                                     0x08000673   Thumb Code    18  exit.o(.text)
    BMI088_ACCEL_NS_H                        0x08000685   Thumb Code    12  bmi088.o(i.BMI088_ACCEL_NS_H)
    BMI088_ACCEL_NS_L                        0x08000695   Thumb Code    12  bmi088.o(i.BMI088_ACCEL_NS_L)
    BMI088_GYRO_NS_H                         0x080006a5   Thumb Code    12  bmi088.o(i.BMI088_GYRO_NS_H)
    BMI088_GYRO_NS_L                         0x080006b5   Thumb Code    12  bmi088.o(i.BMI088_GYRO_NS_L)
    BMI088_Interrupt_InitConfig              0x080006c5   Thumb Code   124  bmi088.o(i.BMI088_Interrupt_InitConfig)
    BMI088_delay_ms                          0x08000745   Thumb Code    26  bmi088.o(i.BMI088_delay_ms)
    BMI088_delay_us                          0x0800075f   Thumb Code    74  bmi088.o(i.BMI088_delay_us)
    BMI088_init                              0x080007a9   Thumb Code    42  bmi088.o(i.BMI088_init)
    BMI088_read                              0x080007d5   Thumb Code   396  bmi088.o(i.BMI088_read)
    BMI088_read_write_byte                   0x080009ad   Thumb Code    50  spi.o(i.BMI088_read_write_byte)
    BaseHardwork_Init                        0x080009f9   Thumb Code    50  main.o(i.BaseHardwork_Init)
    Beep_Change_Music                        0x08000a2d   Thumb Code   154  beep.o(i.Beep_Change_Music)
    Beep_Init                                0x08000ad1   Thumb Code   156  beep.o(i.Beep_Init)
    Beep_OFF                                 0x08000b75   Thumb Code    12  beep.o(i.Beep_OFF)
    Beep_ON                                  0x08000b85   Thumb Code    12  beep.o(i.Beep_ON)
    BusFault_Handler                         0x08000b95   Thumb Code     4  stm32f4xx_it.o(i.BusFault_Handler)
    CAN1_Init                                0x08000b99   Thumb Code   284  can.o(i.CAN1_Init)
    CAN1_RX0_IRQHandler                      0x08000cbd   Thumb Code   316  can.o(i.CAN1_RX0_IRQHandler)
    CAN1_TX_IRQHandler                       0x08000e2d   Thumb Code    28  can.o(i.CAN1_TX_IRQHandler)
    CAN2_Init                                0x08000e51   Thumb Code   294  can.o(i.CAN2_Init)
    CAN2_RX0_IRQHandler                      0x08000f81   Thumb Code   166  can.o(i.CAN2_RX0_IRQHandler)
    CAN2_TX                                  0x0800103d   Thumb Code   352  can.o(i.CAN2_TX)
    CAN2_TX_IRQHandler                       0x080011c5   Thumb Code    28  can.o(i.CAN2_TX_IRQHandler)
    CAN_ClearITPendingBit                    0x080011e9   Thumb Code   162  stm32f4xx_can.o(i.CAN_ClearITPendingBit)
    CAN_DeInit                               0x08001291   Thumb Code    50  stm32f4xx_can.o(i.CAN_DeInit)
    CAN_FilterInit                           0x080012c9   Thumb Code   258  stm32f4xx_can.o(i.CAN_FilterInit)
    CAN_GetITStatus                          0x080013d1   Thumb Code   284  stm32f4xx_can.o(i.CAN_GetITStatus)
    CAN_ITConfig                             0x080014f1   Thumb Code    18  stm32f4xx_can.o(i.CAN_ITConfig)
    CAN_Init                                 0x08001503   Thumb Code   276  stm32f4xx_can.o(i.CAN_Init)
    CAN_Receive                              0x08001617   Thumb Code   240  stm32f4xx_can.o(i.CAN_Receive)
    CAN_StructInit                           0x08001707   Thumb Code    32  stm32f4xx_can.o(i.CAN_StructInit)
    CAN_Transmit                             0x08001727   Thumb Code   294  stm32f4xx_can.o(i.CAN_Transmit)
    Contron_TX_Jiont                         0x08001861   Thumb Code   538  usart.o(i.Contron_TX_Jiont)
    Coordinate_Inverse                       0x08001aa9   Thumb Code   766  gait.o(i.Coordinate_Inverse)
    DBUS_Receive_Data_Task                   0x08001df5   Thumb Code   256  dr16.o(i.DBUS_Receive_Data_Task)
    DMA1_Stream1_IRQHandler                  0x08001efd   Thumb Code    60  dr16.o(i.DMA1_Stream1_IRQHandler)
    DMA2_Stream6_IRQHandler                  0x08001f49   Thumb Code    40  usart.o(i.DMA2_Stream6_IRQHandler)
    DMA2_Stream7_IRQHandler                  0x08001f79   Thumb Code    40  usart.o(i.DMA2_Stream7_IRQHandler)
    DMA_ClearFlag                            0x08001fa9   Thumb Code    38  stm32f4xx_dma.o(i.DMA_ClearFlag)
    DMA_ClearITPendingBit                    0x08001fdd   Thumb Code    38  stm32f4xx_dma.o(i.DMA_ClearITPendingBit)
    DMA_Cmd                                  0x08002011   Thumb Code    22  stm32f4xx_dma.o(i.DMA_Cmd)
    DMA_DeInit                               0x08002029   Thumb Code   324  stm32f4xx_dma.o(i.DMA_DeInit)
    DMA_GetITStatus                          0x08002181   Thumb Code    82  stm32f4xx_dma.o(i.DMA_GetITStatus)
    DMA_ITConfig                             0x080021e5   Thumb Code    58  stm32f4xx_dma.o(i.DMA_ITConfig)
    DMA_Init                                 0x08002221   Thumb Code    82  stm32f4xx_dma.o(i.DMA_Init)
    DMA_SetCurrDataCounter                   0x08002279   Thumb Code     4  stm32f4xx_dma.o(i.DMA_SetCurrDataCounter)
    DR16_InitConfig                          0x0800227d   Thumb Code   276  dr16.o(i.DR16_InitConfig)
    DebugMon_Handler                         0x080023ad   Thumb Code     2  stm32f4xx_it.o(i.DebugMon_Handler)
    EXTI4_IRQHandler                         0x080023b1   Thumb Code    50  imu.o(i.EXTI4_IRQHandler)
    EXTI_ClearITPendingBit                   0x080023ed   Thumb Code     6  stm32f4xx_exti.o(i.EXTI_ClearITPendingBit)
    EXTI_GetITStatus                         0x080023f9   Thumb Code    20  stm32f4xx_exti.o(i.EXTI_GetITStatus)
    EXTI_Init                                0x08002411   Thumb Code   142  stm32f4xx_exti.o(i.EXTI_Init)
    Foot_Direction_Init                      0x080024a5   Thumb Code   116  move_control.o(i.Foot_Direction_Init)
    Foot_Dynamic_Control                     0x08002549   Thumb Code  1656  gait.o(i.Foot_Dynamic_Control)
    GPIO_Init                                0x08002bc9   Thumb Code   144  stm32f4xx_gpio.o(i.GPIO_Init)
    GPIO_PinAFConfig                         0x08002c59   Thumb Code    70  stm32f4xx_gpio.o(i.GPIO_PinAFConfig)
    GPIO_ResetBits                           0x08002c9f   Thumb Code     4  stm32f4xx_gpio.o(i.GPIO_ResetBits)
    GPIO_SetBits                             0x08002ca3   Thumb Code     4  stm32f4xx_gpio.o(i.GPIO_SetBits)
    GPIO_ToggleBits                          0x08002ca7   Thumb Code     8  stm32f4xx_gpio.o(i.GPIO_ToggleBits)
    HardFault_Handler                        0x08002caf   Thumb Code     4  stm32f4xx_it.o(i.HardFault_Handler)
    Heart_Task                               0x08002cb5   Thumb Code   264  led.o(i.Heart_Task)
    Heat_Init                                0x08002ddd   Thumb Code   152  bmi088.o(i.Heat_Init)
    IMU_Get_Data                             0x08002e7d   Thumb Code   584  imu.o(i.IMU_Get_Data)
    IMU_Get_Data_Task                        0x080030ed   Thumb Code   448  imu.o(i.IMU_Get_Data_Task)
    Jiont_Motor_FOC_Init                     0x080032d1   Thumb Code   322  foc.o(i.Jiont_Motor_FOC_Init)
    Jiont_Motor_PID_Init                     0x0800343d   Thumb Code  1672  foc.o(i.Jiont_Motor_PID_Init)
    KalmanFilter                             0x08003b05   Thumb Code   134  kalman.o(i.KalmanFilter)
    LED_Init                                 0x08003b8d   Thumb Code    94  led.o(i.LED_Init)
    Laser_InitConfig                         0x08003bf1   Thumb Code    60  laser.o(i.Laser_InitConfig)
    Leg_Deinit                               0x08003c31   Thumb Code   152  gait.o(i.Leg_Deinit)
    MPU6500_Gyro_Cali                        0x08003cd5   Thumb Code   320  imu.o(i.MPU6500_Gyro_Cali)
    MahonyAHRSupdateIMU                      0x08003e29   Thumb Code   976  imu.o(i.MahonyAHRSupdateIMU)
    MemManage_Handler                        0x08004221   Thumb Code     4  stm32f4xx_it.o(i.MemManage_Handler)
    Move_Control_Task                        0x08004225   Thumb Code   138  move_control.o(i.Move_Control_Task)
    NMI_Handler                              0x080042d5   Thumb Code     2  stm32f4xx_it.o(i.NMI_Handler)
    NVIC_Init                                0x080042d9   Thumb Code   106  misc.o(i.NVIC_Init)
    NVIC_PriorityGroupConfig                 0x08004351   Thumb Code    10  misc.o(i.NVIC_PriorityGroupConfig)
    Pid_Calc                                 0x08004365   Thumb Code   742  foc.o(i.Pid_Calc)
    Positing_change_Slow                     0x08004665   Thumb Code   180  usart.o(i.Positing_change_Slow)
    RCC_AHB1PeriphClockCmd                   0x08004725   Thumb Code    26  stm32f4xx_rcc.o(i.RCC_AHB1PeriphClockCmd)
    RCC_APB1PeriphClockCmd                   0x08004745   Thumb Code    26  stm32f4xx_rcc.o(i.RCC_APB1PeriphClockCmd)
    RCC_APB1PeriphResetCmd                   0x08004765   Thumb Code    26  stm32f4xx_rcc.o(i.RCC_APB1PeriphResetCmd)
    RCC_APB2PeriphClockCmd                   0x08004785   Thumb Code    26  stm32f4xx_rcc.o(i.RCC_APB2PeriphClockCmd)
    RCC_APB2PeriphResetCmd                   0x080047a5   Thumb Code    26  stm32f4xx_rcc.o(i.RCC_APB2PeriphResetCmd)
    RCC_GetClocksFreq                        0x080047c5   Thumb Code   214  stm32f4xx_rcc.o(i.RCC_GetClocksFreq)
    SPI_Cmd                                  0x080048ad   Thumb Code    24  stm32f4xx_spi.o(i.SPI_Cmd)
    SPI_GPIO_InitConfig                      0x080048c5   Thumb Code   268  spi.o(i.SPI_GPIO_InitConfig)
    SPI_I2S_GetFlagStatus                    0x080049dd   Thumb Code    18  stm32f4xx_spi.o(i.SPI_I2S_GetFlagStatus)
    SPI_I2S_ReceiveData                      0x080049ef   Thumb Code     6  stm32f4xx_spi.o(i.SPI_I2S_ReceiveData)
    SPI_I2S_SendData                         0x080049f5   Thumb Code     4  stm32f4xx_spi.o(i.SPI_I2S_SendData)
    SPI_Init                                 0x080049f9   Thumb Code    60  stm32f4xx_spi.o(i.SPI_Init)
    SYSCFG_EXTILineConfig                    0x08004a35   Thumb Code    60  stm32f4xx_syscfg.o(i.SYSCFG_EXTILineConfig)
    Shrink                                   0x08004b61   Thumb Code    40  gait.o(i.Shrink)
    Slide                                    0x08004ba1   Thumb Code   170  gait.o(i.Slide)
    SysTick_CLKSourceConfig                  0x08004c61   Thumb Code    40  misc.o(i.SysTick_CLKSourceConfig)
    SysTick_Handler                          0x08004c89   Thumb Code    16  stm32f4xx_it.o(i.SysTick_Handler)
    SystemInit                               0x08004c99   Thumb Code    88  system_stm32f4xx.o(i.SystemInit)
    TIM1_BRK_TIM9_IRQHandler                 0x08004d01   Thumb Code    32  tim9.o(i.TIM1_BRK_TIM9_IRQHandler)
    TIM9_Init                                0x08004d29   Thumb Code    96  tim9.o(i.TIM9_Init)
    TIM_ARRPreloadConfig                     0x08004d8d   Thumb Code    24  stm32f4xx_tim.o(i.TIM_ARRPreloadConfig)
    TIM_ClearFlag                            0x08004da5   Thumb Code     6  stm32f4xx_tim.o(i.TIM_ClearFlag)
    TIM_ClearITPendingBit                    0x08004dab   Thumb Code     6  stm32f4xx_tim.o(i.TIM_ClearITPendingBit)
    TIM_Cmd                                  0x08004db1   Thumb Code    24  stm32f4xx_tim.o(i.TIM_Cmd)
    TIM_GetITStatus                          0x08004dc9   Thumb Code    34  stm32f4xx_tim.o(i.TIM_GetITStatus)
    TIM_ITConfig                             0x08004deb   Thumb Code    18  stm32f4xx_tim.o(i.TIM_ITConfig)
    TIM_OC1Init                              0x08004dfd   Thumb Code   114  stm32f4xx_tim.o(i.TIM_OC1Init)
    TIM_OC1PreloadConfig                     0x08004e79   Thumb Code    18  stm32f4xx_tim.o(i.TIM_OC1PreloadConfig)
    TIM_OC3Init                              0x08004e8d   Thumb Code   150  stm32f4xx_tim.o(i.TIM_OC3Init)
    TIM_OC3PreloadConfig                     0x08004f2d   Thumb Code    18  stm32f4xx_tim.o(i.TIM_OC3PreloadConfig)
    TIM_SetCompare3                          0x08004f3f   Thumb Code     4  stm32f4xx_tim.o(i.TIM_SetCompare3)
    TIM_TimeBaseInit                         0x08004f45   Thumb Code   104  stm32f4xx_tim.o(i.TIM_TimeBaseInit)
    TX2_Decode_Task                          0x08004fc9   Thumb Code    98  usart.o(i.TX2_Decode_Task)
    TX2_Init                                 0x08005035   Thumb Code   430  usart.o(i.TX2_Init)
    USART1_IRQHandler                        0x080051f9   Thumb Code   336  usart.o(i.USART1_IRQHandler)
    USART1_Init                              0x08005375   Thumb Code   470  usart.o(i.USART1_Init)
    USART3_Send_TX2                          0x08005569   Thumb Code   166  usart.o(i.USART3_Send_TX2)
    USART6_IRQHandler                        0x0800561d   Thumb Code    92  usart.o(i.USART6_IRQHandler)
    USART_Cmd                                0x08005689   Thumb Code    24  stm32f4xx_usart.o(i.USART_Cmd)
    USART_DMACmd                             0x080056a1   Thumb Code    18  stm32f4xx_usart.o(i.USART_DMACmd)
    USART_DeInit                             0x080056b5   Thumb Code   206  stm32f4xx_usart.o(i.USART_DeInit)
    USART_GetFlagStatus                      0x080057a5   Thumb Code    26  stm32f4xx_usart.o(i.USART_GetFlagStatus)
    USART_GetITStatus                        0x080057bf   Thumb Code    84  stm32f4xx_usart.o(i.USART_GetITStatus)
    USART_ITConfig                           0x08005813   Thumb Code    74  stm32f4xx_usart.o(i.USART_ITConfig)
    USART_Init                               0x0800585d   Thumb Code   204  stm32f4xx_usart.o(i.USART_Init)
    USART_SendData                           0x08005931   Thumb Code     8  stm32f4xx_usart.o(i.USART_SendData)
    UsageFault_Handler                       0x08005939   Thumb Code     4  stm32f4xx_it.o(i.UsageFault_Handler)
    Wheel_Motor_PID_Init                     0x0800593d   Thumb Code   786  foc.o(i.Wheel_Motor_PID_Init)
    __ARM_fpclassify                         0x08005c71   Thumb Code    48  fpclassify.o(i.__ARM_fpclassify)
    __ARM_fpclassifyf                        0x08005ca1   Thumb Code    38  fpclassifyf.o(i.__ARM_fpclassifyf)
    __hardfp_asin                            0x08005cc9   Thumb Code   770  asin.o(i.__hardfp_asin)
    __hardfp_asinf                           0x08006029   Thumb Code   258  asinf.o(i.__hardfp_asinf)
    __hardfp_atan                            0x08006159   Thumb Code   622  atan.o(i.__hardfp_atan)
    __hardfp_atan2f                          0x08006431   Thumb Code   594  atan2f.o(i.__hardfp_atan2f)
    __hardfp_cos                             0x080066e1   Thumb Code   180  cos.o(i.__hardfp_cos)
    __hardfp_fabs                            0x080067a9   Thumb Code    20  fabs.o(i.__hardfp_fabs)
    __hardfp_sin                             0x080067c1   Thumb Code   180  sin.o(i.__hardfp_sin)
    __hardfp_sqrt                            0x08006889   Thumb Code   122  sqrt.o(i.__hardfp_sqrt)
    __ieee754_rem_pio2                       0x08006909   Thumb Code   938  rred.o(i.__ieee754_rem_pio2)
    __kernel_cos                             0x08006d41   Thumb Code   322  cos_i.o(i.__kernel_cos)
    __kernel_poly                            0x08006eb1   Thumb Code   248  poly.o(i.__kernel_poly)
    __kernel_sin                             0x08006fa9   Thumb Code   280  sin_i.o(i.__kernel_sin)
    __mathlib_dbl_infnan                     0x080070d9   Thumb Code    20  dunder.o(i.__mathlib_dbl_infnan)
    __mathlib_dbl_invalid                    0x080070f1   Thumb Code    24  dunder.o(i.__mathlib_dbl_invalid)
    __mathlib_dbl_underflow                  0x08007111   Thumb Code    24  dunder.o(i.__mathlib_dbl_underflow)
    __mathlib_flt_infnan                     0x08007131   Thumb Code     6  funder.o(i.__mathlib_flt_infnan)
    __mathlib_flt_infnan2                    0x08007137   Thumb Code     6  funder.o(i.__mathlib_flt_infnan2)
    __mathlib_flt_invalid                    0x0800713d   Thumb Code    10  funder.o(i.__mathlib_flt_invalid)
    __mathlib_flt_underflow                  0x0800714d   Thumb Code    10  funder.o(i.__mathlib_flt_underflow)
    _sys_exit                                0x0800715d   Thumb Code     4  usart.o(i._sys_exit)
    bmi088_accel_init                        0x08007161   Thumb Code   290  bmi088.o(i.bmi088_accel_init)
    bmi088_gyro_init                         0x08007289   Thumb Code   238  bmi088.o(i.bmi088_gyro_init)
    delay_init                               0x0800737d   Thumb Code    58  delay.o(i.delay_init)
    delay_ms                                 0x080073c1   Thumb Code    60  delay.o(i.delay_ms)
    delay_us                                 0x08007401   Thumb Code    68  delay.o(i.delay_us)
    fabs                                     0x08007449   Thumb Code    24  fabs.o(i.fabs)
    float_to_uint                            0x08007461   Thumb Code    50  can.o(i.float_to_uint)
    fputc                                    0x08007495   Thumb Code    32  usart.o(i.fputc)
    invSqrt                                  0x080074b9   Thumb Code    56  imu.o(i.invSqrt)
    kalmanCreate                             0x080074f5   Thumb Code    50  kalman.o(i.kalmanCreate)
    main                                     0x0800752d   Thumb Code    28  main.o(i.main)
    pvPortMalloc                             0x080079e5   Thumb Code   262  heap_4.o(i.pvPortMalloc)
    pxPortInitialiseStack                    0x08007b35   Thumb Code    38  port.o(i.pxPortInitialiseStack)
    shortTou8                                0x08007b61   Thumb Code    12  usart.o(i.shortTou8)
    sqrt                                     0x08007b6d   Thumb Code   110  sqrt.o(i.sqrt)
    sqrtf                                    0x08007bdb   Thumb Code    62  sqrtf.o(i.sqrtf)
    startTask                                0x08007c19   Thumb Code    24  app_task.o(i.startTask)
    start_task                               0x08007c45   Thumb Code   126  app_task.o(i.start_task)
    uint_to_float                            0x08007d4d   Thumb Code    52  can.o(i.uint_to_float)
    ulTaskNotifyTake                         0x08007d81   Thumb Code   108  tasks.o(i.ulTaskNotifyTake)
    uxListRemove                             0x08007df5   Thumb Code    40  list.o(i.uxListRemove)
    vListInitialise                          0x08007e1d   Thumb Code    26  list.o(i.vListInitialise)
    vListInitialiseItem                      0x08007e37   Thumb Code     6  list.o(i.vListInitialiseItem)
    vListInsert                              0x08007e3d   Thumb Code    52  list.o(i.vListInsert)
    vListInsertEnd                           0x08007e71   Thumb Code    24  list.o(i.vListInsertEnd)
    vPortEnterCritical                       0x08007e89   Thumb Code    68  port.o(i.vPortEnterCritical)
    vPortExitCritical                        0x08007f0d   Thumb Code    48  port.o(i.vPortExitCritical)
    vPortFree                                0x08007f79   Thumb Code   120  heap_4.o(i.vPortFree)
    vPortSetupTimerInterrupt                 0x0800802d   Thumb Code    26  port.o(i.vPortSetupTimerInterrupt)
    vPortValidateInterruptPriority           0x0800804d   Thumb Code    86  port.o(i.vPortValidateInterruptPriority)
    vTaskDelay                               0x080080e9   Thumb Code    72  tasks.o(i.vTaskDelay)
    vTaskDelete                              0x08008161   Thumb Code   192  tasks.o(i.vTaskDelete)
    vTaskNotifyGiveFromISR                   0x08008271   Thumb Code   194  tasks.o(i.vTaskNotifyGiveFromISR)
    vTaskStartScheduler                      0x08008375   Thumb Code   102  tasks.o(i.vTaskStartScheduler)
    vTaskSuspendAll                          0x08008425   Thumb Code    12  tasks.o(i.vTaskSuspendAll)
    vTaskSwitchContext                       0x08008435   Thumb Code   110  tasks.o(i.vTaskSwitchContext)
    xPortStartScheduler                      0x080084e1   Thumb Code   258  port.o(i.xPortStartScheduler)
    xPortSysTickHandler                      0x08008639   Thumb Code    46  port.o(i.xPortSysTickHandler)
    xTaskCreate                              0x0800866d   Thumb Code    96  tasks.o(i.xTaskCreate)
    xTaskGetSchedulerState                   0x080086cd   Thumb Code    24  tasks.o(i.xTaskGetSchedulerState)
    xTaskIncrementTick                       0x080086ed   Thumb Code   272  tasks.o(i.xTaskIncrementTick)
    xTaskResumeAll                           0x08008851   Thumb Code   214  tasks.o(i.xTaskResumeAll)
    __aeabi_dneg                             0x08008975   Thumb Code     0  basic.o(x$fpl$basic)
    _dneg                                    0x08008975   Thumb Code     6  basic.o(x$fpl$basic)
    __aeabi_fneg                             0x0800897b   Thumb Code     0  basic.o(x$fpl$basic)
    _fneg                                    0x0800897b   Thumb Code     6  basic.o(x$fpl$basic)
    _dabs                                    0x08008981   Thumb Code     6  basic.o(x$fpl$basic)
    _fabs                                    0x08008987   Thumb Code     6  basic.o(x$fpl$basic)
    __aeabi_d2f                              0x0800898d   Thumb Code     0  d2f.o(x$fpl$d2f)
    _d2f                                     0x0800898d   Thumb Code    98  d2f.o(x$fpl$d2f)
    __aeabi_dadd                             0x080089f1   Thumb Code     0  daddsub_clz.o(x$fpl$dadd)
    _dadd                                    0x080089f1   Thumb Code   332  daddsub_clz.o(x$fpl$dadd)
    __fpl_dcmp_Inf                           0x08008b41   Thumb Code    24  dcmpi.o(x$fpl$dcmpinf)
    __aeabi_ddiv                             0x08008b59   Thumb Code     0  ddiv.o(x$fpl$ddiv)
    _ddiv                                    0x08008b59   Thumb Code   552  ddiv.o(x$fpl$ddiv)
    __aeabi_cdcmpeq                          0x08008e09   Thumb Code     0  deqf.o(x$fpl$deqf)
    _dcmpeq                                  0x08008e09   Thumb Code   120  deqf.o(x$fpl$deqf)
    __aeabi_d2iz                             0x08008e81   Thumb Code     0  dfix.o(x$fpl$dfix)
    _dfix                                    0x08008e81   Thumb Code    94  dfix.o(x$fpl$dfix)
    __aeabi_i2d                              0x08008edf   Thumb Code     0  dflt_clz.o(x$fpl$dflt)
    _dflt                                    0x08008edf   Thumb Code    46  dflt_clz.o(x$fpl$dflt)
    __aeabi_ui2d                             0x08008f0d   Thumb Code     0  dflt_clz.o(x$fpl$dfltu)
    _dfltu                                   0x08008f0d   Thumb Code    38  dflt_clz.o(x$fpl$dfltu)
    __aeabi_cdcmple                          0x08008f35   Thumb Code     0  dleqf.o(x$fpl$dleqf)
    _dcmple                                  0x08008f35   Thumb Code   120  dleqf.o(x$fpl$dleqf)
    __fpl_dcmple_InfNaN                      0x08008f97   Thumb Code     0  dleqf.o(x$fpl$dleqf)
    __aeabi_dmul                             0x08008fad   Thumb Code     0  dmul.o(x$fpl$dmul)
    _dmul                                    0x08008fad   Thumb Code   332  dmul.o(x$fpl$dmul)
    __fpl_dnaninf                            0x08009101   Thumb Code   156  dnaninf.o(x$fpl$dnaninf)
    __fpl_dretinf                            0x0800919d   Thumb Code    12  dretinf.o(x$fpl$dretinf)
    __aeabi_cdrcmple                         0x080091a9   Thumb Code     0  drleqf.o(x$fpl$drleqf)
    _drcmple                                 0x080091a9   Thumb Code   108  drleqf.o(x$fpl$drleqf)
    __aeabi_drsub                            0x08009215   Thumb Code     0  daddsub_clz.o(x$fpl$drsb)
    _drsb                                    0x08009215   Thumb Code    22  daddsub_clz.o(x$fpl$drsb)
    _dsqrt                                   0x0800922d   Thumb Code   404  dsqrt_umaal.o(x$fpl$dsqrt)
    __aeabi_dsub                             0x080093c5   Thumb Code     0  daddsub_clz.o(x$fpl$dsub)
    _dsub                                    0x080093c5   Thumb Code   464  daddsub_clz.o(x$fpl$dsub)
    __aeabi_f2d                              0x08009599   Thumb Code     0  f2d.o(x$fpl$f2d)
    _f2d                                     0x08009599   Thumb Code    86  f2d.o(x$fpl$f2d)
    __fpl_fnaninf                            0x080095ef   Thumb Code   140  fnaninf.o(x$fpl$fnaninf)
    _fp_init                                 0x0800967b   Thumb Code    10  fpinit.o(x$fpl$fpinit)
    __fplib_config_fpu_vfp                   0x08009683   Thumb Code     0  fpinit.o(x$fpl$fpinit)
    __fplib_config_pureend_doubles           0x08009683   Thumb Code     0  fpinit.o(x$fpl$fpinit)
    __fpl_fretinf                            0x08009685   Thumb Code    10  fretinf.o(x$fpl$fretinf)
    __I$use$fp                               0x0800968e   Number         0  usenofp.o(x$fpl$usenofp)
    Region$$Table$$Base                      0x08009898   Number         0  anon$$obj.o(Region$$Table)
    Region$$Table$$Limit                     0x080098b8   Number         0  anon$$obj.o(Region$$Table)
    pxCurrentTCB                             0x20000034   Data           4  tasks.o(.data)
    SystemCoreClock                          0x20000074   Data           4  system_stm32f4xx.o(.data)
    AHBPrescTable                            0x20000078   Data          16  system_stm32f4xx.o(.data)
    tune1                                    0x20000088   Data         168  beep.o(.data)
    delay1                                   0x20000130   Data         168  beep.o(.data)
    Music_length1                            0x200001d8   Data           4  beep.o(.data)
    tune2                                    0x200001dc   Data         176  beep.o(.data)
    delay2                                   0x2000028c   Data         176  beep.o(.data)
    Music_length2                            0x2000033c   Data           4  beep.o(.data)
    GetTick                                  0x20000340   Data           4  tim9.o(.data)
    CPU_RunTime                              0x20000344   Data           4  tim9.o(.data)
    TX2_Decode_Task_Handler                  0x2000034c   Data           4  app_task.o(.data)
    DBUS_Receive_Data_Task_Handler           0x20000350   Data           4  app_task.o(.data)
    IMU_Get_Data_Task_Handler                0x20000354   Data           4  app_task.o(.data)
    Move_Control_Task_Handler                0x20000358   Data           4  app_task.o(.data)
    Heart_Task_Handler                       0x2000035c   Data           4  app_task.o(.data)
    __stdout                                 0x20000360   Data           4  usart.o(.data)
    CAN_DATA_CMD_ON                          0x2000036c   Data           8  can.o(.data)
    CAN_DATA_CMD_OFF                         0x20000374   Data           8  can.o(.data)
    CAN_DATA_CMD_SET_0                       0x2000037c   Data           8  can.o(.data)
    CAN_DATA_CMD_Change_ID                   0x20000384   Data           8  can.o(.data)
    BMI088_ACCEL_SEN                         0x2000038c   Data           4  bmi088.o(.data)
    BMI088_GYRO_SEN                          0x20000390   Data           4  bmi088.o(.data)
    MPU_id                                   0x200003b8   Data           1  imu.o(.data)
    last_update                              0x200003bc   Data           4  imu.o(.data)
    now_update                               0x200003c0   Data           4  imu.o(.data)
    IMU_OFFset_Flag                          0x200003c4   Data           1  imu.o(.data)
    quat                                     0x200003c8   Data          16  imu.o(.data)
    KI                                       0x200003d8   Data           4  imu.o(.data)
    twoKp                                    0x200003dc   Data           4  imu.o(.data)
    twoKi                                    0x200003e0   Data           4  imu.o(.data)
    integralFBx                              0x200003e4   Data           4  imu.o(.data)
    integralFBy                              0x200003e8   Data           4  imu.o(.data)
    integralFBz                              0x200003ec   Data           4  imu.o(.data)
    step_back_flag                           0x200003f0   Data           1  gait.o(.data)
    gait_mode_turn                           0x200003f1   Data           1  gait.o(.data)
    fornt_back_flag                          0x200003f2   Data           1  gait.o(.data)
    TIM_t                                    0x200003f4   Data           4  gait.o(.data)
    leg_turn_mix_flag                        0x200003f8   Data           1  gait.o(.data)
    DBUS_buffer                              0x200096e8   Data          18  dr16.o(.bss)
    DBUS                                     0x200096fa   Data          22  dr16.o(.bss)
    Send_TX2_Data_TypeStruct                 0x20009710   Data          10  usart.o(.bss)
    Receive_TX2_Data_TypeStruct              0x2000971a   Data           9  usart.o(.bss)
    Usart6Rx_Info                            0x20009723   Data          10  usart.o(.bss)
    Send_TX2                                 0x2000972d   Data          10  usart.o(.bss)
    C_To_F407_Tx                             0x20009737   Data          18  usart.o(.bss)
    F407_To_C_Rx                             0x20009749   Data          18  usart.o(.bss)
    Wheel_Motor_PID_201                      0x2000975c   Data         104  foc.o(.bss)
    Wheel_Motor_PID_202                      0x200097c4   Data         104  foc.o(.bss)
    Wheel_Motor_PID_203                      0x2000982c   Data         104  foc.o(.bss)
    Wheel_Motor_PID_204                      0x20009894   Data         104  foc.o(.bss)
    Jiont_Motor_PID_LF_U                     0x200098fc   Data         104  foc.o(.bss)
    Jiont_Motor_PID_LF_D                     0x20009964   Data         104  foc.o(.bss)
    Jiont_Motor_PID_LB_U                     0x200099cc   Data         104  foc.o(.bss)
    Jiont_Motor_PID_LB_D                     0x20009a34   Data         104  foc.o(.bss)
    Jiont_Motor_PID_RB_U                     0x20009a9c   Data         104  foc.o(.bss)
    Jiont_Motor_PID_RB_D                     0x20009b04   Data         104  foc.o(.bss)
    Jiont_Motor_PID_RF_U                     0x20009b6c   Data         104  foc.o(.bss)
    Jiont_Motor_PID_RF_D                     0x20009bd4   Data         104  foc.o(.bss)
    Joint_LF_U                               0x20009c3c   Data          40  can.o(.bss)
    Joint_LF_D                               0x20009c64   Data          40  can.o(.bss)
    Joint_LB_U                               0x20009c8c   Data          40  can.o(.bss)
    Joint_LB_D                               0x20009cb4   Data          40  can.o(.bss)
    Joint_RB_U                               0x20009cdc   Data          40  can.o(.bss)
    Joint_RB_D                               0x20009d04   Data          40  can.o(.bss)
    Joint_RF_U                               0x20009d2c   Data          40  can.o(.bss)
    Joint_RF_D                               0x20009d54   Data          40  can.o(.bss)
    Wheel_LF                                 0x20009d7c   Data          10  can.o(.bss)
    Wheel_LB                                 0x20009d86   Data          10  can.o(.bss)
    Wheel_RB                                 0x20009d90   Data          10  can.o(.bss)
    Wheel_RF                                 0x20009d9a   Data          10  can.o(.bss)
    Jiont_Motor_Unpack_CAN1                  0x20009da4   Data          40  can.o(.bss)
    CAN1_Rx_Message                          0x20009dcc   Data          20  can.o(.bss)
    IMU_Raw_Data                             0x20009de0   Data          40  imu.o(.bss)
    IMU_Real_Data                            0x20009e08   Data          52  imu.o(.bss)
    IMU_Offset_Data                          0x20009e3c   Data          52  imu.o(.bss)
    Left_Front_Leg_Struct                    0x20009e70   Data          52  gait.o(.bss)
    Left_Back_Leg_Struct                     0x20009ea4   Data          52  gait.o(.bss)
    Right_Back_Leg_Struct                    0x20009ed8   Data          52  gait.o(.bss)
    Right_Front_Leg_Struct                   0x20009f0c   Data          52  gait.o(.bss)
    __libspace_start                         0x20009f40   Data          96  libspace.o(.bss)
    __temporary_stack_top$libspace           0x20009fa0   Data           0  libspace.o(.bss)



==============================================================================

Memory Map of the image

  Image Entry point : 0x08000189

  Load Region LR_IROM1 (Base: 0x08000000, Size: 0x00009cbc, Max: 0x00080000, ABSOLUTE, COMPRESSED[0x000099fc])

    Execution Region ER_IROM1 (Exec base: 0x08000000, Load base: 0x08000000, Size: 0x000098b8, Max: 0x00080000, ABSOLUTE)

    Exec Addr    Load Addr    Size         Type   Attr      Idx    E Section Name        Object

    0x08000000   0x08000000   0x00000188   Data   RO            3    RESET               startup_stm32f407xx.o
    0x08000188   0x08000188   0x00000008   Code   RO         6957  * !!!main             c_w.l(__main.o)
    0x08000190   0x08000190   0x00000034   Code   RO         7341    !!!scatter          c_w.l(__scatter.o)
    0x080001c4   0x080001c4   0x0000005a   Code   RO         7339    !!dczerorl2         c_w.l(__dczerorl2.o)
    0x0800021e   0x0800021e   0x00000002   PAD
    0x08000220   0x08000220   0x0000001c   Code   RO         7343    !!handler_zi        c_w.l(__scatter_zi.o)
    0x0800023c   0x0800023c   0x00000000   Code   RO         6952    .ARM.Collect$$_printf_percent$$00000000  c_w.l(_printf_percent.o)
    0x0800023c   0x0800023c   0x00000006   Code   RO         6951    .ARM.Collect$$_printf_percent$$00000009  c_w.l(_printf_d.o)
    0x08000242   0x08000242   0x00000006   Code   RO         6950    .ARM.Collect$$_printf_percent$$00000014  c_w.l(_printf_s.o)
    0x08000248   0x08000248   0x00000004   Code   RO         7088    .ARM.Collect$$_printf_percent$$00000017  c_w.l(_printf_percent_end.o)
    0x0800024c   0x0800024c   0x00000002   Code   RO         7214    .ARM.Collect$$libinit$$00000000  c_w.l(libinit.o)
    0x0800024e   0x0800024e   0x00000004   Code   RO         7217    .ARM.Collect$$libinit$$00000001  c_w.l(libinit2.o)
    0x08000252   0x08000252   0x00000000   Code   RO         7220    .ARM.Collect$$libinit$$00000004  c_w.l(libinit2.o)
    0x08000252   0x08000252   0x00000000   Code   RO         7223    .ARM.Collect$$libinit$$0000000A  c_w.l(libinit2.o)
    0x08000252   0x08000252   0x00000000   Code   RO         7225    .ARM.Collect$$libinit$$0000000C  c_w.l(libinit2.o)
    0x08000252   0x08000252   0x00000000   Code   RO         7227    .ARM.Collect$$libinit$$0000000E  c_w.l(libinit2.o)
    0x08000252   0x08000252   0x00000000   Code   RO         7230    .ARM.Collect$$libinit$$00000011  c_w.l(libinit2.o)
    0x08000252   0x08000252   0x00000000   Code   RO         7232    .ARM.Collect$$libinit$$00000013  c_w.l(libinit2.o)
    0x08000252   0x08000252   0x00000000   Code   RO         7234    .ARM.Collect$$libinit$$00000015  c_w.l(libinit2.o)
    0x08000252   0x08000252   0x00000000   Code   RO         7236    .ARM.Collect$$libinit$$00000017  c_w.l(libinit2.o)
    0x08000252   0x08000252   0x00000000   Code   RO         7238    .ARM.Collect$$libinit$$00000019  c_w.l(libinit2.o)
    0x08000252   0x08000252   0x00000000   Code   RO         7240    .ARM.Collect$$libinit$$0000001B  c_w.l(libinit2.o)
    0x08000252   0x08000252   0x00000000   Code   RO         7242    .ARM.Collect$$libinit$$0000001D  c_w.l(libinit2.o)
    0x08000252   0x08000252   0x00000000   Code   RO         7244    .ARM.Collect$$libinit$$0000001F  c_w.l(libinit2.o)
    0x08000252   0x08000252   0x00000000   Code   RO         7246    .ARM.Collect$$libinit$$00000021  c_w.l(libinit2.o)
    0x08000252   0x08000252   0x00000000   Code   RO         7248    .ARM.Collect$$libinit$$00000023  c_w.l(libinit2.o)
    0x08000252   0x08000252   0x00000000   Code   RO         7250    .ARM.Collect$$libinit$$00000025  c_w.l(libinit2.o)
    0x08000252   0x08000252   0x00000000   Code   RO         7254    .ARM.Collect$$libinit$$0000002C  c_w.l(libinit2.o)
    0x08000252   0x08000252   0x00000000   Code   RO         7256    .ARM.Collect$$libinit$$0000002E  c_w.l(libinit2.o)
    0x08000252   0x08000252   0x00000000   Code   RO         7258    .ARM.Collect$$libinit$$00000030  c_w.l(libinit2.o)
    0x08000252   0x08000252   0x00000000   Code   RO         7260    .ARM.Collect$$libinit$$00000032  c_w.l(libinit2.o)
    0x08000252   0x08000252   0x00000002   Code   RO         7261    .ARM.Collect$$libinit$$00000033  c_w.l(libinit2.o)
    0x08000254   0x08000254   0x00000002   Code   RO         7279    .ARM.Collect$$libshutdown$$00000000  c_w.l(libshutdown.o)
    0x08000256   0x08000256   0x00000000   Code   RO         7289    .ARM.Collect$$libshutdown$$00000002  c_w.l(libshutdown2.o)
    0x08000256   0x08000256   0x00000000   Code   RO         7291    .ARM.Collect$$libshutdown$$00000004  c_w.l(libshutdown2.o)
    0x08000256   0x08000256   0x00000000   Code   RO         7293    .ARM.Collect$$libshutdown$$00000006  c_w.l(libshutdown2.o)
    0x08000256   0x08000256   0x00000000   Code   RO         7296    .ARM.Collect$$libshutdown$$00000009  c_w.l(libshutdown2.o)
    0x08000256   0x08000256   0x00000000   Code   RO         7299    .ARM.Collect$$libshutdown$$0000000C  c_w.l(libshutdown2.o)
    0x08000256   0x08000256   0x00000000   Code   RO         7301    .ARM.Collect$$libshutdown$$0000000E  c_w.l(libshutdown2.o)
    0x08000256   0x08000256   0x00000000   Code   RO         7304    .ARM.Collect$$libshutdown$$00000011  c_w.l(libshutdown2.o)
    0x08000256   0x08000256   0x00000002   Code   RO         7305    .ARM.Collect$$libshutdown$$00000012  c_w.l(libshutdown2.o)
    0x08000258   0x08000258   0x00000000   Code   RO         7079    .ARM.Collect$$rtentry$$00000000  c_w.l(__rtentry.o)
    0x08000258   0x08000258   0x00000000   Code   RO         7165    .ARM.Collect$$rtentry$$00000002  c_w.l(__rtentry2.o)
    0x08000258   0x08000258   0x00000006   Code   RO         7177    .ARM.Collect$$rtentry$$00000004  c_w.l(__rtentry4.o)
    0x0800025e   0x0800025e   0x00000000   Code   RO         7167    .ARM.Collect$$rtentry$$00000009  c_w.l(__rtentry2.o)
    0x0800025e   0x0800025e   0x00000004   Code   RO         7168    .ARM.Collect$$rtentry$$0000000A  c_w.l(__rtentry2.o)
    0x08000262   0x08000262   0x00000000   Code   RO         7170    .ARM.Collect$$rtentry$$0000000C  c_w.l(__rtentry2.o)
    0x08000262   0x08000262   0x00000008   Code   RO         7171    .ARM.Collect$$rtentry$$0000000D  c_w.l(__rtentry2.o)
    0x0800026a   0x0800026a   0x00000002   Code   RO         7215    .ARM.Collect$$rtexit$$00000000  c_w.l(rtexit.o)
    0x0800026c   0x0800026c   0x00000000   Code   RO         7263    .ARM.Collect$$rtexit$$00000002  c_w.l(rtexit2.o)
    0x0800026c   0x0800026c   0x00000004   Code   RO         7264    .ARM.Collect$$rtexit$$00000003  c_w.l(rtexit2.o)
    0x08000270   0x08000270   0x00000006   Code   RO         7265    .ARM.Collect$$rtexit$$00000004  c_w.l(rtexit2.o)
    0x08000276   0x08000276   0x00000002   PAD
    0x08000278   0x08000278   0x000000b6   Code   RO         4811    .emb_text           port.o
    0x0800032e   0x0800032e   0x00000002   PAD
    0x08000330   0x08000330   0x00000040   Code   RO            4    .text               startup_stm32f407xx.o
    0x08000370   0x08000370   0x00000002   Code   RO         6918    .text               c_w.l(use_no_semi_2.o)
    0x08000372   0x08000372   0x00000002   PAD
    0x08000374   0x08000374   0x00000018   Code   RO         6922    .text               c_w.l(noretval__2printf.o)
    0x0800038c   0x0800038c   0x00000068   Code   RO         6924    .text               c_w.l(__printf.o)
    0x080003f4   0x080003f4   0x00000052   Code   RO         6926    .text               c_w.l(_printf_str.o)
    0x08000446   0x08000446   0x00000002   PAD
    0x08000448   0x08000448   0x00000078   Code   RO         6928    .text               c_w.l(_printf_dec.o)
    0x080004c0   0x080004c0   0x00000006   Code   RO         6955    .text               c_w.l(heapauxi.o)
    0x080004c6   0x080004c6   0x00000002   Code   RO         7077    .text               c_w.l(use_no_semi.o)
    0x080004c8   0x080004c8   0x00000016   Code   RO         7080    .text               c_w.l(_rserrno.o)
    0x080004de   0x080004de   0x000000b2   Code   RO         7082    .text               c_w.l(_printf_intcommon.o)
    0x08000590   0x08000590   0x0000002c   Code   RO         7084    .text               c_w.l(_printf_char.o)
    0x080005bc   0x080005bc   0x00000024   Code   RO         7086    .text               c_w.l(_printf_char_file.o)
    0x080005e0   0x080005e0   0x00000008   Code   RO         7182    .text               c_w.l(rt_errno_addr_intlibspace.o)
    0x080005e8   0x080005e8   0x00000030   Code   RO         7184    .text               c_w.l(_printf_char_common.o)
    0x08000618   0x08000618   0x00000008   Code   RO         7186    .text               c_w.l(ferror.o)
    0x08000620   0x08000620   0x00000008   Code   RO         7200    .text               c_w.l(libspace.o)
    0x08000628   0x08000628   0x0000004a   Code   RO         7203    .text               c_w.l(sys_stackheap_outer.o)
    0x08000672   0x08000672   0x00000012   Code   RO         7207    .text               c_w.l(exit.o)
    0x08000684   0x08000684   0x00000010   Code   RO         6588    i.BMI088_ACCEL_NS_H  bmi088.o
    0x08000694   0x08000694   0x00000010   Code   RO         6589    i.BMI088_ACCEL_NS_L  bmi088.o
    0x080006a4   0x080006a4   0x00000010   Code   RO         6590    i.BMI088_GYRO_NS_H  bmi088.o
    0x080006b4   0x080006b4   0x00000010   Code   RO         6591    i.BMI088_GYRO_NS_L  bmi088.o
    0x080006c4   0x080006c4   0x00000080   Code   RO         6592    i.BMI088_Interrupt_InitConfig  bmi088.o
    0x08000744   0x08000744   0x0000001a   Code   RO         6593    i.BMI088_delay_ms   bmi088.o
    0x0800075e   0x0800075e   0x0000004a   Code   RO         6594    i.BMI088_delay_us   bmi088.o
    0x080007a8   0x080007a8   0x0000002a   Code   RO         6595    i.BMI088_init       bmi088.o
    0x080007d2   0x080007d2   0x00000002   PAD
    0x080007d4   0x080007d4   0x00000198   Code   RO         6596    i.BMI088_read       bmi088.o
    0x0800096c   0x0800096c   0x00000026   Code   RO         6597    i.BMI088_read_muli_reg  bmi088.o
    0x08000992   0x08000992   0x00000018   Code   RO         6598    i.BMI088_read_single_reg  bmi088.o
    0x080009aa   0x080009aa   0x00000002   PAD
    0x080009ac   0x080009ac   0x00000038   Code   RO         6067    i.BMI088_read_write_byte  spi.o
    0x080009e4   0x080009e4   0x00000014   Code   RO         6599    i.BMI088_write_single_reg  bmi088.o
    0x080009f8   0x080009f8   0x00000032   Code   RO         5689    i.BaseHardwork_Init  main.o
    0x08000a2a   0x08000a2a   0x00000002   PAD
    0x08000a2c   0x08000a2c   0x000000a4   Code   RO         5936    i.Beep_Change_Music  beep.o
    0x08000ad0   0x08000ad0   0x000000a4   Code   RO         5937    i.Beep_Init         beep.o
    0x08000b74   0x08000b74   0x00000010   Code   RO         5938    i.Beep_OFF          beep.o
    0x08000b84   0x08000b84   0x00000010   Code   RO         5939    i.Beep_ON           beep.o
    0x08000b94   0x08000b94   0x00000004   Code   RO         5836    i.BusFault_Handler  stm32f4xx_it.o
    0x08000b98   0x08000b98   0x00000124   Code   RO         6453    i.CAN1_Init         can.o
    0x08000cbc   0x08000cbc   0x00000170   Code   RO         6454    i.CAN1_RX0_IRQHandler  can.o
    0x08000e2c   0x08000e2c   0x00000024   Code   RO         6456    i.CAN1_TX_IRQHandler  can.o
    0x08000e50   0x08000e50   0x00000130   Code   RO         6458    i.CAN2_Init         can.o
    0x08000f80   0x08000f80   0x000000bc   Code   RO         6459    i.CAN2_RX0_IRQHandler  can.o
    0x0800103c   0x0800103c   0x00000188   Code   RO         6460    i.CAN2_TX           can.o
    0x080011c4   0x080011c4   0x00000024   Code   RO         6461    i.CAN2_TX_IRQHandler  can.o
    0x080011e8   0x080011e8   0x000000a8   Code   RO          405    i.CAN_ClearITPendingBit  stm32f4xx_can.o
    0x08001290   0x08001290   0x00000038   Code   RO          407    i.CAN_DeInit        stm32f4xx_can.o
    0x080012c8   0x080012c8   0x00000108   Code   RO          409    i.CAN_FilterInit    stm32f4xx_can.o
    0x080013d0   0x080013d0   0x00000120   Code   RO          411    i.CAN_GetITStatus   stm32f4xx_can.o
    0x080014f0   0x080014f0   0x00000012   Code   RO          415    i.CAN_ITConfig      stm32f4xx_can.o
    0x08001502   0x08001502   0x00000114   Code   RO          416    i.CAN_Init          stm32f4xx_can.o
    0x08001616   0x08001616   0x000000f0   Code   RO          419    i.CAN_Receive       stm32f4xx_can.o
    0x08001706   0x08001706   0x00000020   Code   RO          422    i.CAN_StructInit    stm32f4xx_can.o
    0x08001726   0x08001726   0x00000126   Code   RO          424    i.CAN_Transmit      stm32f4xx_can.o
    0x0800184c   0x0800184c   0x00000012   Code   RO          427    i.CheckITStatus     stm32f4xx_can.o
    0x0800185e   0x0800185e   0x00000002   PAD
    0x08001860   0x08001860   0x00000248   Code   RO         6256    i.Contron_TX_Jiont  usart.o
    0x08001aa8   0x08001aa8   0x0000034c   Code   RO         6843    i.Coordinate_Inverse  gait.o
    0x08001df4   0x08001df4   0x00000108   Code   RO         6218    i.DBUS_Receive_Data_Task  dr16.o
    0x08001efc   0x08001efc   0x0000004c   Code   RO         6219    i.DMA1_Stream1_IRQHandler  dr16.o
    0x08001f48   0x08001f48   0x00000030   Code   RO         6257    i.DMA2_Stream6_IRQHandler  usart.o
    0x08001f78   0x08001f78   0x00000030   Code   RO         6258    i.DMA2_Stream7_IRQHandler  usart.o
    0x08001fa8   0x08001fa8   0x00000034   Code   RO         1104    i.DMA_ClearFlag     stm32f4xx_dma.o
    0x08001fdc   0x08001fdc   0x00000034   Code   RO         1105    i.DMA_ClearITPendingBit  stm32f4xx_dma.o
    0x08002010   0x08002010   0x00000016   Code   RO         1106    i.DMA_Cmd           stm32f4xx_dma.o
    0x08002026   0x08002026   0x00000002   PAD
    0x08002028   0x08002028   0x00000158   Code   RO         1107    i.DMA_DeInit        stm32f4xx_dma.o
    0x08002180   0x08002180   0x00000064   Code   RO         1116    i.DMA_GetITStatus   stm32f4xx_dma.o
    0x080021e4   0x080021e4   0x0000003a   Code   RO         1117    i.DMA_ITConfig      stm32f4xx_dma.o
    0x0800221e   0x0800221e   0x00000002   PAD
    0x08002220   0x08002220   0x00000058   Code   RO         1118    i.DMA_Init          stm32f4xx_dma.o
    0x08002278   0x08002278   0x00000004   Code   RO         1121    i.DMA_SetCurrDataCounter  stm32f4xx_dma.o
    0x0800227c   0x0800227c   0x00000130   Code   RO         6220    i.DR16_InitConfig   dr16.o
    0x080023ac   0x080023ac   0x00000002   Code   RO         5837    i.DebugMon_Handler  stm32f4xx_it.o
    0x080023ae   0x080023ae   0x00000002   PAD
    0x080023b0   0x080023b0   0x0000003c   Code   RO         6751    i.EXTI4_IRQHandler  imu.o
    0x080023ec   0x080023ec   0x0000000c   Code   RO         1364    i.EXTI_ClearITPendingBit  stm32f4xx_exti.o
    0x080023f8   0x080023f8   0x00000018   Code   RO         1368    i.EXTI_GetITStatus  stm32f4xx_exti.o
    0x08002410   0x08002410   0x00000094   Code   RO         1369    i.EXTI_Init         stm32f4xx_exti.o
    0x080024a4   0x080024a4   0x000000a4   Code   RO         6808    i.Foot_Direction_Init  move_control.o
    0x08002548   0x08002548   0x00000680   Code   RO         6845    i.Foot_Dynamic_Control  gait.o
    0x08002bc8   0x08002bc8   0x00000090   Code   RO         1709    i.GPIO_Init         stm32f4xx_gpio.o
    0x08002c58   0x08002c58   0x00000046   Code   RO         1710    i.GPIO_PinAFConfig  stm32f4xx_gpio.o
    0x08002c9e   0x08002c9e   0x00000004   Code   RO         1716    i.GPIO_ResetBits    stm32f4xx_gpio.o
    0x08002ca2   0x08002ca2   0x00000004   Code   RO         1717    i.GPIO_SetBits      stm32f4xx_gpio.o
    0x08002ca6   0x08002ca6   0x00000008   Code   RO         1719    i.GPIO_ToggleBits   stm32f4xx_gpio.o
    0x08002cae   0x08002cae   0x00000004   Code   RO         5838    i.HardFault_Handler  stm32f4xx_it.o
    0x08002cb2   0x08002cb2   0x00000002   PAD
    0x08002cb4   0x08002cb4   0x00000128   Code   RO         6000    i.Heart_Task        led.o
    0x08002ddc   0x08002ddc   0x000000a0   Code   RO         6600    i.Heat_Init         bmi088.o
    0x08002e7c   0x08002e7c   0x00000270   Code   RO         6752    i.IMU_Get_Data      imu.o
    0x080030ec   0x080030ec   0x000001e4   Code   RO         6753    i.IMU_Get_Data_Task  imu.o
    0x080032d0   0x080032d0   0x0000016c   Code   RO         6401    i.Jiont_Motor_FOC_Init  foc.o
    0x0800343c   0x0800343c   0x000006c8   Code   RO         6402    i.Jiont_Motor_PID_Init  foc.o
    0x08003b04   0x08003b04   0x00000086   Code   RO         6093    i.KalmanFilter      kalman.o
    0x08003b8a   0x08003b8a   0x00000002   PAD
    0x08003b8c   0x08003b8c   0x00000064   Code   RO         6001    i.LED_Init          led.o
    0x08003bf0   0x08003bf0   0x00000040   Code   RO         5980    i.Laser_InitConfig  laser.o
    0x08003c30   0x08003c30   0x000000a4   Code   RO         6847    i.Leg_Deinit        gait.o
    0x08003cd4   0x08003cd4   0x00000154   Code   RO         6754    i.MPU6500_Gyro_Cali  imu.o
    0x08003e28   0x08003e28   0x000003f8   Code   RO         6755    i.MahonyAHRSupdateIMU  imu.o
    0x08004220   0x08004220   0x00000004   Code   RO         5839    i.MemManage_Handler  stm32f4xx_it.o
    0x08004224   0x08004224   0x000000b0   Code   RO         6810    i.Move_Control_Task  move_control.o
    0x080042d4   0x080042d4   0x00000002   Code   RO         5840    i.NMI_Handler       stm32f4xx_it.o
    0x080042d6   0x080042d6   0x00000002   PAD
    0x080042d8   0x080042d8   0x00000078   Code   RO           12    i.NVIC_Init         misc.o
    0x08004350   0x08004350   0x00000014   Code   RO           13    i.NVIC_PriorityGroupConfig  misc.o
    0x08004364   0x08004364   0x00000300   Code   RO         6403    i.Pid_Calc          foc.o
    0x08004664   0x08004664   0x000000c0   Code   RO         6259    i.Positing_change_Slow  usart.o
    0x08004724   0x08004724   0x00000020   Code   RO         2573    i.RCC_AHB1PeriphClockCmd  stm32f4xx_rcc.o
    0x08004744   0x08004744   0x00000020   Code   RO         2582    i.RCC_APB1PeriphClockCmd  stm32f4xx_rcc.o
    0x08004764   0x08004764   0x00000020   Code   RO         2584    i.RCC_APB1PeriphResetCmd  stm32f4xx_rcc.o
    0x08004784   0x08004784   0x00000020   Code   RO         2585    i.RCC_APB2PeriphClockCmd  stm32f4xx_rcc.o
    0x080047a4   0x080047a4   0x00000020   Code   RO         2587    i.RCC_APB2PeriphResetCmd  stm32f4xx_rcc.o
    0x080047c4   0x080047c4   0x000000e8   Code   RO         2594    i.RCC_GetClocksFreq  stm32f4xx_rcc.o
    0x080048ac   0x080048ac   0x00000018   Code   RO         3690    i.SPI_Cmd           stm32f4xx_spi.o
    0x080048c4   0x080048c4   0x00000118   Code   RO         6068    i.SPI_GPIO_InitConfig  spi.o
    0x080049dc   0x080049dc   0x00000012   Code   RO         3698    i.SPI_I2S_GetFlagStatus  stm32f4xx_spi.o
    0x080049ee   0x080049ee   0x00000006   Code   RO         3701    i.SPI_I2S_ReceiveData  stm32f4xx_spi.o
    0x080049f4   0x080049f4   0x00000004   Code   RO         3702    i.SPI_I2S_SendData  stm32f4xx_spi.o
    0x080049f8   0x080049f8   0x0000003c   Code   RO         3703    i.SPI_Init          stm32f4xx_spi.o
    0x08004a34   0x08004a34   0x00000040   Code   RO         3851    i.SYSCFG_EXTILineConfig  stm32f4xx_syscfg.o
    0x08004a74   0x08004a74   0x000000ec   Code   RO         5899    i.SetSysClock       system_stm32f4xx.o
    0x08004b60   0x08004b60   0x00000040   Code   RO         6849    i.Shrink            gait.o
    0x08004ba0   0x08004ba0   0x000000c0   Code   RO         6850    i.Slide             gait.o
    0x08004c60   0x08004c60   0x00000028   Code   RO           16    i.SysTick_CLKSourceConfig  misc.o
    0x08004c88   0x08004c88   0x00000010   Code   RO         5841    i.SysTick_Handler   stm32f4xx_it.o
    0x08004c98   0x08004c98   0x00000068   Code   RO         5901    i.SystemInit        system_stm32f4xx.o
    0x08004d00   0x08004d00   0x00000028   Code   RO         6032    i.TIM1_BRK_TIM9_IRQHandler  tim9.o
    0x08004d28   0x08004d28   0x00000064   Code   RO         6033    i.TIM9_Init         tim9.o
    0x08004d8c   0x08004d8c   0x00000018   Code   RO         3908    i.TIM_ARRPreloadConfig  stm32f4xx_tim.o
    0x08004da4   0x08004da4   0x00000006   Code   RO         3914    i.TIM_ClearFlag     stm32f4xx_tim.o
    0x08004daa   0x08004daa   0x00000006   Code   RO         3915    i.TIM_ClearITPendingBit  stm32f4xx_tim.o
    0x08004db0   0x08004db0   0x00000018   Code   RO         3920    i.TIM_Cmd           stm32f4xx_tim.o
    0x08004dc8   0x08004dc8   0x00000022   Code   RO         3941    i.TIM_GetITStatus   stm32f4xx_tim.o
    0x08004dea   0x08004dea   0x00000012   Code   RO         3945    i.TIM_ITConfig      stm32f4xx_tim.o
    0x08004dfc   0x08004dfc   0x0000007c   Code   RO         3949    i.TIM_OC1Init       stm32f4xx_tim.o
    0x08004e78   0x08004e78   0x00000012   Code   RO         3952    i.TIM_OC1PreloadConfig  stm32f4xx_tim.o
    0x08004e8a   0x08004e8a   0x00000002   PAD
    0x08004e8c   0x08004e8c   0x000000a0   Code   RO         3959    i.TIM_OC3Init       stm32f4xx_tim.o
    0x08004f2c   0x08004f2c   0x00000012   Code   RO         3962    i.TIM_OC3PreloadConfig  stm32f4xx_tim.o
    0x08004f3e   0x08004f3e   0x00000004   Code   RO         3984    i.TIM_SetCompare3   stm32f4xx_tim.o
    0x08004f42   0x08004f42   0x00000002   PAD
    0x08004f44   0x08004f44   0x00000084   Code   RO         3992    i.TIM_TimeBaseInit  stm32f4xx_tim.o
    0x08004fc8   0x08004fc8   0x0000006c   Code   RO         6260    i.TX2_Decode_Task   usart.o
    0x08005034   0x08005034   0x000001c4   Code   RO         6261    i.TX2_Init          usart.o
    0x080051f8   0x080051f8   0x0000017c   Code   RO         6262    i.USART1_IRQHandler  usart.o
    0x08005374   0x08005374   0x000001f4   Code   RO         6263    i.USART1_Init       usart.o
    0x08005568   0x08005568   0x000000b4   Code   RO         6264    i.USART3_Send_TX2   usart.o
    0x0800561c   0x0800561c   0x0000006c   Code   RO         6265    i.USART6_IRQHandler  usart.o
    0x08005688   0x08005688   0x00000018   Code   RO         4470    i.USART_Cmd         stm32f4xx_usart.o
    0x080056a0   0x080056a0   0x00000012   Code   RO         4471    i.USART_DMACmd      stm32f4xx_usart.o
    0x080056b2   0x080056b2   0x00000002   PAD
    0x080056b4   0x080056b4   0x000000f0   Code   RO         4472    i.USART_DeInit      stm32f4xx_usart.o
    0x080057a4   0x080057a4   0x0000001a   Code   RO         4473    i.USART_GetFlagStatus  stm32f4xx_usart.o
    0x080057be   0x080057be   0x00000054   Code   RO         4474    i.USART_GetITStatus  stm32f4xx_usart.o
    0x08005812   0x08005812   0x0000004a   Code   RO         4476    i.USART_ITConfig    stm32f4xx_usart.o
    0x0800585c   0x0800585c   0x000000d4   Code   RO         4477    i.USART_Init        stm32f4xx_usart.o
    0x08005930   0x08005930   0x00000008   Code   RO         4487    i.USART_SendData    stm32f4xx_usart.o
    0x08005938   0x08005938   0x00000004   Code   RO         5842    i.UsageFault_Handler  stm32f4xx_it.o
    0x0800593c   0x0800593c   0x00000334   Code   RO         6404    i.Wheel_Motor_PID_Init  foc.o
    0x08005c70   0x08005c70   0x00000030   Code   RO         7121    i.__ARM_fpclassify  m_wm.l(fpclassify.o)
    0x08005ca0   0x08005ca0   0x00000026   Code   RO         7123    i.__ARM_fpclassifyf  m_wm.l(fpclassifyf.o)
    0x08005cc6   0x08005cc6   0x00000002   PAD
    0x08005cc8   0x08005cc8   0x00000360   Code   RO         6983    i.__hardfp_asin     m_wm.l(asin.o)
    0x08006028   0x08006028   0x0000012c   Code   RO         6997    i.__hardfp_asinf    m_wm.l(asinf.o)
    0x08006154   0x08006154   0x00000004   PAD
    0x08006158   0x08006158   0x000002d8   Code   RO         7009    i.__hardfp_atan     m_wm.l(atan.o)
    0x08006430   0x08006430   0x000002ac   Code   RO         7023    i.__hardfp_atan2f   m_wm.l(atan2f.o)
    0x080066dc   0x080066dc   0x00000004   PAD
    0x080066e0   0x080066e0   0x000000c8   Code   RO         7035    i.__hardfp_cos      m_wm.l(cos.o)
    0x080067a8   0x080067a8   0x00000014   Code   RO         7047    i.__hardfp_fabs     m_wm.l(fabs.o)
    0x080067bc   0x080067bc   0x00000004   PAD
    0x080067c0   0x080067c0   0x000000c8   Code   RO         7053    i.__hardfp_sin      m_wm.l(sin.o)
    0x08006888   0x08006888   0x0000007a   Code   RO         7065    i.__hardfp_sqrt     m_wm.l(sqrt.o)
    0x08006902   0x08006902   0x00000006   PAD
    0x08006908   0x08006908   0x00000438   Code   RO         7141    i.__ieee754_rem_pio2  m_wm.l(rred.o)
    0x08006d40   0x08006d40   0x00000170   Code   RO         7104    i.__kernel_cos      m_wm.l(cos_i.o)
    0x08006eb0   0x08006eb0   0x000000f8   Code   RO         7139    i.__kernel_poly     m_wm.l(poly.o)
    0x08006fa8   0x08006fa8   0x00000130   Code   RO         7146    i.__kernel_sin      m_wm.l(sin_i.o)
    0x080070d8   0x080070d8   0x00000014   Code   RO         7108    i.__mathlib_dbl_infnan  m_wm.l(dunder.o)
    0x080070ec   0x080070ec   0x00000004   PAD
    0x080070f0   0x080070f0   0x00000020   Code   RO         7110    i.__mathlib_dbl_invalid  m_wm.l(dunder.o)
    0x08007110   0x08007110   0x00000020   Code   RO         7113    i.__mathlib_dbl_underflow  m_wm.l(dunder.o)
    0x08007130   0x08007130   0x00000006   Code   RO         7126    i.__mathlib_flt_infnan  m_wm.l(funder.o)
    0x08007136   0x08007136   0x00000006   Code   RO         7127    i.__mathlib_flt_infnan2  m_wm.l(funder.o)
    0x0800713c   0x0800713c   0x00000010   Code   RO         7128    i.__mathlib_flt_invalid  m_wm.l(funder.o)
    0x0800714c   0x0800714c   0x00000010   Code   RO         7131    i.__mathlib_flt_underflow  m_wm.l(funder.o)
    0x0800715c   0x0800715c   0x00000004   Code   RO         6266    i._sys_exit         usart.o
    0x08007160   0x08007160   0x00000128   Code   RO         6601    i.bmi088_accel_init  bmi088.o
    0x08007288   0x08007288   0x000000f4   Code   RO         6602    i.bmi088_gyro_init  bmi088.o
    0x0800737c   0x0800737c   0x00000044   Code   RO         5621    i.delay_init        delay.o
    0x080073c0   0x080073c0   0x00000040   Code   RO         5622    i.delay_ms          delay.o
    0x08007400   0x08007400   0x00000048   Code   RO         5623    i.delay_us          delay.o
    0x08007448   0x08007448   0x00000018   Code   RO         7049    i.fabs              m_wm.l(fabs.o)
    0x08007460   0x08007460   0x00000032   Code   RO         6462    i.float_to_uint     can.o
    0x08007492   0x08007492   0x00000002   PAD
    0x08007494   0x08007494   0x00000024   Code   RO         6270    i.fputc             usart.o
    0x080074b8   0x080074b8   0x0000003c   Code   RO         6756    i.invSqrt           imu.o
    0x080074f4   0x080074f4   0x00000038   Code   RO         6094    i.kalmanCreate      kalman.o
    0x0800752c   0x0800752c   0x00000020   Code   RO         5690    i.main              main.o
    0x0800754c   0x0800754c   0x00000098   Code   RO         5268    i.prvAddCurrentTaskToDelayedList  tasks.o
    0x080075e4   0x080075e4   0x000000b4   Code   RO         5269    i.prvAddNewTaskToReadyList  tasks.o
    0x08007698   0x08007698   0x00000048   Code   RO         5270    i.prvCheckTasksWaitingTermination  tasks.o
    0x080076e0   0x080076e0   0x00000012   Code   RO         5271    i.prvDeleteTCB      tasks.o
    0x080076f2   0x080076f2   0x00000002   PAD
    0x080076f4   0x080076f4   0x0000007c   Code   RO         4716    i.prvHeapInit       heap_4.o
    0x08007770   0x08007770   0x00000028   Code   RO         5272    i.prvIdleTask       tasks.o
    0x08007798   0x08007798   0x000000d8   Code   RO         5273    i.prvInitialiseNewTask  tasks.o
    0x08007870   0x08007870   0x00000068   Code   RO         5274    i.prvInitialiseTaskLists  tasks.o
    0x080078d8   0x080078d8   0x00000068   Code   RO         4717    i.prvInsertBlockIntoFreeList  heap_4.o
    0x08007940   0x08007940   0x00000034   Code   RO         5275    i.prvResetNextTaskUnblockTime  tasks.o
    0x08007974   0x08007974   0x00000070   Code   RO         4812    i.prvTaskExitError  port.o
    0x080079e4   0x080079e4   0x00000150   Code   RO         4718    i.pvPortMalloc      heap_4.o
    0x08007b34   0x08007b34   0x0000002c   Code   RO         4813    i.pxPortInitialiseStack  port.o
    0x08007b60   0x08007b60   0x0000000c   Code   RO         6273    i.shortTou8         usart.o
    0x08007b6c   0x08007b6c   0x0000006e   Code   RO         7067    i.sqrt              m_wm.l(sqrt.o)
    0x08007bda   0x08007bda   0x0000003e   Code   RO         7154    i.sqrtf             m_wm.l(sqrtf.o)
    0x08007c18   0x08007c18   0x0000002c   Code   RO         6183    i.startTask         app_task.o
    0x08007c44   0x08007c44   0x00000108   Code   RO         6184    i.start_task        app_task.o
    0x08007d4c   0x08007d4c   0x00000034   Code   RO         6463    i.uint_to_float     can.o
    0x08007d80   0x08007d80   0x00000074   Code   RO         5278    i.ulTaskNotifyTake  tasks.o
    0x08007df4   0x08007df4   0x00000028   Code   RO         5025    i.uxListRemove      list.o
    0x08007e1c   0x08007e1c   0x0000001a   Code   RO         5026    i.vListInitialise   list.o
    0x08007e36   0x08007e36   0x00000006   Code   RO         5027    i.vListInitialiseItem  list.o
    0x08007e3c   0x08007e3c   0x00000034   Code   RO         5028    i.vListInsert       list.o
    0x08007e70   0x08007e70   0x00000018   Code   RO         5029    i.vListInsertEnd    list.o
    0x08007e88   0x08007e88   0x00000084   Code   RO         4815    i.vPortEnterCritical  port.o
    0x08007f0c   0x08007f0c   0x0000006c   Code   RO         4816    i.vPortExitCritical  port.o
    0x08007f78   0x08007f78   0x000000b4   Code   RO         4719    i.vPortFree         heap_4.o
    0x0800802c   0x0800802c   0x00000020   Code   RO         4817    i.vPortSetupTimerInterrupt  port.o
    0x0800804c   0x0800804c   0x0000009c   Code   RO         4818    i.vPortValidateInterruptPriority  port.o
    0x080080e8   0x080080e8   0x00000078   Code   RO         5283    i.vTaskDelay        tasks.o
    0x08008160   0x08008160   0x00000110   Code   RO         5285    i.vTaskDelete       tasks.o
    0x08008270   0x08008270   0x00000104   Code   RO         5289    i.vTaskNotifyGiveFromISR  tasks.o
    0x08008374   0x08008374   0x000000b0   Code   RO         5297    i.vTaskStartScheduler  tasks.o
    0x08008424   0x08008424   0x00000010   Code   RO         5299    i.vTaskSuspendAll   tasks.o
    0x08008434   0x08008434   0x000000ac   Code   RO         5300    i.vTaskSwitchContext  tasks.o
    0x080084e0   0x080084e0   0x00000158   Code   RO         4819    i.xPortStartScheduler  port.o
    0x08008638   0x08008638   0x00000034   Code   RO         4820    i.xPortSysTickHandler  port.o
    0x0800866c   0x0800866c   0x00000060   Code   RO         5302    i.xTaskCreate       tasks.o
    0x080086cc   0x080086cc   0x00000020   Code   RO         5306    i.xTaskGetSchedulerState  tasks.o
    0x080086ec   0x080086ec   0x00000164   Code   RO         5309    i.xTaskIncrementTick  tasks.o
    0x08008850   0x08008850   0x00000124   Code   RO         5315    i.xTaskResumeAll    tasks.o
    0x08008974   0x08008974   0x00000018   Code   RO         6959    x$fpl$basic         fz_wm.l(basic.o)
    0x0800898c   0x0800898c   0x00000062   Code   RO         6961    x$fpl$d2f           fz_wm.l(d2f.o)
    0x080089ee   0x080089ee   0x00000002   PAD
    0x080089f0   0x080089f0   0x00000150   Code   RO         6963    x$fpl$dadd          fz_wm.l(daddsub_clz.o)
    0x08008b40   0x08008b40   0x00000018   Code   RO         7091    x$fpl$dcmpinf       fz_wm.l(dcmpi.o)
    0x08008b58   0x08008b58   0x000002b0   Code   RO         6970    x$fpl$ddiv          fz_wm.l(ddiv.o)
    0x08008e08   0x08008e08   0x00000078   Code   RO         6973    x$fpl$deqf          fz_wm.l(deqf.o)
    0x08008e80   0x08008e80   0x0000005e   Code   RO         7190    x$fpl$dfix          fz_wm.l(dfix.o)
    0x08008ede   0x08008ede   0x0000002e   Code   RO         7195    x$fpl$dflt          fz_wm.l(dflt_clz.o)
    0x08008f0c   0x08008f0c   0x00000026   Code   RO         7194    x$fpl$dfltu         fz_wm.l(dflt_clz.o)
    0x08008f32   0x08008f32   0x00000002   PAD
    0x08008f34   0x08008f34   0x00000078   Code   RO         6975    x$fpl$dleqf         fz_wm.l(dleqf.o)
    0x08008fac   0x08008fac   0x00000154   Code   RO         6977    x$fpl$dmul          fz_wm.l(dmul.o)
    0x08009100   0x08009100   0x0000009c   Code   RO         7093    x$fpl$dnaninf       fz_wm.l(dnaninf.o)
    0x0800919c   0x0800919c   0x0000000c   Code   RO         7095    x$fpl$dretinf       fz_wm.l(dretinf.o)
    0x080091a8   0x080091a8   0x0000006c   Code   RO         6979    x$fpl$drleqf        fz_wm.l(drleqf.o)
    0x08009214   0x08009214   0x00000016   Code   RO         6964    x$fpl$drsb          fz_wm.l(daddsub_clz.o)
    0x0800922a   0x0800922a   0x00000002   PAD
    0x0800922c   0x0800922c   0x00000198   Code   RO         7097    x$fpl$dsqrt         fz_wm.l(dsqrt_umaal.o)
    0x080093c4   0x080093c4   0x000001d4   Code   RO         6965    x$fpl$dsub          fz_wm.l(daddsub_clz.o)
    0x08009598   0x08009598   0x00000056   Code   RO         6981    x$fpl$f2d           fz_wm.l(f2d.o)
    0x080095ee   0x080095ee   0x0000008c   Code   RO         7099    x$fpl$fnaninf       fz_wm.l(fnaninf.o)
    0x0800967a   0x0800967a   0x0000000a   Code   RO         7271    x$fpl$fpinit        fz_wm.l(fpinit.o)
    0x08009684   0x08009684   0x0000000a   Code   RO         7101    x$fpl$fretinf       fz_wm.l(fretinf.o)
    0x0800968e   0x0800968e   0x00000000   Code   RO         7103    x$fpl$usenofp       fz_wm.l(usenofp.o)
    0x0800968e   0x0800968e   0x00000002   PAD
    0x08009690   0x08009690   0x00000050   Data   RO         6986    .constdata          m_wm.l(asin.o)
    0x080096e0   0x080096e0   0x00000098   Data   RO         7012    .constdata          m_wm.l(atan.o)
    0x08009778   0x08009778   0x00000030   Data   RO         7105    .constdata          m_wm.l(cos_i.o)
    0x080097a8   0x080097a8   0x000000c8   Data   RO         7143    .constdata          m_wm.l(rred.o)
    0x08009870   0x08009870   0x00000028   Data   RO         7147    .constdata          m_wm.l(sin_i.o)
    0x08009898   0x08009898   0x00000020   Data   RO         7337    Region$$Table       anon$$obj.o


    Execution Region RW_IRAM1 (Exec base: 0x20000000, Load base: 0x080098b8, Size: 0x0000a5a0, Max: 0x00020000, ABSOLUTE, COMPRESSED[0x00000144])

    Exec Addr    Load Addr    Size         Type   Attr      Idx    E Section Name        Object

    0x20000000   COMPRESSED   0x00000010   Data   RW         2626    .data               stm32f4xx_rcc.o
    0x20000010   COMPRESSED   0x00000018   Data   RW         4724    .data               heap_4.o
    0x20000028   COMPRESSED   0x0000000c   Data   RW         4821    .data               port.o
    0x20000034   COMPRESSED   0x0000003c   Data   RW         5318    .data               tasks.o
    0x20000070   COMPRESSED   0x00000004   Data   RW         5625    .data               delay.o
    0x20000074   COMPRESSED   0x00000014   Data   RW         5902    .data               system_stm32f4xx.o
    0x20000088   COMPRESSED   0x000002b8   Data   RW         5940    .data               beep.o
    0x20000340   COMPRESSED   0x00000008   Data   RW         6034    .data               tim9.o
    0x20000348   COMPRESSED   0x00000018   Data   RW         6185    .data               app_task.o
    0x20000360   COMPRESSED   0x00000004   Data   RW         6276    .data               usart.o
    0x20000364   COMPRESSED   0x00000028   Data   RW         6465    .data               can.o
    0x2000038c   COMPRESSED   0x0000002c   Data   RW         6603    .data               bmi088.o
    0x200003b8   COMPRESSED   0x00000038   Data   RW         6758    .data               imu.o
    0x200003f0   COMPRESSED   0x00000014   Data   RW         6853    .data               gait.o
    0x20000404        -       0x00009000   Zero   RW         4723    .bss                heap_4.o
    0x20009404        -       0x000002e4   Zero   RW         5317    .bss                tasks.o
    0x200096e8        -       0x00000028   Zero   RW         6221    .bss                dr16.o
    0x20009710        -       0x0000004b   Zero   RW         6275    .bss                usart.o
    0x2000975b   COMPRESSED   0x00000001   PAD
    0x2000975c        -       0x000004e0   Zero   RW         6405    .bss                foc.o
    0x20009c3c        -       0x000001a4   Zero   RW         6464    .bss                can.o
    0x20009de0        -       0x00000090   Zero   RW         6757    .bss                imu.o
    0x20009e70        -       0x000000d0   Zero   RW         6852    .bss                gait.o
    0x20009f40        -       0x00000060   Zero   RW         7201    .bss                c_w.l(libspace.o)
    0x20009fa0        -       0x00000200   Zero   RW            2    HEAP                startup_stm32f407xx.o
    0x2000a1a0        -       0x00000400   Zero   RW            1    STACK               startup_stm32f407xx.o


==============================================================================

Image component sizes


      Code (inc. data)   RO Data    RW Data    ZI Data      Debug   Object Name

       308        158          0         24          0       1637   app_task.o
       360         26          0        696          0       3177   beep.o
      1524         52          0         44          0      10986   bmi088.o
      1718        158          0         40        420       8449   can.o
       204         18          0          4          0       1987   delay.o
       644         52          0          0         40       3440   dr16.o
      3688        218          0          0       1248       5702   foc.o
      2928        222          0         20        208       5794   gait.o
       744        168          0         24      36864      15603   heap_4.o
      2584        150          0         56        144       6921   imu.o
       190          6          0          0          0       1578   kalman.o
        64          4          0          0          0        543   laser.o
       396         38          0          0          0       1320   led.o
       148          0          0          0          0       3410   list.o
        82          4          0          0          0       5198   main.o
       180         24          0          0          0     315141   misc.o
       340         86          0          0          0       1266   move_control.o
      1162        376          0         12          0      10909   port.o
       336         18          0          0          0       1339   spi.o
        64         26        392          0       1536        868   startup_stm32f407xx.o
      1654         22          0          0          0       7668   stm32f4xx_can.o
       720         72          0          0          0       6500   stm32f4xx_dma.o
       184         16          0          0          0       2212   stm32f4xx_exti.o
       230          0          0          0          0       3561   stm32f4xx_gpio.o
        36          0          0          0          0       3215   stm32f4xx_it.o
       392         48          0         16          0       5933   stm32f4xx_rcc.o
       112          0          0          0          0       3622   stm32f4xx_spi.o
        64          4          0          0          0        656   stm32f4xx_syscfg.o
       568         48          0          0          0       8173   stm32f4xx_tim.o
       686         42          0          0          0       6315   stm32f4xx_usart.o
       340         32          0         20          0       1877   system_stm32f4xx.o
      2742        676          0         60        740      25260   tasks.o
       140         12          0          8          0       1725   tim9.o
      2652        214          0          4         75      11279   usart.o

    ----------------------------------------------------------------------
     28216       2990        424       1028      41276     493264   Object Totals
         0          0         32          0          0          0   (incl. Generated)
        32          0          0          0          1          0   (incl. Padding)

    ----------------------------------------------------------------------

      Code (inc. data)   RO Data    RW Data    ZI Data      Debug   Library Member Name

        90          0          0          0          0          0   __dczerorl2.o
         8          0          0          0          0         68   __main.o
       104          0          0          0          0         84   __printf.o
         0          0          0          0          0          0   __rtentry.o
        12          0          0          0          0          0   __rtentry2.o
         6          0          0          0          0          0   __rtentry4.o
        52          8          0          0          0          0   __scatter.o
        28          0          0          0          0          0   __scatter_zi.o
        44          0          0          0          0        108   _printf_char.o
        48          6          0          0          0         96   _printf_char_common.o
        36          4          0          0          0         80   _printf_char_file.o
         6          0          0          0          0          0   _printf_d.o
       120         16          0          0          0         92   _printf_dec.o
       178          0          0          0          0         88   _printf_intcommon.o
         0          0          0          0          0          0   _printf_percent.o
         4          0          0          0          0          0   _printf_percent_end.o
         6          0          0          0          0          0   _printf_s.o
        82          0          0          0          0         80   _printf_str.o
        22          0          0          0          0        100   _rserrno.o
        18          0          0          0          0         80   exit.o
         8          0          0          0          0         68   ferror.o
         6          0          0          0          0        152   heapauxi.o
         2          0          0          0          0          0   libinit.o
         6          0          0          0          0          0   libinit2.o
         2          0          0          0          0          0   libshutdown.o
         2          0          0          0          0          0   libshutdown2.o
         8          4          0          0         96         68   libspace.o
        24          4          0          0          0         84   noretval__2printf.o
         8          4          0          0          0         68   rt_errno_addr_intlibspace.o
         2          0          0          0          0          0   rtexit.o
        10          0          0          0          0          0   rtexit2.o
        74          0          0          0          0         80   sys_stackheap_outer.o
         2          0          0          0          0         68   use_no_semi.o
         2          0          0          0          0         68   use_no_semi_2.o
        24          0          0          0          0        164   basic.o
        98          4          0          0          0        140   d2f.o
       826         16          0          0          0        492   daddsub_clz.o
        24          0          0          0          0        116   dcmpi.o
       688        140          0          0          0        256   ddiv.o
       120          4          0          0          0        140   deqf.o
        94          4          0          0          0        140   dfix.o
        84          0          0          0          0        232   dflt_clz.o
       120          4          0          0          0        140   dleqf.o
       340         12          0          0          0        152   dmul.o
       156          4          0          0          0        140   dnaninf.o
        12          0          0          0          0        116   dretinf.o
       108          0          0          0          0        128   drleqf.o
       408         56          0          0          0        168   dsqrt_umaal.o
        86          4          0          0          0        132   f2d.o
       140          4          0          0          0        132   fnaninf.o
        10          0          0          0          0        116   fpinit.o
        10          0          0          0          0        116   fretinf.o
         0          0          0          0          0          0   usenofp.o
       864         94         80          0          0        280   asin.o
       300         42          0          0          0        176   asinf.o
       728        106        152          0          0        228   atan.o
       684         90          0          0          0        208   atan2f.o
       200         20          0          0          0        164   cos.o
       368         46         48          0          0        200   cos_i.o
        84         16          0          0          0        372   dunder.o
        44          0          0          0          0        248   fabs.o
        48          0          0          0          0        124   fpclassify.o
        38          0          0          0          0        116   fpclassifyf.o
        44         12          0          0          0        464   funder.o
       248          0          0          0          0        152   poly.o
      1080        142        200          0          0        188   rred.o
       200         20          0          0          0        164   sin.o
       304         24         40          0          0        208   sin_i.o
       232          0          0          0          0        296   sqrt.o
        62          0          0          0          0        136   sqrtf.o

    ----------------------------------------------------------------------
      9936        918        520          0         96       8276   Library Totals
        40          8          0          0          0          0   (incl. Padding)

    ----------------------------------------------------------------------

      Code (inc. data)   RO Data    RW Data    ZI Data      Debug   Library Name

      1020         46          0          0         96       1532   c_w.l
      3348        252          0          0          0       3020   fz_wm.l
      5528        612        520          0          0       3724   m_wm.l

    ----------------------------------------------------------------------
      9936        918        520          0         96       8276   Library Totals

    ----------------------------------------------------------------------

==============================================================================


      Code (inc. data)   RO Data    RW Data    ZI Data      Debug   

     38152       3908        944       1028      41372     479312   Grand Totals
     38152       3908        944        324      41372     479312   ELF Image Totals (compressed)
     38152       3908        944        324          0          0   ROM Totals

==============================================================================

    Total RO  Size (Code + RO Data)                39096 (  38.18kB)
    Total RW  Size (RW Data + ZI Data)             42400 (  41.41kB)
    Total ROM Size (Code + RO Data + RW Data)      39420 (  38.50kB)

==============================================================================

