<html>
<body>
<pre>
<h1>µVision Build Log</h1>
<h2>Tool Versions:</h2>
IDE-Version: ¦ÌVision V5.36.0.0
Copyright (C) 2021 ARM Ltd and ARM Germany GmbH. All rights reserved.
License Information: 1 DELL, 1, LIC=D0D7S-LS89J-VEJHA-1FIT7-U2XWC-XTLJP
 
Tool Versions:
Toolchain:       MDK-ARM Plus  Version: 5.36.0.0
Toolchain Path:  D:\Profession Software\MDK5\ARM\ARMCC\Bin
C Compiler:      Armcc.exe V5.06 update 7 (build 960)
Assembler:       Armasm.exe V5.06 update 7 (build 960)
Linker/Locator:  ArmLink.exe V5.06 update 7 (build 960)
Library Manager: ArmAr.exe V5.06 update 7 (build 960)
Hex Converter:   FromElf.exe V5.06 update 7 (build 960)
CPU DLL:         SARMCM3.DLL V5.36.0.0
Dialog DLL:      DCM.DLL V1.17.3.0
Target DLL:      STLink\ST-LINKIII-KEIL_SWO.dll V3.0.9.0
Dialog DLL:      TCM.DLL V1.53.0.0
 
<h2>Project:</h2>
D:\PROJECT\Wheel-leg robot\3D_DOG\Project_Dog(5) - ÈÆÈ¦¶¯Ì¬\USER\small_dog_THJ.uvprojx
Project File Date:  07/05/2022

<h2>Output:</h2>
*** Using Compiler 'V5.06 update 7 (build 960)', folder: 'D:\Profession Software\MDK5\ARM\ARMCC\Bin'
Build target 'SMALL_DOG'
assembling startup_stm32f427_437xx.s...
compiling stm32f4xx_crc.c...
compiling misc.c...
compiling stm32f4xx_dcmi.c...
compiling stm32f4xx_dbgmcu.c...
compiling stm32f4xx_cryp.c...
compiling stm32f4xx_dac.c...
compiling stm32f4xx_adc.c...
compiling stm32f4xx_cryp_tdes.c...
compiling stm32f4xx_dma.c...
compiling stm32f4xx_cryp_des.c...
compiling stm32f4xx_can.c...
compiling stm32f4xx_cryp_aes.c...
compiling stm32f4xx_flash_ramfunc.c...
compiling stm32f4xx_flash.c...
compiling stm32f4xx_hash_md5.c...
compiling stm32f4xx_dma2d.c...
compiling stm32f4xx_exti.c...
compiling stm32f4xx_iwdg.c...
compiling stm32f4xx_hash.c...
compiling stm32f4xx_hash_sha1.c...
compiling stm32f4xx_fmc.c...
compiling stm32f4xx_gpio.c...
compiling stm32f4xx_i2c.c...
compiling stm32f4xx_ltdc.c...
compiling stm32f4xx_sai.c...
compiling stm32f4xx_usart.c...
compiling stm32f4xx_syscfg.c...
compiling stm32f4xx_rcc.c...
compiling stm32f4xx_pwr.c...
compiling stm32f4xx_rng.c...
compiling stm32f4xx_wwdg.c...
compiling stm32f4xx_sdio.c...
compiling stm32f4xx_spi.c...
compiling heap_4.c...
compiling stm32f4xx_tim.c...
compiling stm32f4xx_rtc.c...
compiling sys.c...
compiling croutine.c...
compiling port.c...
compiling timers.c...
compiling system_stm32f4xx.c...
compiling list.c...
compiling event_groups.c...
compiling delay.c...
compiling stm32f4xx_it.c...
compiling queue.c...
compiling main.c...
compiling tasks.c...
compiling BEEP.c...
compiling Laser.c...
compiling spi.c...
compiling FLASH.c...
compiling tim9.c...
compiling vf.c...
compiling LED.c...
compiling APP_task.c...
compiling kalman.c...
compiling DR16.c...
compiling USART.c...
compiling imu.c...
compiling Steering.c...
compiling move_control.c...
linking...
Program Size: Code=27896 RO-data=1008 RW-data=288 ZI-data=39632  
".\Objects\small_dog_THJ.axf" - 0 Error(s), 0 Warning(s).

<h2>Software Packages used:</h2>

Package Vendor: Keil
                http://www.keil.com/pack/Keil.STM32F4xx_DFP.2.13.0.pack
                Keil.STM32F4xx_DFP.2.13.0
                STMicroelectronics STM32F4 Series Device Support, Drivers and Examples

<h2>Collection of Component include folders:</h2>
  D:\Profession Software\MDK5\Keil\STM32F4xx_DFP\2.13.0\Drivers\CMSIS\Device\ST\STM32F4xx\Include

<h2>Collection of Component Files used:</h2>
Build Time Elapsed:  00:00:10
</pre>
</body>
</html>
