<html>
<body>
<pre>
<h1>礦ision Build Log</h1>
<h2>Tool Versions:</h2>
IDE-Version: μVision V5.36.0.0
Copyright (C) 2021 ARM Ltd and ARM Germany GmbH. All rights reserved.
License Information: 1 DELL, 1, LIC=D0D7S-LS89J-VEJHA-1FIT7-U2XWC-XTLJP
 
Tool Versions:
Toolchain:       MDK-ARM Plus  Version: 5.36.0.0
Toolchain Path:  D:\Profession Software\MDK5\ARM\ARMCC\Bin
C Compiler:      Armcc.exe V5.06 update 7 (build 960)
Assembler:       Armasm.exe V5.06 update 7 (build 960)
Linker/Locator:  ArmLink.exe V5.06 update 7 (build 960)
Library Manager: ArmAr.exe V5.06 update 7 (build 960)
Hex Converter:   FromElf.exe V5.06 update 7 (build 960)
CPU DLL:         SARMCM3.DLL V5.36.0.0
Dialog DLL:      DCM.DLL V1.17.3.0
Target DLL:      UL2CM3.DLL V1.164.0.0
Dialog DLL:      TCM.DLL V1.53.0.0
 
<h2>Project:</h2>
D:\PROJECT\Wheel-leg robot\BIG_DOG\Big_Dog（34）-\USER\big_dog_THJ.uvprojx
Project File Date:  07/02/2024

<h2>Output:</h2>
*** Using Compiler 'V5.06 update 7 (build 960)', folder: 'D:\Profession Software\MDK5\ARM\ARMCC\Bin'
Build target 'SMALL_DOG'
assembling startup_stm32f407xx.s...
compiling stm32f4xx_cryp_des.c...
compiling stm32f4xx_crc.c...
compiling misc.c...
compiling stm32f4xx_dma.c...
compiling stm32f4xx_adc.c...
compiling stm32f4xx_dac.c...
compiling stm32f4xx_dcmi.c...
compiling stm32f4xx_dbgmcu.c...
compiling stm32f4xx_cryp_tdes.c...
compiling stm32f4xx_cryp.c...
compiling stm32f4xx_can.c...
compiling stm32f4xx_cryp_aes.c...
compiling stm32f4xx_flash_ramfunc.c...
compiling stm32f4xx_hash_md5.c...
compiling stm32f4xx_dma2d.c...
compiling stm32f4xx_iwdg.c...
compiling stm32f4xx_exti.c...
compiling stm32f4xx_hash_sha1.c...
compiling stm32f4xx_i2c.c...
compiling stm32f4xx_hash.c...
compiling stm32f4xx_gpio.c...
compiling stm32f4xx_pwr.c...
compiling stm32f4xx_flash.c...
compiling stm32f4xx_ltdc.c...
compiling stm32f4xx_syscfg.c...
compiling stm32f4xx_sdio.c...
compiling stm32f4xx_rng.c...
compiling stm32f4xx_usart.c...
compiling stm32f4xx_sai.c...
compiling stm32f4xx_rcc.c...
compiling stm32f4xx_spi.c...
compiling stm32f4xx_wwdg.c...
compiling stm32f4xx_rtc.c...
compiling port.c...
compiling heap_4.c...
compiling stm32f4xx_tim.c...
compiling sys.c...
compiling BEEP.c...
compiling croutine.c...
compiling timers.c...
compiling Laser.c...
compiling list.c...
compiling delay.c...
compiling system_stm32f4xx.c...
compiling event_groups.c...
compiling stm32f4xx_it.c...
compiling queue.c...
compiling tasks.c...
compiling spi.c...
compiling tim9.c...
compiling APP_task.c...
compiling kalman.c...
compiling LED.c...
compiling Steering.c...
compiling DR16.c...
compiling CAN.c...
compiling foc.c...
compiling i2c.c...
compiling USART.c...
..\HARDWORK\USART.c(244): warning:  #1035-D: single-precision operand implicitly converted to double-precision
  	 if(Joint_Motor_Data->send.send_Position>1.5) Joint_Motor_Data->send.send_Position=1.5;
..\HARDWORK\USART.c: 1 warning, 0 errors
compiling BMI088.c...
compiling ist8310.c...
compiling imu.c...
compiling move_control.c...
compiling gait.c...
..\HARDWORK\gait.c(202): warning:  #177-D: variable "deta_distance_2"  was declared but never referenced
    double deta_distance_2=0;//真实足端坐标与目标坐标的距离的平方
..\HARDWORK\gait.c(533): warning:  #1035-D: single-precision operand implicitly converted to double-precision
  			 Leg_Data->Leg_X =step_lenght/2/pi*(fai-sin(fai))+Leg_Data->FOOT_x;
..\HARDWORK\gait.c(627): warning:  #1035-D: single-precision operand implicitly converted to double-precision
  		 Leg_Data_Follow->Leg_X =step_lenght_follow/2/pi*(fai_follow-sin(fai_follow))+Leg_Data_Follow->FOOT_x ;
..\HARDWORK\gait.c: 3 warnings, 0 errors
linking...
Program Size: Code=38152 RO-data=944 RW-data=1028 ZI-data=41372  
".\Objects\small_dog_THJ.axf" - 0 Error(s), 4 Warning(s).

<h2>Software Packages used:</h2>

Package Vendor: Keil
                https://www.keil.com/pack/Keil.STM32F4xx_DFP.2.17.0.pack
                Keil.STM32F4xx_DFP.2.17.0
                STMicroelectronics STM32F4 Series Device Support, Drivers and Examples

<h2>Collection of Component include folders:</h2>
  D:\Profession Software\MDK5\Keil\STM32F4xx_DFP\2.17.0\Drivers\CMSIS\Device\ST\STM32F4xx\Include

<h2>Collection of Component Files used:</h2>
Build Time Elapsed:  00:00:08
</pre>
</body>
</html>
