<html>
<body>
<pre>
<h1>µVision Build Log</h1>
<h2>Tool Versions:</h2>
IDE-Version: ¦ÌVision V5.36.0.0
Copyright (C) 2021 ARM Ltd and ARM Germany GmbH. All rights reserved.
License Information: 1 DELL, 1, LIC=D0D7S-LS89J-VEJHA-1FIT7-U2XWC-XTLJP
 
Tool Versions:
Toolchain:       MDK-ARM Plus  Version: 5.36.0.0
Toolchain Path:  D:\Profession Software\MDK5\ARM\ARMCC\Bin
C Compiler:      Armcc.exe V5.06 update 7 (build 960)
Assembler:       Armasm.exe V5.06 update 7 (build 960)
Linker/Locator:  ArmLink.exe V5.06 update 7 (build 960)
Library Manager: ArmAr.exe V5.06 update 7 (build 960)
Hex Converter:   FromElf.exe V5.06 update 7 (build 960)
CPU DLL:         SARMCM3.DLL V5.36.0.0
Dialog DLL:      DCM.DLL V1.17.3.0
Target DLL:      Segger\JL2CM3.dll V2.99.40.0
Dialog DLL:      TCM.DLL V1.53.0.0
 
<h2>Project:</h2>
D:\PROJECT\Wheel-leg robot\BIG_DOG\F407µç»ú¿ØÖÆ£¨6£©-\USER\STM32F407.uvprojx
Project File Date:  05/15/2022

<h2>Output:</h2>
*** Using Compiler 'V5.06 update 7 (build 960)', folder: 'D:\Profession Software\MDK5\ARM\ARMCC\Bin'
Build target 'STM32F407'
compiling FOC.c...
..\HARDWORK\FOC.c(538): warning:  #223-D: function "fabs" declared implicitly
  	if ( fabs(PID->CurrentError)< PID->ErrorIgnored )  PID->CurrentError = 0;
..\HARDWORK\FOC.c(560): warning:  #223-D: function "fabs" declared implicitly
  	if ( (fabs( PID->PIDout - PID->PIDOutLast)>3000)  && (fabs(Current_Speed) !=0) )    
..\HARDWORK\FOC.c: 2 warnings, 0 errors
linking...
Program Size: Code=17124 RO-data=424 RW-data=144 ZI-data=3864  
".\Objects\DELIVERCAR.axf" - 0 Error(s), 2 Warning(s).

<h2>Software Packages used:</h2>

Package Vendor: Keil
                http://www.keil.com/pack/Keil.STM32F4xx_DFP.2.13.0.pack
                Keil.STM32F4xx_DFP.2.13.0
                STMicroelectronics STM32F4 Series Device Support, Drivers and Examples

<h2>Collection of Component include folders:</h2>
  D:\Profession Software\MDK5\Keil\STM32F4xx_DFP\2.13.0\Drivers\CMSIS\Device\ST\STM32F4xx\Include

<h2>Collection of Component Files used:</h2>
Build Time Elapsed:  00:00:02
</pre>
</body>
</html>
